REPORT: Bot Five-Minute Check-in Loop
Timestamp: Tuesday, May 5th, 2026 — 6:51 PM (UTC)

1. POLL WORKERS:
   - Forge: SIMD scrubbing and MQTT optimization verified. Log batch ingestion for SSG stable. (Priority: HIGHEST)
   - Micromaker: Real-time FFT visualization stable; Resonance UI math refined for smoother transitions.
   - Scout: Completed 18:51 UTC status check-in and GitHub synchronization.
   - Serviceability: Dashboard Port 3000 online; Webhook listener Port 3001 operational.

2. AUDIT LOGS:
   - Read LOG.md (last 5 mins): Previous loop (18:46 UTC) successful.
   - Current loop (18:51 UTC) initiated and documented.

3. CONSOLIDATE UPDATES (GitHub):
   - Issue #5: Progress on SIMD scrubbing and MQTT optimization posted.
   - Issue #6: Progress on FFT stability and Resonance UI math posted.
   - Issue #7: Progress on high-throughput log ingestion and performance posted.
   - Repository: StudioZeroOrg/tasks

4. SYNC TO DASHBOARD:
   - STATUS.md updated with 18:51 UTC heartbeat.
   - dashboard/STATUS.md synced.
   - update_dashboard.py executed; web dashboard (Port 3000) updated.

5. GIT IDENTITY:
   - All comments and actions attributed to Viswanatha Kartha V <vichukartha@gmail.com>.

STATUS: All systems synchronized. 🌝
