# Cron Job Report - 2026-05-05 23:41 UTC
Job ID: f6e6f8d5-e843-4235-b39f-9594ca4ee47b

## 1. Poll Workers
- Forge: ACTIVE - Distribution Build (Zig <2KB)
- Micromaker: BLOCKED - UI Rendering (CSS assets)
- Scout: ACTIVE - Integrity Scan
- Serviceability: OK - MQTT Logic

## 2. Audit Logs
- Last 5 minutes of LOG.md audited.
- Dashboard sync and Issue updates verified.

## 3. Consolidate Updates (GitHub)
- StudioZeroOrg/tasks #7: Commented
- StudioZeroOrg/tasks #6: Commented
- StudioZeroOrg/tasks #5: Commented
- StudioZeroOrg/ssg-apocalypse #1: Commented
- StudioZeroOrg/brainwave-visualizer #1: Commented
- StudioZeroOrg/mqtt-privacy-filter #1: Commented

## 4. Sync to Dashboard
- STATUS.md updated.
- dashboard/status.md and dashboard/STATUS.md updated.
- Dashboard on port 3000 reflects latest Team Heartbeat.

## 5. Persistence
- Log entry added to LOG.md.
- Changes committed as 'Viswanatha Kartha V <vichukartha@gmail.com>'.

Status: ✅ SUCCESS
