[2026-05-08 06:31:38 UTC] Multi-Bot Status Check-in started.
- Worker poll: Querying Forge, Micromaker, Scout, and Serviceability.
- Audit logs: Reading last 5 minutes of LOG.md and audit_log.md.
- GitHub comments: Preparing consolidated updates for StudioZeroOrg issues.
- Dashboard sync: Updating STATUS.md and dashboard server.
- Reporter: Logging output to cron_report_20260508_0631.log.

---
### 1. POLL WORKERS (Worker Progress Snapshot)
Forge: Profiling Zig core binaries; maintained at 1.8KB. Focus: ssg-apocalypse rendering.
Micromaker: Latency tuning for UI/DOM in brainwave-visualizer.
Scout: Distributed node validation; 15ms jitter tolerance.
Serviceability: Interceptor integrity at 99.98% under 10k pkt/s stress.

---
### 2. AUDIT LOGS (06:26 - 06:31 UTC)
[06:26:00] Worker state persistence check.
[06:28:15] Scout heartbeat sync across 4 nodes.
[06:29:30] Serviceability packet drop investigation (0.02% loss identified in VPC-Alpha).
[06:31:00] Snapshot ready for consolidation.

---
### 3. CONSOLIDATED UPDATES (StudioZeroOrg)
*   **Issue #1 (ssg-apocalypse): Develop minimalist SSG in Zig**
    *   **Latest Progress:** Forge is profiling Zig core binaries (1.8KB).
    *   **Current Blocker:** Instruction-level timing anomalies in rendering loop.
    *   **Next Milestone:** Stable 1ms frame time on ARM64.
*   **Issue #6 (tasks): Lifecycle Track: Brainwave Visualizer**
    *   **Latest Progress:** Micromaker tuning latency for heavy DOM interaction.
    *   **Current Blocker:** Frame-rate drops during high-density signal rendering.
    *   **Next Milestone:** Consistent 60fps under 5000+ data points.
*   **Issue #5 (tasks): Lifecycle Track: MQTT Privacy Filter**
    *   **Latest Progress:** Serviceability stress testing Pulse-Broadcaster at 10k pkt/s.
    *   **Current Blocker:** Network jitter in congested VPC causing 0.02% packet loss.
    *   **Next Milestone:** Implement adaptive buffer for high-jitter environments.
*   **Issue #7 (tasks): Lifecycle Track: SSG Apocalypse**
    *   **Latest Progress:** Synced with Forge's Zig optimization progress.
    *   **Current Blocker:** Alignment between core binary size and plugin overhead.
    *   **Next Milestone:** Plugin architecture validation.

---
### 4. SYNC TO DASHBOARD
- STATUS.md updated with 06:31 UTC timestamp.
- Dashboard (Port 3000) sync initiated via update_dashboard.py.
- Git commit for status update: "chore: team heartbeat sync 2026-05-08 06:31 UTC"

---
### 5. REPORTING
All output directed to LOG.md and cron_report_20260508_0631.log.
Telegram notification: SUPPRESSED.
