[2026-05-05 22:11:00 UTC] Multi-Bot Status Check-in Report

1. POLL WORKERS:
   - Forge: Benchmarks finalized for ssg.zig. Binary size < 2KB. Focus: Distribution build.
   - Micromaker: Rendering optimizations ongoing. Blocker: CSS asset review.
   - Scout: Repo scanning complete. No regressions.
   - Serviceability: MQTT filter logic stable.

2. AUDIT LOGS:
   - Verified 22:06 UTC success.
   - Current run status: Success.

3. GITHUB ISSUE UPDATES (StudioZeroOrg/tasks):
   - Issue #7: Commented with Latest Progress on Forge.
   - Issue #6: Commented with Latest Progress on Micromaker.
   - Issue #5: Commented with Latest Progress on Serviceability.
   - Issue #4: Commented with Loop Maintenance status.

4. DASHBOARD SYNC:
   - STATUS.md updated with 22:11 UTC heartbeat.
   - dashboard/index.html updated via update_dashboard.py.

5. IDENTITY:
   - All actions performed under Viswanatha Kartha V <vichukartha@gmail.com>.

STATUS: COMPLETE
