# Multi-Bot Status Check-in - 01:41 UTC

## 1. Poll Workers
- Forge: ACTIVE (Zig SSG Core)
- Micromaker: BLOCKED (CSS Assets)
- Scout: ACTIVE (Integrity Scan)
- Serviceability: OK (MQTT Filter)

## 2. Audit Logs
- Last 5 minutes of LOG.md audited.
- Manager activity confirmed for 01:41 UTC.

## 3. Consolidate Updates (GitHub)
- StudioZeroOrg/tasks #7: Commented
- StudioZeroOrg/tasks #6: Commented
- StudioZeroOrg/tasks #5: Commented
- StudioZeroOrg/tasks #4: Commented
- ssg-apocalypse #1: Commented
- brainwave-visualizer #1: Commented
- mqtt-privacy-filter #1: Commented

## 4. Sync to Dashboard
- STATUS.md updated.
- dashboard/STATUS.md updated.
- dashboard/status.md updated.

## 5. Git Status
- Identity: Viswanatha Kartha V <vichukartha@gmail.com>
