# Multi-Bot Status Check-in: 2026-05-06 00:56 UTC

## 1. Poll Workers
- **Forge**: Active. Refining SSG core (Zig). Binary <2KB target. Metadata schema verified.
- **Micromaker**: Blocked (CSS assets). Visualizer logic optimized.
- **Scout**: Active. Integrity scan complete across StudioZeroOrg.
- **Serviceability**: OK. Stable MQTT filtering. Preparing edge tests.

## 2. Audit Logs
- Reviewed LOG.md entries up to 00:51 UTC.
- Recent cycle (00:51) was successful.

## 3. GitHub Updates
- StudioZeroOrg/tasks #7 (SSG Apocalypse): Updated with Forge progress.
- StudioZeroOrg/tasks #6 (Brainwave Visualizer): Updated with Micromaker status.
- StudioZeroOrg/tasks #5 (MQTT Privacy Filter): Updated with Serviceability status.
- StudioZeroOrg/tasks #4 (Status Dashboard): Updated with Scout status.

## 4. Dashboard Sync
- STATUS.md updated with 00:56 UTC heartbeat summary.
- dashboard/index.html rebuilt via update_dashboard.py.

## 5. Persistence
- Changes committed to git with identity: Viswanatha Kartha V <vichukartha@gmail.com>
- LOG.md appended with 00:56 UTC success entry.
