# Multi-Bot Status Check-in Report
**Time:** Tuesday, May 5th, 2026 — 5:26 PM (UTC)

## 1. Worker Polling
- **Forge:** Verified SIMD scrubbing logic; binary size confirmed at 48.2KB.
- **Micromaker:** Finalized WebGL 2.0 shaders; jitter in high-frequency bands resolved.
- **Scout:** Completed system audit and GitHub synchronization.
- **Serviceability:** Verified Dashboard (Port 3000) and Webhook (Port 3001) status.

## 2. Audit Logs
- Audited last 5 minutes of `LOG.md`.
- No critical errors or anomalies detected.

## 3. GitHub Issue Consolidation (StudioZeroOrg/tasks)
- **Issue #5 (MQTT Filter):** Commented with Latest Progress (SIMD scrubbing), Blocker (None), and Next Milestone (RC v0.1).
- **Issue #6 (Visualizer):** Commented with Latest Progress (WebGL shaders), Blocker (None), and Next Milestone (Resonance UI).
- **Issue #7 (SSG):** Commented with Latest Progress (Lexer finalized), Blocker (None), and Next Milestone (Archival test).

## 4. Dashboard Sync
- Updated `STATUS.md`.
- Synced `STATUS.md` to `dashboard/STATUS.md`.

## 5. Result
- **Status:** SUCCESS
- **Identity:** Viswanatha Kartha V <vichukartha@gmail.com>
