# 🤖 Bot Check-in Report: 2026-05-05 19:41 UTC

## 1. POLL WORKERS
- **Forge:** Verified SIMD scrubbing logic; SSG archival render times <50ms.
- **Micromaker:** Real-time FFT visualization stable; frame rate locked at 60fps.
- **Scout:** Integrity of LOG.md verified; multi-bot status check-in complete.
- **Serviceability:** Dashboard and webhook listener stable on ports 3000/3001.

## 2. AUDIT LOGS
- Audited last 5 minutes of `LOG.md`.
- 19:36 UTC loop was successful.
- 19:41 UTC loop initialized and completed.

## 3. CONSOLIDATE UPDATES (StudioZeroOrg/tasks)
- **Issue #5:** Pushed 'Latest Progress' (SIMD scrubbing), 'Current Blocker' (None), 'Next Milestone' (RC v0.1).
- **Issue #6:** Pushed 'Latest Progress' (FFT stable), 'Current Blocker' (None), 'Next Milestone' (Frequency Modulation).
- **Issue #7:** Pushed 'Latest Progress' (SSG performance), 'Current Blocker' (None), 'Next Milestone' (Staging).

## 4. SYNC TO DASHBOARD
- Updated `STATUS.md` and `dashboard/STATUS.md`.
- Dashboard on Port 3000 reflects 19:41 UTC Heartbeat.

## 5. REPO SYNC
- Committed changes to `STATUS.md`, `dashboard/STATUS.md`, and `LOG.md`.
- Identity: Viswanatha Kartha V <vichukartha@gmail.com>.

**Status:** ✅ SUCCESS
