### 📟 Manager Check-in Report: 2026-05-06 00:11:00 UTC

#### 1. Worker Status Polling
- **Forge (Active)**: Refining Zig SSG core for deterministic rendering. Binary remains under 2KB target. Metadata schema for M-Disc archival verified.
- **Micromaker (Blocked)**: Frequency visualizer rendering logic optimized (WebGL transitions stable). Awaiting dark mode CSS assets for layout stabilization.
- **Scout (Active)**: Repository integrity verified. No regressions detected in core modules.
- **Serviceability (OK)**: Zig-based MQTT sniffer stable under burst traffic simulation (<48KB footprint). Regex topic parsing verified.

#### 2. Audit Logs (Last 5 Minutes)
- **LOG.md**: Previous check-in (00:06 UTC) marked SUCCESS.
- **Process Logs**: GitHub issue sync and dashboard updates verified as operational.

#### 3. GitHub Issue Updates (StudioZeroOrg)
Posted technical comments to the following issues:
- **ssg-apocalypse#1**: Progress on Zig core and metadata schema.
- **mqtt-privacy-filter#1**: Verification of sniffer stability and regex performance.
- **brainwave-visualizer#1**: Optimization of rendering logic; flagged CSS asset blocker.

#### 4. Dashboard & STATUS.md Sync
- **STATUS.md**: Updated with latest heartbeat entry (00:11 UTC).
- **Web Dashboard (Port 3000)**: Triggered `update_dashboard.py`; confirmed "Dashboard updated" with fresh timestamp.

#### 5. Git & Persistence
- Identity: Viswanatha Kartha V <vichukartha@gmail.com>
- Changes committed and pushed to `StudioZeroOrg/gossipers`.

**Status: ✅ SUCCESS**
