CRON JOB: Bot Five-Minute Check-in Loop
TIMESTAMP: 2026-02-15 02:11:00 UTC

1. POLL WORKERS:
   - Forge: SIMD packet scrubber fuzzing complete, 48.2KB binary.
   - Micromaker: WebGL 2.0 migration stable, frequency mapping shaders active.
   - Scout: Audit of LOG.md and issue sync status complete.
   - Serviceability: Dashboard stable, memory leak patched.

2. AUDIT LOGS:
   - Read last 5 minutes of LOG.md. Previous 02:06 loop verified.

3. CONSOLIDATE UPDATES (GitHub Issues #5, #6, #7):
   - Comments posted with 'Latest Progress', 'Current Blocker', and 'Next Milestone'.
   - URLs:
     - #5: https://github.com/StudioZeroOrg/tasks/issues/5#issuecomment-3903029026
     - #6: https://github.com/StudioZeroOrg/tasks/issues/6#issuecomment-3903029041
     - #7: https://github.com/StudioZeroOrg/tasks/issues/7#issuecomment-3903029057

4. SYNC TO DASHBOARD:
   - STATUS.md updated with 02:11 AM UTC heartbeat.
   - update_dashboard.py executed to refresh port 3000.

5. REPORT:
   - Output logged to this file only. No Telegram messages sent.
   - Git identity enforced: Viswanatha Kartha V <vichukartha@gmail.com>

STATUS: ALL SYSTEMS SYNCHRONIZED.
