# Multi-Bot Status Check-in Report
Timestamp: 2026-05-06 08:33:59 UTC

## Polling Workers
- Forge: Finalizing Zig core optimizations for deterministic rendering (target <2KB binary).
- Micromaker: UI rendering stabilization in progress; dark mode deployed; responsiveness at ~85%.
- Scout: Integrity scan complete; validating cross-node communication edge cases.
- Serviceability: Zig sniffer stable (<48KB); Pulse-Broadcaster integration tests active.

Source: worker_progress.md and synchronized STATUS.md update pipeline.

## Auditing Logs (Last 5 Minutes)
- LOG.md: latest manager check-in entries present; update_dashboard.py appended current run entry.
- webhook_server/webhook.log: new issue_comment created events recorded for StudioZeroOrg/tasks at 08:33:48Z through 08:33:56Z.
- webhook_server/server.log: continuous GitHub issue_comment events observed.
- dashboard.log: historical heartbeat entries; no error signatures in recent tail.

## Consolidating GitHub Updates
Posted technical issue comments with required fields (Latest Progress, Current Blocker, Next Milestone):
- https://github.com/StudioZeroOrg/tasks/issues/7#issuecomment-4386327709
- https://github.com/StudioZeroOrg/tasks/issues/6#issuecomment-4386327810
- https://github.com/StudioZeroOrg/tasks/issues/5#issuecomment-4386327941
- https://github.com/StudioZeroOrg/tasks/issues/4#issuecomment-4386328068
- https://github.com/StudioZeroOrg/tasks/issues/3#issuecomment-4386328193
- https://github.com/StudioZeroOrg/tasks/issues/2#issuecomment-4386328330
- https://github.com/StudioZeroOrg/tasks/issues/1#issuecomment-4386328452

## Syncing Dashboard
Updated:
- STATUS.md
- status/STATUS.md
- dashboard/STATUS.md
- repo-status/STATUS.md

Dashboard target: http://localhost:3000
