### Multi-Bot Status Check-in: 00:16 UTC
**Date**: Wednesday, May 6th, 2026

**1. Worker Sync (POLL WORKERS)**:
- **Forge**: Active on `ssg-apocalypse`. Refining Zig core for <2KB binary. Metadata verified.
- **Micromaker**: Blocked on CSS assets for `brainwave-visualizer`. Rendering logic optimized.
- **Scout**: Integrity scan complete across all org repos. No issues detected.
- **Serviceability**: MQTT filtering stable. Preparing for Pulse-Broadcaster edge tests.

**2. Audit Logs**:
- Read `LOG.md`. Previous entries show consistent success in worker sync and issue updates.
- Internal status updated to 00:16 UTC.

**3. GitHub Sync (CONSOLIDATE UPDATES)**:
- Posted progress/blocker/milestone comments to:
  - `ssg-apocalypse#1`
  - `brainwave-visualizer#1`
  - `mqtt-privacy-filter#1`
  - `tasks#7, #6, #5`

**4. Dashboard Sync**:
- `STATUS.md` updated and committed (Authored by Viswanatha Kartha V).
- `update_dashboard.py` executed successfully.

**Status**: ✅ SUCCESS
