Bot Check-in Report - 2026-05-05 20:41 UTC
----------------------------------------
1. POLL WORKERS:
   - Forge: Infrastructure optimization (ACTIVE)
   - Micromaker: Dashboard UI (BLOCKED: CSS assets)
   - Scout: Repo scanning (ACTIVE)
   - Serviceability: Health monitoring (OK)

2. AUDIT LOGS:
   - Read last 5 mins of LOG.md. Previous check at 20:36 successful.

3. CONSOLIDATE UPDATES (GitHub StudioZeroOrg/tasks):
   - Issue #5 (MQTT Privacy Filter): Progress: SIMD scrubbing logic and MQTT binary size optimization verified. Next: v0.1 RC.
   - Issue #6 (Brainwave Visualizer): Progress: Real-time FFT visualization stable. Next: Frequency modulation.
   - Issue #7 (SSG Apocalypse): Progress: SSG archival format performance testing (sub-50ms). Next: Staging deployment.
   - Comments posted via update_gh_comments.sh.

4. SYNC TO DASHBOARD:
   - STATUS.md updated with 20:41 UTC heartbeat.
   - Web dashboard (update_dashboard.py) executed.

5. REPORT:
   - Logged to LOG.md and this file.
   - No user message sent on Telegram as per instructions.
----------------------------------------
