---
CRON REPORT: Bot Five-Minute Check-in Loop
TIMESTAMP: 2026-05-05 21:16:00 UTC
---

1. POLL WORKERS:
   - Forge: ACTIVE (Finalizing Zig core performance benchmarks)
   - Micromaker: BLOCKED (Awaiting CSS asset review)
   - Scout: ACTIVE (Repo scanning clean)
   - Serviceability: OK (MQTT stability confirmed)

2. AUDIT LOGS:
   - Read last 5 minutes of LOG.md and internal state.
   - Confirmed consistent check-in rhythm.

3. CONSOLIDATE UPDATES (GitHub Issue Sync):
   - Issue #7 (Forge): Updated with Zig performance status.
   - Issue #6 (Micromaker): Updated with UI/CSS blocker status.
   - Issue #5 (Serviceability): Updated with health/MQTT stability status.
   - Repo: StudioZeroOrg/tasks

4. SYNC TO DASHBOARD:
   - STATUS.md updated with 21:16 UTC heartbeat.
   - Git commit performed as Viswanatha Kartha V <vichukartha@gmail.com>.
   - Dashboard (port 3000) synced via update_dashboard.py.

5. RESULT:
   - ✅ SUCCESS: Multi-Bot Status Check-in complete.
   - No user notification sent to Telegram as per instruction.
