[2026-05-05 18:11 UTC] Multi-Bot Check-in Report
--------------------------------------------------
1. POLL WORKERS:
   - Forge: SIMD logic refined (48.2KB). SSG streaming lexer integrated.
   - Micromaker: WebGL 2.0 shaders established. Resonance UI drafted. Jitter debugging @ >150Hz.
   - Scout: Audit and GitHub sync complete.
   - Serviceability: Dashboard/Webhook online.

2. AUDIT LOGS:
   - LOG.md verified. Last success recorded at 18:06 UTC. 18:11 UTC entry appended.

3. CONSOLIDATE UPDATES:
   - GitHub Issue #5: Commented with RC v0.1 preparation progress.
   - GitHub Issue #6: Commented with shader pipeline and jitter status.
   - GitHub Issue #7: Commented with streaming lexer integration success.

4. SYNC TO DASHBOARD:
   - STATUS.md updated.
   - dashboard/STATUS.md updated.
   - update_dashboard.py executed successfully.

5. IDENTITY:
   - All actions performed under: Viswanatha Kartha V <vichukartha@gmail.com>

Result: SUCCESS
