# Multi-Bot Check-in Report - 2026-05-05 20:01 (UTC)

## 1. Worker Status Update
- **Forge:** Verified SIMD scrubbing logic and MQTT binary size optimization (under 50KB target). Zero-allocation parsing stable. Performance testing for SSG archival format shows <50ms render times. (Current focus: Zig core for SSG).
- **Micromaker:** Real-time FFT visualization stable (jitter fix verified). Resonance UI math refinement complete. Monitoring 60fps lock.
- **Scout:** Completed issue list retrieval from `StudioZeroOrg/tasks`. Syncing progress for issues #5, #6, and #7. Audited LOG.md.
- **Serviceability:** Monitoring dashboard on Port 3000 and webhook listener on Port 3001. Telemetry relay optimizations active.

## 2. GitHub Issue Progress Sync
- **Issue #5 (MQTT Privacy Filter):** 
    - **Latest Progress:** SIMD scrubbing logic and zero-allocation parsing verified. 
    - **Current Blocker:** None. 
    - **Next Milestone:** v0.1 Release Candidate deployment.
- **Issue #6 (Brainwave Visualizer):**
    - **Latest Progress:** High-frequency jitter fix stable; resonance UI math refined. 
    - **Current Blocker:** None. 
    - **Next Milestone:** User-input frequency modulation integration.
- **Issue #7 (SSG Apocalypse):**
    - **Latest Progress:** Log batch ingestion and sub-50ms render times verified in performance tests. 
    - **Current Blocker:** Initial Zig build completion. 
    - **Next Milestone:** Staging environment deployment.

## 3. LOG Audit (Last 5 Minutes)
- Multi-Bot check-in cycle triggered at 20:01 UTC.
- Sequential successful check-ins observed at 19:46, 19:51, and 19:56.
- No system failures or error spikes detected in LOG.md.

## 4. Dashboard & Status Sync
- `STATUS.md` updated with 20:01 UTC heartbeat.
- `dashboard/STATUS.md` synced for Port 3000 display.
- Git commits attributed to `Viswanatha Kartha V <vichukartha@gmail.com>`.
