CRON REPORT - 2026-02-15 01:01 UTC
TASK: Bot Five-Minute Check-in Loop
EXECUTOR: Manager (Scout Role)

1. POLL WORKERS:
   - Forge: Finalizing Zig MQTT filters (<48KB) and SIMD SSG parser.
   - Micromaker: 60fps Bloom/Ghosting shaders complete. Moving FFT to WebWorkers.
   - Scout: Audit and sync loop 01:01 UTC.
   - Serviceability: Ports 3000/3001 stable. Neural sync pending.

2. AUDIT LOGS:
   - Last 5 minutes of LOG.md reviewed.
   - Webhook and Dashboard processes verified (PIDs: 359589, 352891).

3. CONSOLIDATE UPDATES (StudioZeroOrg/tasks):
   - Issue #5: Updated with MQTT SIMD progress and v0.1 milestone.
   - Issue #6: Updated with Shader success and WebWorker blocker.
   - Issue #7: Updated with SSG parser throughput and intrinsic parity blocker.

4. SYNC TO DASHBOARD:
   - STATUS.md updated with 01:01 UTC heartbeat.
   - Mirrored to ./status/STATUS.md and ./dashboard/STATUS.md.

5. GIT IDENTITY:
   - Verified/Set: Viswanatha Kartha V <vichukartha@gmail.com>.

STATUS: ✅ SUCCESS
