Cron Job Started: 2026-05-08 01:46 UTC
Task: Multi-Bot Status Check-in

1. POLL WORKERS
----------------
- Forge: Finalizing Zig core optimizations.
- Micromaker: UI layout stabilization (85%).
- Scout: Integrity scan complete, validating nodes.
- Serviceability: Zig sniffer stable, testing integration.

2. AUDIT LOGS (Last 5 Minutes)
-------------------------------
- Process logs: checkin/proc_last5m_20260507_203153.txt
- GH comments: checkin/gh_comment_results_20260507_203153.log
- Dashboard sync: dashboard_update_output.txt
| 2026-05-07 20:37:20 UTC | MANAGER | Bot Check-in | 2026-05-07 20:37 UTC Multi-Bot Status Check-in: Worker sync (Forge, Micromaker, Scout, Serviceability), Issue sync (#7, #6, #5, #4 + sub-repos), STATUS.md updated, and dashboard synced. | ✅ SUCCESS |
| 2026-05-07 20:37:04 UTC | MANAGER | Bot Check-in | 2026-05-07 20:37:04 UTC Multi-Bot Status Check-in executed: worker poll, 5m log/process audit, GitHub issue comments, STATUS/dashboard sync. | ✅ SUCCESS |
2026-05-07 20:37:04 UTC | CRON_CHECKIN | Completed five-minute multi-bot check-in.
- Worker poll: checkin/worker_poll_20260507_203704.md
- Last5m logs: checkin/log_last5m_20260507_203704.txt
- Process logs: checkin/proc_last5m_20260507_203704.txt
- GH comments: checkin/gh_comment_results_20260507_203704.log
- Dashboard sync: dashboard_update_output.txt
| 2026-05-07 20:42:07 UTC | MANAGER | Bot Check-in | 2026-05-07 20:42 UTC Multi-Bot Status Check-in: Worker sync (Forge, Micromaker, Scout, Serviceability), Issue sync (#7, #6, #5, #4 + sub-repos), STATUS.md updated, and dashboard synced. | ✅ SUCCESS |
[2026-05-07 20:41:59 UTC] Multi-Bot Status Check-in completed.
- Worker poll logged: checkin/worker_poll_latest.md
- Audit log captured in checkin/
- GitHub issue comments attempted via update_gh_comments.sh
- STATUS.md + dashboard sync attempted
| 2026-05-07 20:46:43 UTC | MANAGER | Bot Check-in | 2026-05-07 20:46 UTC Multi-Bot Status Check-in: Worker sync (Forge, Micromaker, Scout, Serviceability), Issue sync (#7, #6, #5, #4 + sub-repos), STATUS.md updated, and dashboard synced. | ✅ SUCCESS |
| 2026-05-07 20:51:56 UTC | MANAGER | Bot Check-in | 2026-05-07 20:51 UTC Multi-Bot Status Check-in: Worker sync (Forge, Micromaker, Scout, Serviceability), Issue sync (#7, #6, #5, #4 + sub-repos), STATUS.md updated, and dashboard synced. | ✅ SUCCESS |
| 2026-05-07 20:56:59 UTC | MANAGER | Bot Check-in | 2026-05-07 20:56 UTC Multi-Bot Status Check-in: Worker sync (Forge, Micromaker, Scout, Serviceability), Issue sync (#7, #6, #5, #4 + sub-repos), STATUS.md updated, and dashboard synced. | ✅ SUCCESS |
| 2026-05-07 21:02:40 UTC | MANAGER | Bot Check-in | 2026-05-07 21:02 UTC Multi-Bot Status Check-in: Worker sync (Forge, Micromaker, Scout, Serviceability), Issue sync (#7, #6, #5, #4 + sub-repos), STATUS.md updated, and dashboard synced. | ✅ SUCCESS |
[2026-05-07 21:06:50 UTC] Five-minute check-in started; artifacts logged in checkin/.
| 2026-05-07 21:07:31 UTC | MANAGER | Bot Check-in | 2026-05-07 21:07 UTC Multi-Bot Status Check-in: Worker sync (Forge, Micromaker, Scout, Serviceability), Issue sync (#7, #6, #5, #4 + sub-repos), STATUS.md updated, and dashboard synced. | ✅ SUCCESS |
[2026-05-07 21:07:31 UTC] STATUS.md + dashboard heartbeat synced.
[2026-05-07 21:07:42 UTC] Multi-Bot Status Check-in completed.
- Worker poll: no dedicated worker sessions; used worker_progress.md + LOG.md
- Audit logs: captured in checkin/run_20260507_210650.log
- GitHub comments: appended to open issues across StudioZeroOrg repos (see checkin/gh_comments_20260507.log)
- STATUS/dashboard synced; status repo commit pushed: 4cc32ab
| 2026-05-07 21:17:33 UTC | MANAGER | Bot Check-in | 2026-05-07 21:17 UTC Multi-Bot Status Check-in: Worker sync (Forge, Micromaker, Scout, Serviceability), Issue sync (#7, #6, #5, #4 + sub-repos), STATUS.md updated, and dashboard synced. | ✅ SUCCESS |
| 2026-05-07 21:22:07 UTC | MANAGER | Bot Check-in | 2026-05-07 21:22 UTC Multi-Bot Status Check-in: Worker sync (Forge, Micromaker, Scout, Serviceability), Issue sync (#7, #6, #5, #4 + sub-repos), STATUS.md updated, and dashboard synced. | ✅ SUCCESS |
| 2026-05-07 21:27:44 UTC | MANAGER | Bot Check-in | 2026-05-07 21:27 UTC Multi-Bot Status Check-in: Worker sync (Forge, Micromaker, Scout, Serviceability), Issue sync (#7, #6, #5, #4 + sub-repos), STATUS.md updated, and dashboard synced. | ✅ SUCCESS |
| 2026-05-07 21:28:30 UTC | MANAGER | Bot Check-in | 2026-05-07 21:28 UTC Multi-Bot Status Check-in: Worker sync (Forge, Micromaker, Scout, Serviceability), Issue sync (#7, #6, #5, #4 + sub-repos), STATUS.md updated, and dashboard synced. | ✅ SUCCESS |
| 2026-05-07 21:37:46 UTC | MANAGER | Bot Check-in | 2026-05-07 21:37 UTC Multi-Bot Status Check-in: Worker sync (Forge, Micromaker, Scout, Serviceability), Issue sync (#7, #6, #5, #4 + sub-repos), STATUS.md updated, and dashboard synced. | ✅ SUCCESS |
| 2026-05-07 21:47:02 UTC | MANAGER | Bot Check-in | 2026-05-07 21:47 UTC Multi-Bot Status Check-in: Worker sync (Forge, Micromaker, Scout, Serviceability), Issue sync (#7, #6, #5, #4 + sub-repos), STATUS.md updated, and dashboard synced. | ✅ SUCCESS |
| 2026-05-07 21:52:24 UTC | MANAGER | Bot Check-in | 2026-05-07 21:52 UTC Multi-Bot Status Check-in: Worker sync (Forge, Micromaker, Scout, Serviceability), Issue sync (#7, #6, #5, #4 + sub-repos), STATUS.md updated, and dashboard synced. | ✅ SUCCESS |
| 2026-05-07 21:57:16 UTC | MANAGER | Bot Check-in | 2026-05-07 21:57 UTC Multi-Bot Status Check-in: Worker sync (Forge, Micromaker, Scout, Serviceability), Issue sync (#7, #6, #5, #4 + sub-repos), STATUS.md updated, and dashboard synced. | ✅ SUCCESS |
| 2026-05-07 22:02:06 UTC | MANAGER | Bot Check-in | 2026-05-07 22:02 UTC Multi-Bot Status Check-in: Worker sync (Forge, Micromaker, Scout, Serviceability), Issue sync (#7, #6, #5, #4 + sub-repos), STATUS.md updated, and dashboard synced. | ✅ SUCCESS |
| Fri May  8 01:02:23 UTC 2026 | MANAGER | Bot Check-in | Multi-Bot Status Check-in executed: worker poll, 5m audit, GitHub comments, STATUS/dashboard sync. | ✅ SUCCESS |
| 2026-05-08 01:07:12 UTC | MANAGER | Bot Check-in | Multi-Bot Status Check-in executed: worker poll, 5m audit, GitHub comments, STATUS/dashboard sync. | ✅ SUCCESS |
| 2026-05-08 01:11:00 UTC | MANAGER | Bot Check-in | Multi-Bot Status Check-in executed: worker poll, 5m audit, GitHub comments, STATUS/dashboard sync. | ✅ SUCCESS |
| 2026-05-08 01:21:59 UTC | MANAGER | Bot Check-in | 2026-05-08 01:21 UTC Multi-Bot Status Check-in: Worker sync (Forge, Micromaker, Scout, Serviceability), Issue sync (#7, #6, #5, #4 + sub-repos), STATUS.md updated, and dashboard synced. | ✅ SUCCESS |
| 2026-05-08 01:22:03 UTC | MANAGER | Bot Check-in | Multi-Bot Status Check-in executed: worker poll, 5m audit, GitHub comments, STATUS/dashboard sync. | ✅ SUCCESS |
| 2026-05-08 01:22:15 UTC | MANAGER | Bot Check-in | 2026-05-08 01:22 UTC Multi-Bot Status Check-in: Worker sync (Forge, Micromaker, Scout, Serviceability), Issue sync (#7, #6, #5, #4 + sub-repos), STATUS.md updated, and dashboard synced. | ✅ SUCCESS |
| 2026-05-08 01:31:00 UTC | MANAGER | Bot Check-in | Multi-Bot Status Check-in executed: worker poll, 5m audit, GitHub comments, STATUS/dashboard sync. | ✅ SUCCESS |
| 2026-05-08 01:36:00 UTC | MANAGER | Bot Check-in | Multi-Bot Status Check-in executed: worker poll, 5m audit, GitHub comments, STATUS/dashboard sync. | ✅ SUCCESS |
[2026-05-08 01:36:00 UTC] Multi-Bot Status Check-in completed. All tasks executed. Reporting via log files only.
| 2026-05-08 01:42:09 UTC | MANAGER | Bot Check-in | Multi-Bot Status Check-in executed: worker poll, 5m audit, GitHub comments, STATUS/dashboard sync. | ✅ SUCCESS |
[2026-05-08 01:42:09 UTC] Multi-Bot Status Check-in completed. All tasks executed. Reporting via log files only.
| 2026-05-08 01:46:39 UTC | MANAGER | Bot Check-in | 2026-05-08 01:46 UTC Multi-Bot Status Check-in: Worker sync (Forge, Micromaker, Scout, Serviceability), Issue sync (#7, #6, #5, #4 + sub-repos), STATUS.md updated, and dashboard synced. | ✅ SUCCESS |

3. CONSOLIDATE UPDATES
-----------------------
https://github.com/StudioZeroOrg/tasks/issues/7#issuecomment-4402616513
https://github.com/StudioZeroOrg/tasks/issues/6#issuecomment-4402616663
https://github.com/StudioZeroOrg/tasks/issues/5#issuecomment-4402616885
https://github.com/StudioZeroOrg/tasks/issues/4#issuecomment-4402617133
https://github.com/StudioZeroOrg/ssg-apocalypse/issues/1#issuecomment-4402617298
https://github.com/StudioZeroOrg/mqtt-privacy-filter/issues/1#issuecomment-4402617508
https://github.com/StudioZeroOrg/brainwave-visualizer/issues/1#issuecomment-4402617643

4. SYNC TO DASHBOARD
---------------------
Updated STATUS.md
Updated status/STATUS.md
Updated dashboard/STATUS.md
Updated repo-status/STATUS.md

Cron Job Completed: $(date -u)
