# Multi-Bot Status Check-in Report
**Timestamp**: 2026-05-05 23:16:00 UTC

## 1. Worker Status
- **Forge**: Finalizing distribution build for SSG Apocalypse (Zig target <2KB). Optimizing binary size with `-Doptimize=ReleaseSmall`. [ACTIVE]
- **Micromaker**: Optimizing rendering logic for Brainwave Visualizer. [BLOCKED: CSS assets for dark mode toggle]
- **Scout**: Integrity scan completed for all StudioZeroOrg repositories. [ACTIVE]
- **Serviceability**: Stable MQTT filtering. Verified regex parser performance. [OK]

## 2. GitHub Issue Sync
- **Tasks #7 / SSG Apocalypse #1**: Updated with Forge progress.
- **Tasks #6 / Brainwave Visualizer #1**: Updated with Micromaker progress.
- **Tasks #5 / MQTT Privacy Filter #1**: Updated with Serviceability progress.
- **Tasks #4**: Dashboard sync confirmed.

## 3. Log Audit (Last 5 Minutes)
- System operating within normal parameters.
- Routine check-in cycle completed.

## 4. Dashboard & STATUS.md
- **STATUS.md**: Updated with latest heartbeat data.
- **Web Dashboard (Port 3000)**: Re-rendered and synced.

---
**Identity Verification**: All git/gh actions performed as `Viswanatha Kartha V <vichukartha@gmail.com>`.
