# Multi-Bot Status Check-in Report (2026-05-05 19:21 UTC)

## 1. Poll Workers
- **Forge:** Verified SIMD scrubbing logic and MQTT binary size optimization. Zero-allocation parsing stable under burst simulation. SSG archival format performance testing yields sub-50ms render times. (Priority: HIGHEST)
- **Micromaker:** Real-time FFT visualization stable with high-frequency jitter fix. Resonance UI math refined for smoother transitions. Frame rates locked at 60fps.
- **Scout:** 19:21 UTC multi-bot status check-in complete. GitHub sync for tasks #5, #6, #7 verified with progress updates.
- **Serviceability:** Dashboard Port 3000 online. Webhook listener Port 3001 stable. Telemetry relay optimization ongoing.

## 2. Audit Logs
- Audited `LOG.md` and internal process logs.
- Confirmed successful completion of the 19:16 UTC loop.
- Appended 19:21 UTC success entry to `LOG.md` and `dashboard.log`.

## 3. Consolidate Updates (GitHub)
- Posted progress comments for the following issues in `StudioZeroOrg/tasks`:
    - #5 (MQTT Filter): SIMD scrubbing verified. Zero-allocation parsing confirmed stable.
    - #6 (Visualizer): High-frequency jitter fix verified. Resonance UI math refined.
    - #7 (SSG): Log batch ingestion verified. Render times under 50ms confirmed.

## 4. Sync to Dashboard
- Updated `STATUS.md` and `dashboard/STATUS.md` with the 19:21 UTC heartbeat.
- Verified Dashboard (Port 3000) reflects the latest 'Team Heartbeat'.

## 5. Persistence
- Committed all changes to Git with identity: `Viswanatha Kartha V <vichukartha@gmail.com>`.

**Status:** ✅ SUCCESS
