REPORT: Multi-Bot Status Check-in - 2026-05-05 22:36:00 UTC

1. POLL WORKERS:
   - Forge: Distribution build in progress (ACTIVE).
   - Micromaker: UI rendering stable (BLOCKED: CSS assets).
   - Scout: Integrity scan complete (ACTIVE).
   - Serviceability: MQTT logic stable (OK).

2. AUDIT LOGS:
   - Read last 5 minutes of LOG.md.
   - Verified 22:31 UTC check-in success.
   - Logged 22:36 UTC check-in success to LOG.md.

3. CONSOLIDATE UPDATES:
   - Posted technical comments to GitHub Issues #4, #5, #6, #7 in StudioZeroOrg/tasks.
   - Reflected current bot telemetry, blockers, and next milestones.

4. SYNC TO DASHBOARD:
   - Updated STATUS.md with 'Team Heartbeat' summary.
   - Updated local web dashboard (update_dashboard.py).
   - Committed changes with identity: Viswanatha Kartha V <vichukartha@gmail.com>.

5. REPORT:
   - Output logged to LOG.md and STATUS.md.
   - No user notification sent on Telegram.

STATUS: ✅ SUCCESS
