### CRON REPORT: Multi-Bot Status Check-in
**Timestamp:** 2026-05-06 02:56:00 UTC
**Status:** ✅ SUCCESS

#### 1. Worker Poll Results
- **Forge:** Zig core optimizations complete for SSG Apocalypse (<2KB).
- **Micromaker:** Frequency visualizer optimized; UI layout stabilization in progress.
- **Scout:** Integrity scan of StudioZeroOrg repos (6) verified clean.
- **Serviceability:** MQTT sniffer stable; initializing Pulse-Broadcaster integration.

#### 2. Audit Logs
- Last 5 mins of `LOG.md` reviewed.
- Dashboard and Webhook servers are running normally.

#### 3. GitHub Issue Updates
- **#7 (SSG Apocalypse):** Updated with Forge's Zig core progress.
- **#6 (Brainwave Visualizer):** Updated with Micromaker's UI optimization progress.
- **#5 (MQTT Privacy Filter):** Updated with Serviceability's sniffer stability progress.
- **#4 (Dashboard Maintenance):** Updated with automation status.

#### 4. Dashboard & Status Sync
- `STATUS.md` updated with latest heartbeat.
- `update_dashboard.py` executed successfully.
- Changes committed to git as `Viswanatha Kartha V <vichukartha@gmail.com>`.

#### 5. Reporting
- Output logged to `LOG.md` and this report file.
- No user messaging on Telegram performed per instructions.
