# Multi-Bot Status Check-in Report - 19:16 UTC
**Time:** Tuesday, May 5th, 2026 — 7:16 PM (UTC)

## 1. Poll Workers
- **Forge:** Verified SIMD scrubbing and SSG performance (sub-50ms).
- **Micromaker:** Stabilized FFT visualization and resonance math.
- **Scout:** Completed status check-in and documentation sync.
- **Serviceability:** Maintained dashboard and optimized telemetry.

## 2. Audit Logs
- Audited `LOG.md` and internal process logs for the last 5 minutes.
- Confirmed successful completion of the 19:11 UTC loop.

## 3. Consolidate Updates (GitHub)
- Posted progress comments for the following issues in `StudioZeroOrg/tasks`:
    - #5 (MQTT Filter): SIMD scrubbing verified.
    - #6 (Visualizer): Jitter fix and math refinement.
    - #7 (SSG): Performance testing and log ingestion.

## 4. Sync to Dashboard
- Updated `STATUS.md` and `dashboard/STATUS.md`.
- Verified Dashboard (Port 3000) reflects latest state.

## 5. Persistence
- Committed changes to Git with identity: `Viswanatha Kartha V <vichukartha@gmail.com>`.

**Status:** ✅ SUCCESS
