---
REPORT: Multi-Bot Status Check-in
TIMESTAMP: 2026-05-06 02:31:00 UTC
---

1. POLL WORKERS:
   - Forge: Zig core optimizations complete, binary size <2KB. [ACTIVE]
   - Micromaker: UI Visualizer stable, dark mode assets finalized. [ACTIVE]
   - Scout: Integrity check clean for all StudioZeroOrg repos. [OK]
   - Serviceability: MQTT sniffer stable, preparing for Pulse-Broadcaster integration. [ACTIVE]

2. AUDIT LOGS:
   - Read LOG.md. Last check at 02:26 UTC was successful.
   - Internal process logs (dashboard.log) show consistent success.

3. CONSOLIDATE UPDATES (GitHub):
   - Commented on StudioZeroOrg/tasks #7 (Forge): Progress, Blocker: None, Next: Rendering validation.
   - Commented on StudioZeroOrg/tasks #6 (Micromaker): Progress, Blocker: CSS stabilization, Next: UI Audit.
   - Commented on StudioZeroOrg/tasks #5 (Serviceability): Progress, Blocker: None, Next: Pulse-Broadcaster tests.
   - Commented on StudioZeroOrg/tasks #4 (Dashboard): Progress, Blocker: None, Next: Automation.

4. SYNC TO DASHBOARD:
   - STATUS.md updated with 02:31 UTC heartbeat.
   - update_dashboard.py executed; port 3000 web dashboard synced.

5. REPORTING & IDENTITY:
   - Git identity confirmed: Viswanatha Kartha V <vichukartha@gmail.com>.
   - Changes committed and pushed to master.
   - No Telegram message sent (per instructions).
   - Logged to cron_report_20260506_0231.log.

---
STATUS: ✅ SUCCESS
