### Multi-Bot Status Check-in: 2026-05-06 00:06:00 UTC ###
--- POLL WORKERS ---
# Team Heartbeat - StudioZero

## Active Workers
- **Forge**: Distribution Build [ACTIVE] - Refining the SSG core in Zig for deterministic rendering (<2KB target). Verified metadata schema for M-Disc archival.
- **Micromaker**: UI Rendering [BLOCKED: CSS assets] - Frequency visualizer rendering logic optimized. Awaiting dark mode CSS assets to stabilize dashboard layout.
- **Scout**: Integrity Scan [ACTIVE] - Monitoring repository integrity; 00:01 UTC scan complete across StudioZeroOrg.
- **Serviceability**: MQTT Logic [OK] - Maintaining stable MQTT filtering; preparing edge tests for Pulse-Broadcaster integration.

## System Status
- Dashboard: http://localhost:3000
- Last Check: 2026-05-06 00:01:00 UTC

## Recent Log Audit (Last 5 Minutes)
| 2026-05-06 00:01:00 UTC | MANAGER | Bot Check-in | 00:01 UTC Multi-Bot Status Check-in: Worker sync (Forge, Micromaker, Scout, Serviceability), Issue sync (#4, #5, #6, #7 + sub-repos), STATUS.md updated, and dashboard synced. | ✅ SUCCESS |

## Worker Progress
- **Forge**: Refining the SSG core in Zig for deterministic rendering. Target binary remains under 2KB. Metadata schema for M-Disc archival verified.
- **Micromaker**: Frequency visualizer rendering logic optimized. Awaiting final review of dark mode CSS assets to stabilize dashboard layout.
- **Scout**: Repository scanning confirmed clean codebase for all active issues at 00:01 UTC.
- **Serviceability**: Maintaining stable MQTT filtering. Zig sniffer remains stable under burst traffic simulation with <48KB footprint.

--- AUDIT LOGS (Last 5 mins) ---
| 2026-05-05 23:16:00 UTC | MANAGER | Bot Check-in | 23:16 UTC Multi-Bot Status Check-in: Worker sync (Forge, Micromaker, Scout, Serviceability), Issue sync (#4, #5, #6, #7 + sub-repos), STATUS.md updated, and dashboard synced. | ✅ SUCCESS |
| 2026-05-05 23:21:00 UTC | MANAGER | Bot Check-in | 23:21 UTC Multi-Bot Status Check-in: Worker sync (Forge, Micromaker, Scout, Serviceability), Issue sync (#4, #5, #6, #7 + sub-repos), STATUS.md updated, and dashboard synced. | ✅ SUCCESS |
| 2026-05-05 23:26:00 UTC | MANAGER | Bot Check-in | 23:26 UTC Multi-Bot Status Check-in: Worker sync (Forge, Micromaker, Scout, Serviceability), Issue sync (#4, #5, #6, #7 + sub-repos), STATUS.md updated, and dashboard synced. | ✅ SUCCESS |
| 2026-05-05 23:31:00 UTC | MANAGER | Bot Check-in | 23:31 UTC Multi-Bot Status Check-in: Worker sync (Forge, Micromaker, Scout, Serviceability), Issue sync (#4, #5, #6, #7 + sub-repos), STATUS.md updated, and dashboard synced. | ✅ SUCCESS |
| 2026-05-05 23:36:00 UTC | MANAGER | Bot Check-in | 23:36 UTC Multi-Bot Status Check-in: Worker sync (Forge, Micromaker, Scout, Serviceability), Issue sync (#7, #6, #5 + sub-repos), STATUS.md updated, and dashboard synced. | ✅ SUCCESS |
| 2026-05-05 23:41:00 UTC | MANAGER | Bot Check-in | 23:41 UTC Multi-Bot Status Check-in: Worker sync (Forge, Micromaker, Scout, Serviceability), Issue sync (#7, #6, #5 + sub-repos), STATUS.md updated, and dashboard synced. | ✅ SUCCESS |
| 2026-05-05 23:46:45 UTC | MANAGER | Bot Check-in | 2026-05-05 23:46:45 UTC Multi-Bot Status Check-in: Worker sync (Forge, Micromaker, Scout, Serviceability), Issue sync (#7, #6, #5 + sub-repos), STATUS.md updated, and dashboard synced. | ✅ SUCCESS |
| 2026-05-05 23:51:00 UTC | MANAGER | Bot Check-in | 23:51 UTC Multi-Bot Status Check-in: Worker sync (Forge, Micromaker, Scout, Serviceability), Issue sync (ssg-apocalypse#1, mqtt-privacy-filter#1, brainwave-visualizer#1), STATUS.md updated, and dashboard synced. | ✅ SUCCESS |
| 2026-05-05 23:56:45 UTC | MANAGER | Bot Check-in | 2026-05-05 23:56:45 UTC Multi-Bot Status Check-in: Worker sync (Forge, Micromaker, Scout, Serviceability), Issue sync (#7, #6, #5 + sub-repos), STATUS.md updated, and dashboard synced. | ✅ SUCCESS |
| 2026-05-06 00:01:00 UTC | MANAGER | Bot Check-in | 00:01 UTC Multi-Bot Status Check-in: Worker sync (Forge, Micromaker, Scout, Serviceability), Issue sync (#4, #5, #6, #7 + sub-repos), STATUS.md updated, and dashboard synced. | ✅ SUCCESS |

--- GITHUB UPDATES ---
https://github.com/StudioZeroOrg/ssg-apocalypse/issues/1#issuecomment-4384114061
https://github.com/StudioZeroOrg/brainwave-visualizer/issues/1#issuecomment-4384114148
https://github.com/StudioZeroOrg/mqtt-privacy-filter/issues/1#issuecomment-4384114221
https://github.com/StudioZeroOrg/tasks/issues/7#issuecomment-4384114291
https://github.com/StudioZeroOrg/tasks/issues/6#issuecomment-4384114378
https://github.com/StudioZeroOrg/tasks/issues/5#issuecomment-4384114514
https://github.com/StudioZeroOrg/tasks/issues/4#issuecomment-4384114719

--- DASHBOARD SYNC ---
/root/.openclaw/workspace/update_dashboard.py:27: DeprecationWarning: datetime.datetime.utcnow() is deprecated and scheduled for removal in a future version. Use timezone-aware objects to represent datetimes in UTC: datetime.datetime.now(datetime.UTC).
  <p class="timestamp">Last Updated: {datetime.utcnow().strftime('%Y-%m-%d %H:%M:%S')} UTC</p>
Dashboard updated.
To https://github.com/StudioZeroOrg/gossipers.git
   c6bf3fd..e73e222  main -> main

### COMPLETED AT Wed May  6 00:06:54 UTC 2026 ###
