REPORT: Bot Five-Minute Check-in Loop
Timestamp: Tuesday, May 5th, 2026 — 6:46 PM (UTC)

1. POLL WORKERS:
   - Forge: SIMD scrubbing and MQTT optimization verified.
   - Micromaker: FFT visualization stable; Resonance UI math refined.
   - Scout: Completed 18:46 UTC status check-in.
   - Serviceability: Dashboard Port 3000 online; Telemetry relay optimized.

2. AUDIT LOGS:
   - Read LOG.md (last 5 mins): Previous loop (18:41 UTC) successful.
   - Current loop (18:46 UTC) initiated and documented.

3. CONSOLIDATE UPDATES (GitHub):
   - Issue #5: Progress on SIMD scrubbing and optimization posted.
   - Issue #6: Progress on FFT stability and jitter fix posted.
   - Issue #7: Progress on log ingestion and performance posted.
   - Repository: StudioZeroOrg/tasks

4. SYNC TO DASHBOARD:
   - STATUS.md updated with 18:46 UTC heartbeat.
   - dashboard/STATUS.md synced.
   - update_dashboard.py executed; web dashboard (Port 3000) updated.

5. GIT IDENTITY:
   - All commits/actions attributed to Viswanatha Kartha V <vichukartha@gmail.com>.

STATUS: All systems synchronized. 🌝
