| 2026-05-05 16:56:00 | MANAGER | Bot Check-in | Multi-Bot Status Check-in: Worker sync (Forge, Micromaker, Scout, Serviceability), Issue sync (#5, #6, #7), STATUS.md updated, and dashboard synced. | ✅ SUCCESS || 2026-05-05 17:01:00 | MANAGER | Bot Check-in | 17:01 UTC Multi-Bot Check-in complete: Issue sync (#5, #6, #7), STATUS.md update, LOG audit. | ✅ SUCCESS |
| 2026-05-05 17:06:00 | MANAGER | Bot Check-in | 17:06 UTC Multi-Bot Check-in complete: GitHub sync (#5, #6, #7), STATUS.md update, LOG audit. | ✅ SUCCESS |
| 2026-05-05 17:56:00 | MANAGER | Bot Check-in | 17:56 UTC Multi-Bot Status Check-in complete: Worker sync (Forge, Micromaker, Scout, Serviceability), Issue sync (#5, #6, #7), STATUS.md updated, and dashboard synced. | ✅ SUCCESS |
| 2026-05-05 18:01:00 | MANAGER | Bot Check-in | 18:01 UTC Multi-Bot Status Check-in complete: Worker sync (Forge, Micromaker, Scout, Serviceability), Issue sync (#5, #6, #7), STATUS.md updated, and dashboard synced. | ✅ SUCCESS |
| 2026-05-05 18:06:00 | MANAGER | Bot Check-in | 18:06 UTC Multi-Bot Status Check-in complete: Worker sync (Forge, Micromaker, Scout, Serviceability), Issue sync (#5, #6, #7), STATUS.md updated, and dashboard synced. | ✅ SUCCESS |
| 2026-05-05 18:11:00 | MANAGER | Bot Check-in | 18:11 UTC Multi-Bot Status Check-in complete: Worker sync (Forge, Micromaker, Scout, Serviceability), Issue sync (#5, #6, #7), STATUS.md updated, and dashboard synced. | ✅ SUCCESS |
| 2026-05-05 18:16:00 | MANAGER | Bot Check-in | 18:16 UTC Multi-Bot Status Check-in complete: Worker sync (Forge, Micromaker, Scout, Serviceability), Issue sync (#5, #6, #7), STATUS.md updated, and dashboard synced. | ✅ SUCCESS |
| 2026-05-05 18:21:00 | MANAGER | Bot Check-in | 18:21 UTC Multi-Bot Status Check-in complete: Worker sync (Forge, Micromaker, Scout, Serviceability), Issue sync (#5, #6, #7), STATUS.md updated, and dashboard synced. | ✅ SUCCESS |
| 2026-05-05 18:26:00 | MANAGER | Bot Check-in | 18:26 UTC Multi-Bot Status Check-in complete: Worker sync (Forge, Micromaker, Scout, Serviceability), Issue sync (#5, #6, #7), STATUS.md updated, and dashboard synced. | ✅ SUCCESS |
| 2026-05-05 18:31:00 | MANAGER | Bot Check-in | 18:31 UTC Multi-Bot Status Check-in complete: Worker sync (Forge, Micromaker, Scout, Serviceability), Issue sync (#5, #6, #7), STATUS.md updated, and dashboard synced. | ✅ SUCCESS |
| 2026-05-05 18:36:00 | MANAGER | Bot Check-in | 18:36 UTC Multi-Bot Status Check-in complete: Worker sync (Forge, Micromaker, Scout, Serviceability), Issue sync (#5, #6, #7), STATUS.md updated, and dashboard synced. | ✅ SUCCESS |
| 2026-05-05 18:41:00 | MANAGER | Bot Check-in | 18:41 UTC Multi-Bot Status Check-in complete: Worker sync (Forge, Micromaker, Scout, Serviceability), Issue sync (#5, #6, #7), STATUS.md updated, and dashboard synced. | ✅ SUCCESS |
| 2026-05-05 18:46:00 | MANAGER | Bot Check-in | 18:46 UTC Multi-Bot Status Check-in complete: Worker sync (Forge, Micromaker, Scout, Serviceability), Issue sync (#5, #6, #7), STATUS.md updated, and dashboard synced. | ✅ SUCCESS |
| 2026-05-05 18:51:00 | MANAGER | Bot Check-in | 18:51 UTC Multi-Bot Status Check-in complete: Worker sync (Forge, Micromaker, Scout, Serviceability), Issue sync (#5, #6, #7), STATUS.md updated, and dashboard synced. | ✅ SUCCESS |
| 2026-05-05 19:01:00 | MANAGER | Bot Check-in | 19:01 UTC Multi-Bot Status Check-in complete: Worker sync (Forge, Micromaker, Scout, Serviceability), Issue sync (#5, #6, #7), STATUS.md updated, and dashboard synced. | ✅ SUCCESS |
| 2026-05-05 19:21:00 | MANAGER | Bot Check-in | 19:21 UTC Multi-Bot Status Check-in complete: Worker sync (Forge, Micromaker, Scout, Serviceability), GitHub Issue sync (#5, #6, #7), STATUS.md updated, and dashboard synced. | ✅ SUCCESS |
| 2026-05-05 21:06:00 | MANAGER | Bot Check-in | 21:06 UTC Multi-Bot Status Check-in complete: Worker sync, GitHub Issue sync (#5, #6, #7), STATUS.md updated, and dashboard synced. | ✅ SUCCESS |
/root/.openclaw/workspace/update_dashboard.py:27: DeprecationWarning: datetime.datetime.utcnow() is deprecated and scheduled for removal in a future version. Use timezone-aware objects to represent datetimes in UTC: datetime.datetime.now(datetime.UTC).
  <p class="timestamp">Last Updated: {datetime.utcnow().strftime('%Y-%m-%d %H:%M:%S')} UTC</p>
Dashboard updated.
| 2026-05-06 02:46:00 | MANAGER | Bot Check-in | 02:46 UTC Multi-Bot Status Check-in complete: Worker sync (Forge, Micromaker, Scout, Serviceability), Issue sync (#7, #6, #5, #4), STATUS.md updated, and dashboard synced. | ✅ SUCCESS |
