2026-05-08 02:06:40 UTC
- Last5m logs: checkin/log_last5m_20260507_203704.txt
- Process logs: checkin/proc_last5m_20260507_203704.txt
- GH comments: checkin/gh_comment_results_20260507_203704.log
- Dashboard sync: dashboard_update_output.txt
| 2026-05-07 20:42:07 UTC | MANAGER | Bot Check-in | 2026-05-07 20:42 UTC Multi-Bot Status Check-in: Worker sync (Forge, Micromaker, Scout, Serviceability), Issue sync (#7, #6, #5, #4 + sub-repos), STATUS.md updated, and dashboard synced. | ✅ SUCCESS |
[2026-05-07 20:41:59 UTC] Multi-Bot Status Check-in completed.
- Worker poll logged: checkin/worker_poll_latest.md
- Audit log captured in checkin/
- GitHub issue comments attempted via update_gh_comments.sh
- STATUS.md + dashboard sync attempted
| 2026-05-07 20:46:43 UTC | MANAGER | Bot Check-in | 2026-05-07 20:46 UTC Multi-Bot Status Check-in: Worker sync (Forge, Micromaker, Scout, Serviceability), Issue sync (#7, #6, #5, #4 + sub-repos), STATUS.md updated, and dashboard synced. | ✅ SUCCESS |
| 2026-05-07 20:51:56 UTC | MANAGER | Bot Check-in | 2026-05-07 20:51 UTC Multi-Bot Status Check-in: Worker sync (Forge, Micromaker, Scout, Serviceability), Issue sync (#7, #6, #5, #4 + sub-repos), STATUS.md updated, and dashboard synced. | ✅ SUCCESS |
| 2026-05-07 20:56:59 UTC | MANAGER | Bot Check-in | 2026-05-07 20:56 UTC Multi-Bot Status Check-in: Worker sync (Forge, Micromaker, Scout, Serviceability), Issue sync (#7, #6, #5, #4 + sub-repos), STATUS.md updated, and dashboard synced. | ✅ SUCCESS |
| 2026-05-07 21:02:40 UTC | MANAGER | Bot Check-in | 2026-05-07 21:02 UTC Multi-Bot Status Check-in: Worker sync (Forge, Micromaker, Scout, Serviceability), Issue sync (#7, #6, #5, #4 + sub-repos), STATUS.md updated, and dashboard synced. | ✅ SUCCESS |
[2026-05-07 21:06:50 UTC] Five-minute check-in started; artifacts logged in checkin/.
| 2026-05-07 21:07:31 UTC | MANAGER | Bot Check-in | 2026-05-07 21:07 UTC Multi-Bot Status Check-in: Worker sync (Forge, Micromaker, Scout, Serviceability), Issue sync (#7, #6, #5, #4 + sub-repos), STATUS.md updated, and dashboard synced. | ✅ SUCCESS |
[2026-05-07 21:07:31 UTC] STATUS.md + dashboard heartbeat synced.
[2026-05-07 21:07:42 UTC] Multi-Bot Status Check-in completed.
- Worker poll: no dedicated worker sessions; used worker_progress.md + LOG.md
- Audit logs: captured in checkin/run_20260507_210650.log
- GitHub comments: appended to open issues across StudioZeroOrg repos (see checkin/gh_comments_20260507.log)
- STATUS/dashboard synced; status repo commit pushed: 4cc32ab
| 2026-05-07 21:17:33 UTC | MANAGER | Bot Check-in | 2026-05-07 21:17 UTC Multi-Bot Status Check-in: Worker sync (Forge, Micromaker, Scout, Serviceability), Issue sync (#7, #6, #5, #4 + sub-repos), STATUS.md updated, and dashboard synced. | ✅ SUCCESS |
| 2026-05-07 21:22:07 UTC | MANAGER | Bot Check-in | 2026-05-07 21:22 UTC Multi-Bot Status Check-in: Worker sync (Forge, Micromaker, Scout, Serviceability), Issue sync (#7, #6, #5, #4 + sub-repos), STATUS.md updated, and dashboard synced. | ✅ SUCCESS |
| 2026-05-07 21:27:44 UTC | MANAGER | Bot Check-in | 2026-05-07 21:27 UTC Multi-Bot Status Check-in: Worker sync (Forge, Micromaker, Scout, Serviceability), Issue sync (#7, #6, #5, #4 + sub-repos), STATUS.md updated, and dashboard synced. | ✅ SUCCESS |
| 2026-05-07 21:28:30 UTC | MANAGER | Bot Check-in | 2026-05-07 21:28 UTC Multi-Bot Status Check-in: Worker sync (Forge, Micromaker, Scout, Serviceability), Issue sync (#7, #6, #5, #4 + sub-repos), STATUS.md updated, and dashboard synced. | ✅ SUCCESS |
| 2026-05-07 21:37:46 UTC | MANAGER | Bot Check-in | 2026-05-07 21:37 UTC Multi-Bot Status Check-in: Worker sync (Forge, Micromaker, Scout, Serviceability), Issue sync (#7, #6, #5, #4 + sub-repos), STATUS.md updated, and dashboard synced. | ✅ SUCCESS |
| 2026-05-07 21:47:02 UTC | MANAGER | Bot Check-in | 2026-05-07 21:47 UTC Multi-Bot Status Check-in: Worker sync (Forge, Micromaker, Scout, Serviceability), Issue sync (#7, #6, #5, #4 + sub-repos), STATUS.md updated, and dashboard synced. | ✅ SUCCESS |
| 2026-05-07 21:52:24 UTC | MANAGER | Bot Check-in | 2026-05-07 21:52 UTC Multi-Bot Status Check-in: Worker sync (Forge, Micromaker, Scout, Serviceability), Issue sync (#7, #6, #5, #4 + sub-repos), STATUS.md updated, and dashboard synced. | ✅ SUCCESS |
| 2026-05-07 21:57:16 UTC | MANAGER | Bot Check-in | 2026-05-07 21:57 UTC Multi-Bot Status Check-in: Worker sync (Forge, Micromaker, Scout, Serviceability), Issue sync (#7, #6, #5, #4 + sub-repos), STATUS.md updated, and dashboard synced. | ✅ SUCCESS |
| 2026-05-07 22:02:06 UTC | MANAGER | Bot Check-in | 2026-05-07 22:02 UTC Multi-Bot Status Check-in: Worker sync (Forge, Micromaker, Scout, Serviceability), Issue sync (#7, #6, #5, #4 + sub-repos), STATUS.md updated, and dashboard synced. | ✅ SUCCESS |
| Fri May  8 01:02:23 UTC 2026 | MANAGER | Bot Check-in | Multi-Bot Status Check-in executed: worker poll, 5m audit, GitHub comments, STATUS/dashboard sync. | ✅ SUCCESS |
| 2026-05-08 01:07:12 UTC | MANAGER | Bot Check-in | Multi-Bot Status Check-in executed: worker poll, 5m audit, GitHub comments, STATUS/dashboard sync. | ✅ SUCCESS |
| 2026-05-08 01:11:00 UTC | MANAGER | Bot Check-in | Multi-Bot Status Check-in executed: worker poll, 5m audit, GitHub comments, STATUS/dashboard sync. | ✅ SUCCESS |
| 2026-05-08 01:21:59 UTC | MANAGER | Bot Check-in | 2026-05-08 01:21 UTC Multi-Bot Status Check-in: Worker sync (Forge, Micromaker, Scout, Serviceability), Issue sync (#7, #6, #5, #4 + sub-repos), STATUS.md updated, and dashboard synced. | ✅ SUCCESS |
| 2026-05-08 01:22:03 UTC | MANAGER | Bot Check-in | Multi-Bot Status Check-in executed: worker poll, 5m audit, GitHub comments, STATUS/dashboard sync. | ✅ SUCCESS |
| 2026-05-08 01:22:15 UTC | MANAGER | Bot Check-in | 2026-05-08 01:22 UTC Multi-Bot Status Check-in: Worker sync (Forge, Micromaker, Scout, Serviceability), Issue sync (#7, #6, #5, #4 + sub-repos), STATUS.md updated, and dashboard synced. | ✅ SUCCESS |
| 2026-05-08 01:31:00 UTC | MANAGER | Bot Check-in | Multi-Bot Status Check-in executed: worker poll, 5m audit, GitHub comments, STATUS/dashboard sync. | ✅ SUCCESS |
| 2026-05-08 01:36:00 UTC | MANAGER | Bot Check-in | Multi-Bot Status Check-in executed: worker poll, 5m audit, GitHub comments, STATUS/dashboard sync. | ✅ SUCCESS |
[2026-05-08 01:36:00 UTC] Multi-Bot Status Check-in completed. All tasks executed. Reporting via log files only.
| 2026-05-08 01:42:09 UTC | MANAGER | Bot Check-in | Multi-Bot Status Check-in executed: worker poll, 5m audit, GitHub comments, STATUS/dashboard sync. | ✅ SUCCESS |
[2026-05-08 01:42:09 UTC] Multi-Bot Status Check-in completed. All tasks executed. Reporting via log files only.
| 2026-05-08 01:46:39 UTC | MANAGER | Bot Check-in | 2026-05-08 01:46 UTC Multi-Bot Status Check-in: Worker sync (Forge, Micromaker, Scout, Serviceability), Issue sync (#7, #6, #5, #4 + sub-repos), STATUS.md updated, and dashboard synced. | ✅ SUCCESS |
| 2026-05-08 01:51:00 UTC | MANAGER | Bot Check-in | 2026-05-08 01:51 UTC Multi-Bot Status Check-in: Worker sync (Forge, Micromaker, Scout, Serviceability), Issue sync (#7, #6, #5, #4 + sub-repos), STATUS.md updated, and dashboard synced. | ✅ SUCCESS |
| 2026-05-08 01:46:52 UTC | MANAGER | Bot Check-in | 2026-05-08 01:46 UTC Multi-Bot Status Check-in: Worker sync (Forge, Micromaker, Scout, Serviceability), Issue sync (#7, #6, #5, #4 + sub-repos), STATUS.md updated, and dashboard synced. | ✅ SUCCESS |
| 2026-05-08 01:51:38 UTC | MANAGER | Bot Check-in | 2026-05-08 01:51 UTC Multi-Bot Status Check-in: Worker sync (Forge, Micromaker, Scout, Serviceability), Issue sync (#7, #6, #5, #4 + sub-repos), STATUS.md updated, and dashboard synced. | ✅ SUCCESS |
| 2026-05-08 01:56:50 UTC | MANAGER | Bot Check-in | 2026-05-08 01:56 UTC Multi-Bot Status Check-in: Worker sync (Forge, Micromaker, Scout, Serviceability), Issue sync (#7, #6, #5, #4 + sub-repos), STATUS.md updated, and dashboard synced. | ✅ SUCCESS |
| 2026-05-08 01:56:42 UTC | MANAGER | Bot Check-in | Multi-Bot Status Check-in executed: worker poll, 5m audit, GitHub comments, STATUS/dashboard sync. | ✅ SUCCESS |
| 2026-05-08 02:01:00 UTC | MANAGER | Bot Check-in | Multi-Bot Status Check-in executed: worker poll, 5m audit, GitHub comments, STATUS/dashboard sync. | ✅ SUCCESS |
[2026-05-08 02:01:00 UTC] Multi-Bot Status Check-in completed. All tasks executed. Reporting via log files only.
USER         PID %CPU %MEM    VSZ   RSS TTY      STAT START   TIME COMMAND
root           1  0.0  0.5  22220 10496 ?        Ss   Feb08  23:15 /usr/lib/systemd/systemd --system --deserialize=67
root           2  0.0  0.0      0     0 ?        S    Feb08   0:07 [kthreadd]
root           3  0.0  0.0      0     0 ?        S    Feb08   0:00 [pool_workqueue_release]
root           4  0.0  0.0      0     0 ?        I<   Feb08   0:00 [kworker/R-rcu_g]
root           5  0.0  0.0      0     0 ?        I<   Feb08   0:00 [kworker/R-rcu_p]
root           6  0.0  0.0      0     0 ?        I<   Feb08   0:00 [kworker/R-slub_]
root           7  0.0  0.0      0     0 ?        I<   Feb08   0:00 [kworker/R-netns]
root          12  0.0  0.0      0     0 ?        I<   Feb08   0:00 [kworker/R-mm_pe]
root          13  0.0  0.0      0     0 ?        I    Feb08   0:00 [rcu_tasks_kthread]
root          14  0.0  0.0      0     0 ?        I    Feb08   0:00 [rcu_tasks_rude_kthread]
root          15  0.0  0.0      0     0 ?        I    Feb08   0:00 [rcu_tasks_trace_kthread]
root          16  0.0  0.0      0     0 ?        S    Feb08   1:53 [ksoftirqd/0]
root          17  0.0  0.0      0     0 ?        I    Feb08  29:48 [rcu_preempt]
root          18  0.0  0.0      0     0 ?        S    Feb08   0:44 [migration/0]
root          19  0.0  0.0      0     0 ?        S    Feb08   0:00 [idle_inject/0]
root          20  0.0  0.0      0     0 ?        S    Feb08   0:00 [cpuhp/0]
root          21  0.0  0.0      0     0 ?        S    Feb08   0:00 [cpuhp/1]
root          22  0.0  0.0      0     0 ?        S    Feb08   0:00 [idle_inject/1]
root          23  0.0  0.0      0     0 ?        S    Feb08   0:42 [migration/1]
root          24  0.0  0.0      0     0 ?        S    Feb08   1:51 [ksoftirqd/1]
root          29  0.0  0.0      0     0 ?        S    Feb08   0:00 [kdevtmpfs]
root          30  0.0  0.0      0     0 ?        I<   Feb08   0:00 [kworker/R-inet_]
root          31  0.0  0.0      0     0 ?        S    Feb08   0:00 [kauditd]
root          32  0.0  0.0      0     0 ?        S    Feb08   0:03 [khungtaskd]
root          33  0.0  0.0      0     0 ?        S    Feb08   0:00 [oom_reaper]
root          35  0.0  0.0      0     0 ?        I<   Feb08   0:00 [kworker/R-write]
root          37  0.0  0.0      0     0 ?        S    Feb08   7:10 [kcompactd0]
root          38  0.0  0.0      0     0 ?        SN   Feb08   0:00 [ksmd]
root          40  0.0  0.0      0     0 ?        SN   Feb08   0:00 [khugepaged]
root          41  0.0  0.0      0     0 ?        I<   Feb08   0:00 [kworker/R-kinte]
root          42  0.0  0.0      0     0 ?        I<   Feb08   0:00 [kworker/R-kbloc]
root          43  0.0  0.0      0     0 ?        I<   Feb08   0:00 [kworker/R-blkcg]
root          44  0.0  0.0      0     0 ?        S    Feb08   0:00 [irq/9-acpi]
root          45  0.0  0.0      0     0 ?        I<   Feb08   0:00 [kworker/R-tpm_d]
root          46  0.0  0.0      0     0 ?        I<   Feb08   0:00 [kworker/R-ata_s]
root          47  0.0  0.0      0     0 ?        I<   Feb08   0:00 [kworker/R-md]
root          48  0.0  0.0      0     0 ?        I<   Feb08   0:00 [kworker/R-md_bi]
root          49  0.0  0.0      0     0 ?        I<   Feb08   0:00 [kworker/R-edac-]
root          50  0.0  0.0      0     0 ?        I<   Feb08   0:00 [kworker/R-devfr]
root          51  0.0  0.0      0     0 ?        S    Feb08   0:00 [watchdogd]
root          54  0.0  0.0      0     0 ?        S    Feb08   0:24 [kswapd0]
root          55  0.0  0.0      0     0 ?        S    Feb08   0:00 [ecryptfs-kthread]
root          56  0.0  0.0      0     0 ?        I<   Feb08   0:00 [kworker/R-kthro]
root          57  0.0  0.0      0     0 ?        I<   Feb08   0:00 [kworker/R-acpi_]
root          59  0.0  0.0      0     0 ?        S    Feb08   0:00 [scsi_eh_0]
root          60  0.0  0.0      0     0 ?        I<   Feb08   0:00 [kworker/R-scsi_]
root          61  0.0  0.0      0     0 ?        S    Feb08   0:00 [scsi_eh_1]
root          62  0.0  0.0      0     0 ?        I<   Feb08   0:00 [kworker/R-scsi_]
root          63  0.0  0.0      0     0 ?        S    Feb08   0:00 [scsi_eh_2]
root          64  0.0  0.0      0     0 ?        I<   Feb08   0:00 [kworker/R-scsi_]
root          67  0.0  0.0      0     0 ?        I<   Feb08   0:00 [kworker/R-mld]
root          68  0.0  0.0      0     0 ?        I<   Feb08   0:00 [kworker/R-ipv6_]
root          75  0.0  0.0      0     0 ?        I<   Feb08   0:00 [kworker/R-kstrp]
root          77  0.0  0.0      0     0 ?        I<   Feb08   0:00 [kworker/u7:0]
root          78  0.0  0.0      0     0 ?        I<   Feb08   0:00 [kworker/u8:0]
root          79  0.0  0.0      0     0 ?        I<   Feb08   0:00 [kworker/u9:0]
root          84  0.0  0.0      0     0 ?        I<   Feb08   0:00 [kworker/R-crypt]
root          94  0.0  0.0      0     0 ?        I<   Feb08   0:00 [kworker/R-charg]
root         184  0.0  0.0      0     0 ?        I<   Feb08   0:00 [kworker/R-raid5]
root         224  0.0  0.0      0     0 ?        S    Feb08   1:05 [jbd2/vda1-8]
root         225  0.0  0.0      0     0 ?        I<   Feb08   0:00 [kworker/R-ext4-]
root         316  0.0  0.0      0     0 ?        I<   Feb08   0:00 [kworker/R-kmpat]
root         317  0.0  0.0      0     0 ?        I<   Feb08   0:00 [kworker/R-kmpat]
root         417  0.0  0.0      0     0 ?        S    Feb08   0:00 [jbd2/vda16-8]
root         418  0.0  0.0      0     0 ?        I<   Feb08   0:00 [kworker/R-ext4-]
root         733  0.0  0.1   7224  2560 ?        Ss   Feb08   0:27 /usr/sbin/cron -f -P
message+     734  0.0  0.2  10108  4608 ?        Ss   Feb08   1:07 @dbus-daemon --system --address=systemd: --nofork --nopidfile --systemd-activation --syslog-only
root         754  0.0  0.2  19088  5840 ?        Ss   Feb08   0:23 /usr/lib/systemd/systemd-logind
root         813  0.0  0.1   6148  2048 ttyS0    Ss+  Feb08   0:00 /sbin/agetty -o -p -- \u --keep-baud 115200,57600,38400,9600 - vt220
root         817  0.0  0.6 110012 13312 ?        Ssl  Feb08   0:00 /usr/bin/python3 /usr/share/unattended-upgrades/unattended-upgrade-shutdown --wait-for-signal
root         843  0.0  0.0   6104  1920 tty1     Ss+  Feb08   0:00 /sbin/agetty -o -p -- \u --noclear - linux
root        1100  0.0  0.0      0     0 ?        I<   Feb08   0:00 [kworker/R-tls-s]
root        5597  0.0  0.3  20692  7936 ?        Ss   Feb08   0:01 /usr/lib/systemd/systemd --user --deserialize=10
root        5599  0.0  0.1  21164  2864 ?        S    Feb08   0:00 (sd-pam)
root       16883  0.0  1.3 223416 27008 ?        SLsl Apr22   2:38 /sbin/multipathd -d -s
polkitd    16884  0.0  0.2 308164  5376 ?        Ssl  Apr22   0:35 /usr/lib/polkit-1/polkitd --no-debug
root       16922  0.0  0.3 392092  6400 ?        Ssl  Apr22   0:00 /usr/sbin/ModemManager
syslog     16927  0.0  0.2 222508  5504 ?        Ssl  Apr22   1:16 /usr/sbin/rsyslogd -n -iNONE
do-agent  117113  0.0  0.5 1238616 10508 ?       Ssl  Apr24   2:39 /opt/digitalocean/bin/do-agent --syslog
root      341782  0.0  0.3  12024  7424 ?        Ss   Apr30   1:10 sshd: /usr/sbin/sshd -D [listener] 2 of 10-100 startups
root      347903  0.0  0.1   9412  3584 ?        Ss   Feb14   0:00 /usr/bin/dbus-daemon --session --address=systemd: --nofork --nopidfile --systemd-activation --syslog-only
root      352891  0.0  2.1 1027396 44200 ?       Sl   Feb14   2:05 node dashboard/server.js
root      359589  0.0  2.3 1027800 46452 ?       Sl   Feb14   1:04 node webhook_server/index.js
root      367750  0.0  0.0      0     0 ?        I<   May01   0:03 [kworker/1:2H-kblockd]
root      367772  0.0  0.0      0     0 ?        I<   May01   0:04 [kworker/0:1H-kblockd]
root      379941  0.0  0.0      0     0 ?        S    May01   0:00 [psimon]
root      379949  0.0  2.9 173296 60272 ?        S<s  May01   2:25 /usr/lib/systemd/systemd-journald
systemd+  379957  0.0  0.5  21940 10112 ?        Ss   May01   0:45 /usr/lib/systemd/systemd-resolved
systemd+  379958  0.0  0.3  91028  6144 ?        Ssl  May01   0:02 /usr/lib/systemd/systemd-timesyncd
root      379960  0.0  0.3 468836  7296 ?        Ssl  May01   0:13 /usr/libexec/udisks2/udisksd
root      379963  0.0  0.2  25052  4992 ?        Ss   May01   0:00 /usr/lib/systemd/systemd-udevd
root      379971  0.0  0.0      0     0 ?        S    May01   0:00 [psimon]
systemd+  379972  0.0  0.3  19020  6400 ?        Ss   May01   0:00 /usr/lib/systemd/systemd-networkd
root      523485 11.1 42.6 22992164 858952 ?     Ssl  May05 383:44 openclaw-gateway
root      564958  0.0  0.0      0     0 ?        I<   May06   0:00 [kworker/0:2H]
root      687500  0.0  0.0      0     0 ?        I    May07   0:03 [kworker/1:3-events]
root      689947  0.0  0.0      0     0 ?        I    01:00   0:00 [kworker/u5:2-events_power_efficient]
root      690946  0.0  0.0      0     0 ?        I    01:08   0:00 [kworker/u6:2-flush-253:0]
root      692266  0.0  0.0      0     0 ?        I    01:22   0:00 [kworker/u6:1-events_power_efficient]
root      692524  0.0  0.0      0     0 ?        I    01:26   0:00 [kworker/0:1-events]
root      692825  0.0  0.0      0     0 ?        I    01:30   0:00 [kworker/1:2-cgroup_destroy]
root      692844  0.0  0.0      0     0 ?        I    01:30   0:00 [kworker/u5:1-flush-253:0]
root      693982  0.0  0.0      0     0 ?        I    01:40   0:00 [kworker/u6:3-writeback]
root      695114  0.0  0.0      0     0 ?        I    01:53   0:00 [kworker/u5:4-events_power_efficient]
root      695476  0.0  0.0      0     0 ?        I    02:00   0:00 [kworker/0:2-events]
root      695498  0.0  0.0      0     0 ?        I    02:00   0:00 [kworker/u5:0-events_power_efficient]
root      695684  0.0  0.0      0     0 ?        I    02:02   0:00 [kworker/u6:0-events_power_efficient]
root      695853  1.8  0.4  14088  9580 ?        Ss   02:06   0:00 sshd: root [priv]
sshd      695854  0.0  0.2  12152  6000 ?        S    02:06   0:00 sshd: root [net]
root      695858  0.0  0.4  14700  9984 ?        Ss   02:06   0:00 sshd: unknown [priv]
sshd      695859  0.0  0.2  12152  6008 ?        S    02:06   0:00 sshd: unknown [net]
root      695861  0.0  0.1   7740  3456 ?        Ss   02:06   0:00 /usr/bin/bash -c mkdir -p checkin && date -u +"%Y-%m-%d %H:%M:%S UTC" > checkin/audit_log_20260508_0206.log && tail -n 50 LOG.md >> checkin/audit_log_20260508_0206.log && ps aux >> checkin/audit_log_20260508_0206.log
root      695865  0.0  0.2  11320  4352 ?        R    02:06   0:00 ps aux
root     2021631  0.0  0.0 1240060 1920 ?        Ssl  Mar10   0:22 /opt/digitalocean/bin/droplet-agent
root     2239714  0.0  0.0      0     0 ?        I    Mar15   0:14 [kworker/u4:0-ext4-rsv-conversion]
root     2761783  0.0  0.0      0     0 ?        S    Mar25   0:00 [psimon]
root     2932244  0.0  0.0      0     0 ?        I<   Mar30   0:01 [kworker/1:1H-kblockd]
root     3946016  0.0  0.0      0     0 ?        I    Apr16   0:03 [kworker/u4:2-ext4-rsv-conversion]
