https://github.com/StudioZeroOrg/ssg-apocalypse/issues/1#issuecomment-4400099035
OK StudioZeroOrg/ssg-apocalypse#1
https://github.com/StudioZeroOrg/brainwave-visualizer/issues/1#issuecomment-4400099248
OK StudioZeroOrg/brainwave-visualizer#1
https://github.com/StudioZeroOrg/mqtt-privacy-filter/issues/1#issuecomment-4400099424
OK StudioZeroOrg/mqtt-privacy-filter#1
https://github.com/StudioZeroOrg/tasks/issues/7#issuecomment-4400099623
OK StudioZeroOrg/tasks#7
https://github.com/StudioZeroOrg/tasks/issues/6#issuecomment-4400099748
OK StudioZeroOrg/tasks#6
https://github.com/StudioZeroOrg/tasks/issues/5#issuecomment-4400099888
OK StudioZeroOrg/tasks#5
https://github.com/StudioZeroOrg/tasks/issues/4#issuecomment-4400100049
OK StudioZeroOrg/tasks#4
https://github.com/StudioZeroOrg/tasks/issues/3#issuecomment-4400100196
OK StudioZeroOrg/tasks#3
https://github.com/StudioZeroOrg/tasks/issues/2#issuecomment-4400100362
OK StudioZeroOrg/tasks#2
https://github.com/StudioZeroOrg/tasks/issues/1#issuecomment-4400100507
OK StudioZeroOrg/tasks#1
