StudioZeroOrg/tasks#7 Lifecycle Track: SSG Apocalypse [PRIORITY: HIGHEST] -> rc=0
https://github.com/StudioZeroOrg/tasks/issues/7#issuecomment-4401307859

StudioZeroOrg/tasks#6 Lifecycle Track: Brainwave Visualizer -> rc=0
https://github.com/StudioZeroOrg/tasks/issues/6#issuecomment-4401307960

StudioZeroOrg/tasks#5 Lifecycle Track: MQTT Privacy Filter -> rc=0
https://github.com/StudioZeroOrg/tasks/issues/5#issuecomment-4401308053

StudioZeroOrg/tasks#4 Maintain Hourly Status Dashboard Updates -> rc=0
https://github.com/StudioZeroOrg/tasks/issues/4#issuecomment-4401308164

StudioZeroOrg/tasks#3 Develop Brainwave Resonance Visualizer -> rc=0
https://github.com/StudioZeroOrg/tasks/issues/3#issuecomment-4401308276

StudioZeroOrg/tasks#2 Implement Zig-based MQTT Privacy Filter -> rc=0
https://github.com/StudioZeroOrg/tasks/issues/2#issuecomment-4401308370

StudioZeroOrg/tasks#1 Implement Zig-based MQTT Privacy Filter -> rc=0
https://github.com/StudioZeroOrg/tasks/issues/1#issuecomment-4401308486

StudioZeroOrg/ssg-apocalypse#1 Develop minimalist SSG in Zig [PRIORITY: HIGHEST] -> rc=0
https://github.com/StudioZeroOrg/ssg-apocalypse/issues/1#issuecomment-4401308600

StudioZeroOrg/brainwave-visualizer#1 Implement JS frequency visualizer -> rc=0
https://github.com/StudioZeroOrg/brainwave-visualizer/issues/1#issuecomment-4401308715

StudioZeroOrg/mqtt-privacy-filter#1 Implement Zig-based MQTT interceptor -> rc=0
https://github.com/StudioZeroOrg/mqtt-privacy-filter/issues/1#issuecomment-4401308810

