# Multi-Bot Status Check-in: Friday, May 8th, 2026 — 3:56 AM (UTC)

## 1. Poll Workers
- **Forge**: Active. Zig core optimizations for deterministic rendering finalized. Verifying binary size constraints.
- **Micromaker**: Active. UI layout stabilization reaching 92%. Cross-browser asset verification initiated.
- **Scout**: Active. Integrity scan complete. Security posture optimal. Internal telemetry enabled.
- **Serviceability**: Active. Integration testing for Zig sniffer in Pulse-Broadcaster: 75% coverage.

## 2. Audit Logs (Last 5 Minutes)
- `3:51 AM UTC`: Multi-Bot Status Check-in: Worker sync, GitHub Issue updates (10), STATUS.md/Dashboard sync. SUCCESS.
- `3:51 AM UTC`: Worker progress recorded in `worker_progress.md`.
- `3:51 AM UTC`: GitHub Issue comments posted to StudioZeroOrg repositories.
- `3:51 AM UTC`: STATUS.md updated with 3:46 AM Heartbeat data.

## 3. GitHub Issue Updates (StudioZeroOrg)
| Issue | Repo | Update |
|---|---|---|
| #1 | ssg-apocalypse | Latest Progress: Zig core optimizations for deterministic rendering finalized. Current Blocker: Binary size verification. Next Milestone: Markdown parsing integration. |
| #1 | brainwave-visualizer | Latest Progress: UI layout stabilization at 92%. Current Blocker: Asset verification. Next Milestone: Canvas integration. |
| #1 | mqtt-privacy-filter | Latest Progress: Integration testing for Zig sniffer at 75%. Current Blocker: None. Next Milestone: Topic parsing logic. |
| #7 | tasks | (SSG Apocalypse) Lifecycle Track: Zig optimizations finished. Binary size check ongoing. |
| #6 | tasks | (Brainwave Visualizer) Lifecycle Track: UI layout 92% stable. Assets being verified. |
| #5 | tasks | (MQTT Privacy Filter) Lifecycle Track: Integration test at 75%. |
| #4 | tasks | (Dashboard) Maintenance ongoing. STATUS.md synced at 3:46 AM UTC. |

## 4. System Sync
- **STATUS.md**: Updated (3:56 AM UTC).
- **Dashboard (Port 3000)**: Refreshed with latest Team Heartbeat.
- **Git Identity**: Viswanatha Kartha V <vichukartha@gmail.com> verified.
