[2026-02-14T20:51:23.768Z] Event: ping, Action: undefined, Repo: StudioZeroOrg/tasks
[2026-02-14T20:51:24.263Z] Event: ping, Action: undefined, Repo: StudioZeroOrg/ssg-apocalypse
[2026-02-14T20:51:24.754Z] Event: ping, Action: undefined, Repo: StudioZeroOrg/mqtt-privacy-filter
[2026-02-14T21:06:36.727Z] Event: issue_comment, Action: created, Repo: StudioZeroOrg/ssg-apocalypse
[2026-02-14T21:06:38.896Z] Event: issue_comment, Action: created, Repo: StudioZeroOrg/mqtt-privacy-filter
[2026-02-14T21:06:41.864Z] Event: issue_comment, Action: created, Repo: StudioZeroOrg/tasks
[2026-02-14T21:06:43.307Z] Event: issue_comment, Action: created, Repo: StudioZeroOrg/tasks
[2026-02-14T21:06:44.884Z] Event: issue_comment, Action: created, Repo: StudioZeroOrg/tasks
[2026-02-14T21:06:45.529Z] Event: issue_comment, Action: created, Repo: StudioZeroOrg/tasks
[2026-02-14T21:06:46.670Z] Event: issue_comment, Action: created, Repo: StudioZeroOrg/tasks
[2026-02-14T21:06:48.324Z] Event: issue_comment, Action: created, Repo: StudioZeroOrg/tasks
[2026-02-14T21:06:50.075Z] Event: issue_comment, Action: created, Repo: StudioZeroOrg/tasks
[2026-02-14T21:07:17.658Z] Event: issue_comment, Action: created, Repo: StudioZeroOrg/ssg-apocalypse
[2026-02-14T21:25:12.403Z] Event: issue_comment, Action: created, Repo: StudioZeroOrg/tasks
[2026-02-14T21:25:13.369Z] Event: issue_comment, Action: created, Repo: StudioZeroOrg/tasks
[2026-02-14T21:25:15.041Z] Event: issue_comment, Action: created, Repo: StudioZeroOrg/tasks
[2026-02-14T21:25:15.513Z] Event: issue_comment, Action: created, Repo: StudioZeroOrg/ssg-apocalypse
[2026-02-14T21:25:18.084Z] Event: issue_comment, Action: created, Repo: StudioZeroOrg/mqtt-privacy-filter
[2026-02-14T21:25:19.444Z] Event: issue_comment, Action: created, Repo: StudioZeroOrg/tasks
[2026-02-14T21:25:20.424Z] Event: issue_comment, Action: created, Repo: StudioZeroOrg/tasks
[2026-02-14T21:25:21.255Z] Event: issue_comment, Action: created, Repo: StudioZeroOrg/tasks
[2026-02-14T21:25:23.119Z] Event: issue_comment, Action: created, Repo: StudioZeroOrg/tasks
[2026-02-14T21:26:41.907Z] Event: issue_comment, Action: created, Repo: StudioZeroOrg/tasks
[2026-02-14T21:26:42.172Z] Event: issue_comment, Action: created, Repo: StudioZeroOrg/tasks
[2026-02-14T21:26:43.751Z] Event: issue_comment, Action: created, Repo: StudioZeroOrg/tasks
[2026-02-14T21:26:45.184Z] Event: issue_comment, Action: created, Repo: StudioZeroOrg/tasks
[2026-02-14T21:26:45.694Z] Event: issue_comment, Action: created, Repo: StudioZeroOrg/tasks
[2026-02-14T21:26:47.346Z] Event: issue_comment, Action: created, Repo: StudioZeroOrg/tasks
[2026-02-14T21:26:48.134Z] Event: issue_comment, Action: created, Repo: StudioZeroOrg/tasks
[2026-02-14T21:31:51.061Z] Event: issue_comment, Action: created, Repo: StudioZeroOrg/tasks
[2026-02-14T21:31:52.424Z] Event: issue_comment, Action: created, Repo: StudioZeroOrg/tasks
[2026-02-14T21:31:53.758Z] Event: issue_comment, Action: created, Repo: StudioZeroOrg/tasks
[2026-02-14T21:31:54.375Z] Event: issue_comment, Action: created, Repo: StudioZeroOrg/tasks
[2026-02-14T21:31:56.114Z] Event: issue_comment, Action: created, Repo: StudioZeroOrg/tasks
[2026-02-14T21:31:57.215Z] Event: issue_comment, Action: created, Repo: StudioZeroOrg/tasks
[2026-02-14T21:31:57.940Z] Event: issue_comment, Action: created, Repo: StudioZeroOrg/tasks
[2026-02-14T21:36:40.314Z] Event: issue_comment, Action: created, Repo: StudioZeroOrg/tasks
[2026-02-14T21:36:42.298Z] Event: issue_comment, Action: created, Repo: StudioZeroOrg/tasks
[2026-02-14T21:36:43.624Z] Event: issue_comment, Action: created, Repo: StudioZeroOrg/tasks
[2026-02-14T21:42:02.518Z] Event: issue_comment, Action: created, Repo: StudioZeroOrg/tasks
[2026-02-14T21:42:03.425Z] Event: issue_comment, Action: created, Repo: StudioZeroOrg/tasks
[2026-02-14T21:42:04.419Z] Event: issue_comment, Action: created, Repo: StudioZeroOrg/tasks
[2026-02-14T21:42:04.521Z] Event: issue_comment, Action: created, Repo: StudioZeroOrg/ssg-apocalypse
[2026-02-14T21:42:06.425Z] Event: issue_comment, Action: created, Repo: StudioZeroOrg/mqtt-privacy-filter
[2026-02-14T21:46:49.734Z] Event: issue_comment, Action: created, Repo: StudioZeroOrg/tasks
[2026-02-14T21:46:50.081Z] Event: issue_comment, Action: created, Repo: StudioZeroOrg/tasks
[2026-02-14T21:46:51.759Z] Event: issue_comment, Action: created, Repo: StudioZeroOrg/tasks
[2026-02-14T21:51:39.360Z] Event: issue_comment, Action: created, Repo: StudioZeroOrg/tasks
[2026-02-14T21:51:40.366Z] Event: issue_comment, Action: created, Repo: StudioZeroOrg/tasks
[2026-02-14T21:51:41.848Z] Event: issue_comment, Action: created, Repo: StudioZeroOrg/tasks
[2026-02-14T21:56:50.084Z] Event: issue_comment, Action: created, Repo: StudioZeroOrg/tasks
[2026-02-14T21:56:54.415Z] Event: issue_comment, Action: created, Repo: StudioZeroOrg/tasks
[2026-02-14T21:56:57.903Z] Event: issue_comment, Action: created, Repo: StudioZeroOrg/tasks
[2026-02-14T22:01:45.987Z] Event: issue_comment, Action: created, Repo: StudioZeroOrg/tasks
[2026-02-14T22:01:47.253Z] Event: issue_comment, Action: created, Repo: StudioZeroOrg/tasks
[2026-02-14T22:01:47.904Z] Event: issue_comment, Action: created, Repo: StudioZeroOrg/tasks
[2026-02-14T22:01:52.024Z] Event: issue_comment, Action: created, Repo: StudioZeroOrg/tasks
[2026-02-14T22:01:53.409Z] Event: issue_comment, Action: created, Repo: StudioZeroOrg/tasks
[2026-02-14T22:06:47.453Z] Event: issue_comment, Action: created, Repo: StudioZeroOrg/tasks
[2026-02-14T22:06:47.668Z] Event: issue_comment, Action: created, Repo: StudioZeroOrg/tasks
[2026-02-14T22:06:48.851Z] Event: issue_comment, Action: created, Repo: StudioZeroOrg/tasks
[2026-02-14T22:12:01.531Z] Event: issue_comment, Action: created, Repo: StudioZeroOrg/tasks
[2026-02-14T22:12:03.449Z] Event: issue_comment, Action: created, Repo: StudioZeroOrg/tasks
[2026-02-14T22:12:05.002Z] Event: issue_comment, Action: created, Repo: StudioZeroOrg/tasks
[2026-02-14T22:16:54.144Z] Event: issue_comment, Action: created, Repo: StudioZeroOrg/tasks
[2026-02-14T22:16:54.785Z] Event: issue_comment, Action: created, Repo: StudioZeroOrg/tasks
[2026-02-14T22:16:56.662Z] Event: issue_comment, Action: created, Repo: StudioZeroOrg/tasks
[2026-02-14T22:21:41.243Z] Event: issue_comment, Action: created, Repo: StudioZeroOrg/tasks
[2026-02-14T22:21:42.468Z] Event: issue_comment, Action: created, Repo: StudioZeroOrg/tasks
[2026-02-14T22:21:43.901Z] Event: issue_comment, Action: created, Repo: StudioZeroOrg/tasks
[2026-02-14T22:26:53.955Z] Event: issue_comment, Action: created, Repo: StudioZeroOrg/tasks
[2026-02-14T22:26:55.687Z] Event: issue_comment, Action: created, Repo: StudioZeroOrg/tasks
[2026-02-14T22:26:56.675Z] Event: issue_comment, Action: created, Repo: StudioZeroOrg/tasks
[2026-02-14T22:26:59.649Z] Event: issue_comment, Action: created, Repo: StudioZeroOrg/tasks
[2026-02-14T22:27:03.134Z] Event: issue_comment, Action: created, Repo: StudioZeroOrg/tasks
[2026-02-14T22:27:07.255Z] Event: issue_comment, Action: created, Repo: StudioZeroOrg/tasks
[2026-02-14T22:31:47.807Z] Event: issue_comment, Action: created, Repo: StudioZeroOrg/tasks
[2026-02-14T22:31:49.067Z] Event: issue_comment, Action: created, Repo: StudioZeroOrg/tasks
[2026-02-14T22:31:50.323Z] Event: issue_comment, Action: created, Repo: StudioZeroOrg/tasks
[2026-02-14T22:36:39.734Z] Event: issue_comment, Action: created, Repo: StudioZeroOrg/tasks
[2026-02-14T22:36:40.952Z] Event: issue_comment, Action: created, Repo: StudioZeroOrg/tasks
[2026-02-14T22:36:41.753Z] Event: issue_comment, Action: created, Repo: StudioZeroOrg/tasks
[2026-02-14T22:41:42.936Z] Event: issue_comment, Action: created, Repo: StudioZeroOrg/tasks
[2026-02-14T22:41:47.056Z] Event: issue_comment, Action: created, Repo: StudioZeroOrg/tasks
[2026-02-14T22:41:50.963Z] Event: issue_comment, Action: created, Repo: StudioZeroOrg/tasks
[2026-02-14T22:46:43.492Z] Event: issue_comment, Action: created, Repo: StudioZeroOrg/tasks
[2026-02-14T22:46:43.752Z] Event: issue_comment, Action: created, Repo: StudioZeroOrg/tasks
[2026-02-14T22:46:45.153Z] Event: issue_comment, Action: created, Repo: StudioZeroOrg/tasks
[2026-02-14T22:51:46.617Z] Event: issue_comment, Action: created, Repo: StudioZeroOrg/tasks
[2026-02-14T22:51:47.871Z] Event: issue_comment, Action: created, Repo: StudioZeroOrg/tasks
[2026-02-14T22:51:48.919Z] Event: issue_comment, Action: created, Repo: StudioZeroOrg/tasks
[2026-02-14T22:56:46.624Z] Event: issue_comment, Action: created, Repo: StudioZeroOrg/tasks
[2026-02-14T22:56:48.400Z] Event: issue_comment, Action: created, Repo: StudioZeroOrg/tasks
[2026-02-14T22:56:48.755Z] Event: issue_comment, Action: created, Repo: StudioZeroOrg/tasks
[2026-02-14T22:56:51.949Z] Event: issue_comment, Action: created, Repo: StudioZeroOrg/tasks
[2026-02-14T23:01:46.898Z] Event: issue_comment, Action: created, Repo: StudioZeroOrg/tasks
[2026-02-14T23:01:47.823Z] Event: issue_comment, Action: created, Repo: StudioZeroOrg/tasks
[2026-02-14T23:01:49.240Z] Event: issue_comment, Action: created, Repo: StudioZeroOrg/tasks
[2026-02-14T23:06:53.139Z] Event: issue_comment, Action: created, Repo: StudioZeroOrg/tasks
[2026-02-14T23:06:53.747Z] Event: issue_comment, Action: created, Repo: StudioZeroOrg/tasks
[2026-02-14T23:06:54.694Z] Event: issue_comment, Action: created, Repo: StudioZeroOrg/tasks
[2026-02-14T23:11:39.879Z] Event: issue_comment, Action: created, Repo: StudioZeroOrg/tasks
[2026-02-14T23:11:41.246Z] Event: issue_comment, Action: created, Repo: StudioZeroOrg/tasks
[2026-02-14T23:11:42.247Z] Event: issue_comment, Action: created, Repo: StudioZeroOrg/tasks
[2026-02-14T23:16:41.606Z] Event: issue_comment, Action: created, Repo: StudioZeroOrg/tasks
[2026-02-14T23:16:43.045Z] Event: issue_comment, Action: created, Repo: StudioZeroOrg/tasks
[2026-02-14T23:16:43.794Z] Event: issue_comment, Action: created, Repo: StudioZeroOrg/tasks
[2026-02-14T23:21:47.590Z] Event: issue_comment, Action: created, Repo: StudioZeroOrg/tasks
[2026-02-14T23:21:48.816Z] Event: issue_comment, Action: created, Repo: StudioZeroOrg/tasks
[2026-02-14T23:21:49.977Z] Event: issue_comment, Action: created, Repo: StudioZeroOrg/tasks
[2026-02-14T23:26:47.952Z] Event: issue_comment, Action: created, Repo: StudioZeroOrg/tasks
[2026-02-14T23:26:49.134Z] Event: issue_comment, Action: created, Repo: StudioZeroOrg/tasks
[2026-02-14T23:26:50.353Z] Event: issue_comment, Action: created, Repo: StudioZeroOrg/tasks
[2026-02-14T23:31:42.204Z] Event: issue_comment, Action: created, Repo: StudioZeroOrg/tasks
[2026-02-14T23:31:43.108Z] Event: issue_comment, Action: created, Repo: StudioZeroOrg/tasks
[2026-02-14T23:31:44.268Z] Event: issue_comment, Action: created, Repo: StudioZeroOrg/tasks
[2026-02-14T23:36:54.038Z] Event: issue_comment, Action: created, Repo: StudioZeroOrg/tasks
[2026-02-14T23:36:55.130Z] Event: issue_comment, Action: created, Repo: StudioZeroOrg/tasks
[2026-02-14T23:36:56.543Z] Event: issue_comment, Action: created, Repo: StudioZeroOrg/tasks
[2026-02-14T23:41:36.958Z] Event: issue_comment, Action: created, Repo: StudioZeroOrg/tasks
[2026-02-14T23:41:40.304Z] Event: issue_comment, Action: created, Repo: StudioZeroOrg/tasks
[2026-02-14T23:41:44.535Z] Event: issue_comment, Action: created, Repo: StudioZeroOrg/tasks
[2026-02-14T23:46:56.515Z] Event: issue_comment, Action: created, Repo: StudioZeroOrg/tasks
[2026-02-14T23:46:57.871Z] Event: issue_comment, Action: created, Repo: StudioZeroOrg/tasks
[2026-02-14T23:46:58.934Z] Event: issue_comment, Action: created, Repo: StudioZeroOrg/tasks
[2026-02-14T23:51:52.663Z] Event: issue_comment, Action: created, Repo: StudioZeroOrg/tasks
[2026-02-14T23:51:54.266Z] Event: issue_comment, Action: created, Repo: StudioZeroOrg/tasks
[2026-02-14T23:51:54.946Z] Event: issue_comment, Action: created, Repo: StudioZeroOrg/tasks
[2026-02-14T23:56:43.467Z] Event: issue_comment, Action: created, Repo: StudioZeroOrg/tasks
[2026-02-14T23:56:45.363Z] Event: issue_comment, Action: created, Repo: StudioZeroOrg/tasks
[2026-02-14T23:56:46.633Z] Event: issue_comment, Action: created, Repo: StudioZeroOrg/tasks
[2026-02-15T00:01:52.388Z] Event: issue_comment, Action: created, Repo: StudioZeroOrg/tasks
[2026-02-15T00:01:54.226Z] Event: issue_comment, Action: created, Repo: StudioZeroOrg/tasks
[2026-02-15T00:01:54.926Z] Event: issue_comment, Action: created, Repo: StudioZeroOrg/tasks
[2026-02-15T00:06:46.828Z] Event: issue_comment, Action: created, Repo: StudioZeroOrg/tasks
[2026-02-15T00:06:47.899Z] Event: issue_comment, Action: created, Repo: StudioZeroOrg/tasks
[2026-02-15T00:06:49.337Z] Event: issue_comment, Action: created, Repo: StudioZeroOrg/tasks
[2026-02-15T00:11:53.758Z] Event: issue_comment, Action: created, Repo: StudioZeroOrg/tasks
[2026-02-15T00:11:54.669Z] Event: issue_comment, Action: created, Repo: StudioZeroOrg/tasks
[2026-02-15T00:11:56.693Z] Event: issue_comment, Action: created, Repo: StudioZeroOrg/tasks
[2026-02-15T00:16:46.178Z] Event: issue_comment, Action: created, Repo: StudioZeroOrg/tasks
[2026-02-15T00:16:47.349Z] Event: issue_comment, Action: created, Repo: StudioZeroOrg/tasks
[2026-02-15T00:16:49.015Z] Event: issue_comment, Action: created, Repo: StudioZeroOrg/tasks
[2026-02-15T00:21:50.859Z] Event: issue_comment, Action: created, Repo: StudioZeroOrg/tasks
[2026-02-15T00:21:52.051Z] Event: issue_comment, Action: created, Repo: StudioZeroOrg/tasks
[2026-02-15T00:21:53.339Z] Event: issue_comment, Action: created, Repo: StudioZeroOrg/tasks
[2026-02-15T00:26:47.216Z] Event: issue_comment, Action: created, Repo: StudioZeroOrg/tasks
[2026-02-15T00:26:48.657Z] Event: issue_comment, Action: created, Repo: StudioZeroOrg/tasks
[2026-02-15T00:26:49.959Z] Event: issue_comment, Action: created, Repo: StudioZeroOrg/tasks
[2026-02-15T00:31:54.671Z] Event: issue_comment, Action: created, Repo: StudioZeroOrg/tasks
[2026-02-15T00:31:55.357Z] Event: issue_comment, Action: created, Repo: StudioZeroOrg/tasks
[2026-02-15T00:31:56.047Z] Event: issue_comment, Action: created, Repo: StudioZeroOrg/tasks
[2026-02-15T00:36:48.398Z] Event: issue_comment, Action: created, Repo: StudioZeroOrg/tasks
[2026-02-15T00:36:49.247Z] Event: issue_comment, Action: created, Repo: StudioZeroOrg/tasks
[2026-02-15T00:36:51.149Z] Event: issue_comment, Action: created, Repo: StudioZeroOrg/tasks
[2026-02-15T00:41:48.854Z] Event: issue_comment, Action: created, Repo: StudioZeroOrg/tasks
[2026-02-15T00:41:49.958Z] Event: issue_comment, Action: created, Repo: StudioZeroOrg/tasks
[2026-02-15T00:41:51.214Z] Event: issue_comment, Action: created, Repo: StudioZeroOrg/tasks
[2026-02-15T00:46:35.341Z] Event: issue_comment, Action: created, Repo: StudioZeroOrg/tasks
[2026-02-15T00:46:36.079Z] Event: issue_comment, Action: created, Repo: StudioZeroOrg/tasks
[2026-02-15T00:46:37.710Z] Event: issue_comment, Action: created, Repo: StudioZeroOrg/tasks
[2026-02-15T00:51:47.228Z] Event: issue_comment, Action: created, Repo: StudioZeroOrg/tasks
[2026-02-15T00:51:47.670Z] Event: issue_comment, Action: created, Repo: StudioZeroOrg/tasks
[2026-02-15T00:51:49.729Z] Event: issue_comment, Action: created, Repo: StudioZeroOrg/tasks
[2026-02-15T00:56:54.446Z] Event: issue_comment, Action: created, Repo: StudioZeroOrg/tasks
[2026-02-15T00:56:55.563Z] Event: issue_comment, Action: created, Repo: StudioZeroOrg/tasks
[2026-02-15T00:56:57.147Z] Event: issue_comment, Action: created, Repo: StudioZeroOrg/tasks
[2026-02-15T01:01:43.052Z] Event: issue_comment, Action: created, Repo: StudioZeroOrg/tasks
[2026-02-15T01:01:44.392Z] Event: issue_comment, Action: created, Repo: StudioZeroOrg/tasks
[2026-02-15T01:01:45.711Z] Event: issue_comment, Action: created, Repo: StudioZeroOrg/tasks
[2026-02-15T01:06:51.936Z] Event: issue_comment, Action: created, Repo: StudioZeroOrg/tasks
[2026-02-15T01:06:52.843Z] Event: issue_comment, Action: created, Repo: StudioZeroOrg/tasks
[2026-02-15T01:06:54.169Z] Event: issue_comment, Action: created, Repo: StudioZeroOrg/tasks
[2026-02-15T01:11:40.519Z] Event: issue_comment, Action: created, Repo: StudioZeroOrg/tasks
[2026-02-15T01:11:41.719Z] Event: issue_comment, Action: created, Repo: StudioZeroOrg/tasks
[2026-02-15T01:11:42.999Z] Event: issue_comment, Action: created, Repo: StudioZeroOrg/tasks
[2026-02-15T01:16:40.446Z] Event: issue_comment, Action: created, Repo: StudioZeroOrg/tasks
[2026-02-15T01:16:41.393Z] Event: issue_comment, Action: created, Repo: StudioZeroOrg/tasks
[2026-02-15T01:16:42.010Z] Event: issue_comment, Action: created, Repo: StudioZeroOrg/tasks
[2026-02-15T01:21:56.149Z] Event: issue_comment, Action: created, Repo: StudioZeroOrg/tasks
[2026-02-15T01:21:57.752Z] Event: issue_comment, Action: created, Repo: StudioZeroOrg/tasks
[2026-02-15T01:21:58.612Z] Event: issue_comment, Action: created, Repo: StudioZeroOrg/tasks
[2026-02-15T01:26:51.132Z] Event: issue_comment, Action: created, Repo: StudioZeroOrg/tasks
[2026-02-15T01:26:51.407Z] Event: issue_comment, Action: created, Repo: StudioZeroOrg/tasks
[2026-02-15T01:26:52.603Z] Event: issue_comment, Action: created, Repo: StudioZeroOrg/tasks
[2026-02-15T01:31:51.562Z] Event: issue_comment, Action: created, Repo: StudioZeroOrg/tasks
[2026-02-15T01:31:52.016Z] Event: issue_comment, Action: created, Repo: StudioZeroOrg/tasks
[2026-02-15T01:31:53.470Z] Event: issue_comment, Action: created, Repo: StudioZeroOrg/tasks
[2026-02-15T01:36:45.909Z] Event: issue_comment, Action: created, Repo: StudioZeroOrg/tasks
[2026-02-15T01:36:46.926Z] Event: issue_comment, Action: created, Repo: StudioZeroOrg/tasks
[2026-02-15T01:36:48.527Z] Event: issue_comment, Action: created, Repo: StudioZeroOrg/tasks
[2026-02-15T01:41:42.953Z] Event: issue_comment, Action: created, Repo: StudioZeroOrg/tasks
[2026-02-15T01:41:44.250Z] Event: issue_comment, Action: created, Repo: StudioZeroOrg/tasks
[2026-02-15T01:41:45.701Z] Event: issue_comment, Action: created, Repo: StudioZeroOrg/tasks
[2026-02-15T01:46:46.967Z] Event: issue_comment, Action: created, Repo: StudioZeroOrg/tasks
[2026-02-15T01:46:48.024Z] Event: issue_comment, Action: created, Repo: StudioZeroOrg/tasks
[2026-02-15T01:46:49.681Z] Event: issue_comment, Action: created, Repo: StudioZeroOrg/tasks
[2026-02-15T01:52:03.014Z] Event: issue_comment, Action: created, Repo: StudioZeroOrg/tasks
[2026-02-15T01:52:05.902Z] Event: issue_comment, Action: created, Repo: StudioZeroOrg/tasks
[2026-02-15T01:52:25.492Z] Event: issue_comment, Action: created, Repo: StudioZeroOrg/tasks
[2026-02-15T01:56:53.020Z] Event: issue_comment, Action: created, Repo: StudioZeroOrg/tasks
[2026-02-15T01:56:54.238Z] Event: issue_comment, Action: created, Repo: StudioZeroOrg/tasks
[2026-02-15T01:56:55.155Z] Event: issue_comment, Action: created, Repo: StudioZeroOrg/tasks
[2026-02-15T02:02:05.938Z] Event: issue_comment, Action: created, Repo: StudioZeroOrg/tasks
[2026-02-15T02:02:06.706Z] Event: issue_comment, Action: created, Repo: StudioZeroOrg/tasks
[2026-02-15T02:02:07.635Z] Event: issue_comment, Action: created, Repo: StudioZeroOrg/tasks
[2026-02-15T02:07:02.492Z] Event: issue_comment, Action: created, Repo: StudioZeroOrg/tasks
[2026-02-15T02:07:04.114Z] Event: issue_comment, Action: created, Repo: StudioZeroOrg/tasks
[2026-02-15T02:07:05.065Z] Event: issue_comment, Action: created, Repo: StudioZeroOrg/tasks
[2026-02-15T02:11:47.187Z] Event: issue_comment, Action: created, Repo: StudioZeroOrg/tasks
[2026-02-15T02:11:48.528Z] Event: issue_comment, Action: created, Repo: StudioZeroOrg/tasks
[2026-02-15T02:11:49.494Z] Event: issue_comment, Action: created, Repo: StudioZeroOrg/tasks
[2026-02-15T02:17:48.677Z] Event: issue_comment, Action: created, Repo: StudioZeroOrg/tasks
[2026-02-15T02:17:52.383Z] Event: issue_comment, Action: created, Repo: StudioZeroOrg/tasks
[2026-02-15T02:17:56.077Z] Event: issue_comment, Action: created, Repo: StudioZeroOrg/tasks
[2026-05-05T16:51:07.709Z] Event: issue_comment, Action: created, Repo: StudioZeroOrg/tasks
[2026-05-05T16:51:09.453Z] Event: issue_comment, Action: created, Repo: StudioZeroOrg/tasks
[2026-05-05T16:51:10.861Z] Event: issue_comment, Action: created, Repo: StudioZeroOrg/tasks
[2026-05-05T16:56:37.343Z] Event: issue_comment, Action: created, Repo: StudioZeroOrg/tasks
[2026-05-05T16:56:39.054Z] Event: issue_comment, Action: created, Repo: StudioZeroOrg/tasks
[2026-05-05T16:56:39.771Z] Event: issue_comment, Action: created, Repo: StudioZeroOrg/tasks
[2026-05-05T17:01:34.648Z] Event: issue_comment, Action: created, Repo: StudioZeroOrg/tasks
[2026-05-05T17:01:36.189Z] Event: issue_comment, Action: created, Repo: StudioZeroOrg/tasks
[2026-05-05T17:01:37.633Z] Event: issue_comment, Action: created, Repo: StudioZeroOrg/tasks
[2026-05-05T17:06:32.567Z] Event: issue_comment, Action: created, Repo: StudioZeroOrg/tasks
[2026-05-05T17:06:33.691Z] Event: issue_comment, Action: created, Repo: StudioZeroOrg/tasks
[2026-05-05T17:06:35.149Z] Event: issue_comment, Action: created, Repo: StudioZeroOrg/tasks
[2026-05-05T17:11:29.844Z] Event: issue_comment, Action: created, Repo: StudioZeroOrg/tasks
[2026-05-05T17:11:31.196Z] Event: issue_comment, Action: created, Repo: StudioZeroOrg/tasks
[2026-05-05T17:11:33.161Z] Event: issue_comment, Action: created, Repo: StudioZeroOrg/tasks
[2026-05-05T17:16:43.939Z] Event: issue_comment, Action: created, Repo: StudioZeroOrg/tasks
[2026-05-05T17:16:48.078Z] Event: issue_comment, Action: created, Repo: StudioZeroOrg/tasks
[2026-05-05T17:16:53.271Z] Event: issue_comment, Action: created, Repo: StudioZeroOrg/tasks
[2026-05-05T17:16:54.070Z] Event: issue_comment, Action: created, Repo: StudioZeroOrg/tasks
[2026-05-05T17:16:55.580Z] Event: issue_comment, Action: created, Repo: StudioZeroOrg/tasks
[2026-05-05T17:21:42.175Z] Event: issue_comment, Action: created, Repo: StudioZeroOrg/tasks
[2026-05-05T17:21:43.243Z] Event: issue_comment, Action: created, Repo: StudioZeroOrg/tasks
[2026-05-05T17:21:44.869Z] Event: issue_comment, Action: created, Repo: StudioZeroOrg/tasks
[2026-05-05T17:26:59.695Z] Event: issue_comment, Action: created, Repo: StudioZeroOrg/tasks
[2026-05-05T17:27:00.612Z] Event: issue_comment, Action: created, Repo: StudioZeroOrg/tasks
[2026-05-05T17:27:02.865Z] Event: issue_comment, Action: created, Repo: StudioZeroOrg/tasks
[2026-05-05T17:31:32.905Z] Event: issue_comment, Action: created, Repo: StudioZeroOrg/tasks
[2026-05-05T17:31:42.820Z] Event: issue_comment, Action: created, Repo: StudioZeroOrg/tasks
[2026-05-05T17:31:44.447Z] Event: issue_comment, Action: created, Repo: StudioZeroOrg/tasks
[2026-05-05T17:36:47.577Z] Event: issue_comment, Action: created, Repo: StudioZeroOrg/tasks
[2026-05-05T17:36:49.067Z] Event: issue_comment, Action: created, Repo: StudioZeroOrg/tasks
[2026-05-05T17:36:59.702Z] Event: issue_comment, Action: created, Repo: StudioZeroOrg/tasks
[2026-05-05T17:41:42.118Z] Event: issue_comment, Action: created, Repo: StudioZeroOrg/tasks
[2026-05-05T17:41:43.791Z] Event: issue_comment, Action: created, Repo: StudioZeroOrg/tasks
[2026-05-05T17:46:29.911Z] Event: issue_comment, Action: created, Repo: StudioZeroOrg/tasks
[2026-05-05T17:47:30.490Z] Event: issue_comment, Action: created, Repo: StudioZeroOrg/tasks
[2026-05-05T17:47:31.102Z] Event: issue_comment, Action: created, Repo: StudioZeroOrg/tasks
[2026-05-05T17:51:44.748Z] Event: issue_comment, Action: created, Repo: StudioZeroOrg/tasks
[2026-05-05T17:51:45.202Z] Event: issue_comment, Action: created, Repo: StudioZeroOrg/tasks
[2026-05-05T17:51:46.908Z] Event: issue_comment, Action: created, Repo: StudioZeroOrg/tasks
[2026-05-05T17:56:46.206Z] Event: issue_comment, Action: created, Repo: StudioZeroOrg/tasks
[2026-05-05T17:56:47.338Z] Event: issue_comment, Action: created, Repo: StudioZeroOrg/tasks
[2026-05-05T17:56:48.604Z] Event: issue_comment, Action: created, Repo: StudioZeroOrg/tasks
[2026-05-05T18:01:44.368Z] Event: issue_comment, Action: created, Repo: StudioZeroOrg/tasks
[2026-05-05T18:01:46.010Z] Event: issue_comment, Action: created, Repo: StudioZeroOrg/tasks
[2026-05-05T18:01:47.082Z] Event: issue_comment, Action: created, Repo: StudioZeroOrg/tasks
[2026-05-05T18:06:43.716Z] Event: issue_comment, Action: created, Repo: StudioZeroOrg/tasks
[2026-05-05T18:06:45.432Z] Event: issue_comment, Action: created, Repo: StudioZeroOrg/tasks
[2026-05-05T18:06:46.107Z] Event: issue_comment, Action: created, Repo: StudioZeroOrg/tasks
[2026-05-05T18:11:49.166Z] Event: issue_comment, Action: created, Repo: StudioZeroOrg/tasks
[2026-05-05T18:11:50.146Z] Event: issue_comment, Action: created, Repo: StudioZeroOrg/tasks
[2026-05-05T18:11:52.037Z] Event: issue_comment, Action: created, Repo: StudioZeroOrg/tasks
[2026-05-05T18:16:55.552Z] Event: issue_comment, Action: created, Repo: StudioZeroOrg/tasks
[2026-05-05T18:16:57.180Z] Event: issue_comment, Action: created, Repo: StudioZeroOrg/tasks
[2026-05-05T18:16:57.833Z] Event: issue_comment, Action: created, Repo: StudioZeroOrg/tasks
[2026-05-05T18:21:38.765Z] Event: issue_comment, Action: created, Repo: StudioZeroOrg/tasks
[2026-05-05T18:21:40.310Z] Event: issue_comment, Action: created, Repo: StudioZeroOrg/tasks
[2026-05-05T18:21:41.888Z] Event: issue_comment, Action: created, Repo: StudioZeroOrg/tasks
[2026-05-05T18:26:53.831Z] Event: issue_comment, Action: created, Repo: StudioZeroOrg/tasks
[2026-05-05T18:26:57.998Z] Event: issue_comment, Action: created, Repo: StudioZeroOrg/tasks
[2026-05-05T18:26:58.819Z] Event: issue_comment, Action: created, Repo: StudioZeroOrg/tasks
[2026-05-05T18:32:05.175Z] Event: issue_comment, Action: created, Repo: StudioZeroOrg/tasks
[2026-05-05T18:32:06.071Z] Event: issue_comment, Action: created, Repo: StudioZeroOrg/tasks
[2026-05-05T18:32:07.542Z] Event: issue_comment, Action: created, Repo: StudioZeroOrg/tasks
[2026-05-05T18:36:36.603Z] Event: issue_comment, Action: created, Repo: StudioZeroOrg/tasks
[2026-05-05T18:36:38.189Z] Event: issue_comment, Action: created, Repo: StudioZeroOrg/tasks
[2026-05-05T18:36:39.687Z] Event: issue_comment, Action: created, Repo: StudioZeroOrg/tasks
[2026-05-05T18:41:46.137Z] Event: issue_comment, Action: created, Repo: StudioZeroOrg/tasks
[2026-05-05T18:41:47.096Z] Event: issue_comment, Action: created, Repo: StudioZeroOrg/tasks
[2026-05-05T18:41:48.685Z] Event: issue_comment, Action: created, Repo: StudioZeroOrg/tasks
[2026-05-05T18:46:42.385Z] Event: issue_comment, Action: created, Repo: StudioZeroOrg/tasks
[2026-05-05T18:46:42.903Z] Event: issue_comment, Action: created, Repo: StudioZeroOrg/tasks
[2026-05-05T18:46:44.839Z] Event: issue_comment, Action: created, Repo: StudioZeroOrg/tasks
[2026-05-05T18:51:47.067Z] Event: issue_comment, Action: created, Repo: StudioZeroOrg/tasks
[2026-05-05T18:51:48.205Z] Event: issue_comment, Action: created, Repo: StudioZeroOrg/tasks
[2026-05-05T18:51:49.533Z] Event: issue_comment, Action: created, Repo: StudioZeroOrg/tasks
[2026-05-05T18:56:39.603Z] Event: issue_comment, Action: created, Repo: StudioZeroOrg/tasks
[2026-05-05T18:56:41.640Z] Event: issue_comment, Action: created, Repo: StudioZeroOrg/tasks
[2026-05-05T18:56:42.516Z] Event: issue_comment, Action: created, Repo: StudioZeroOrg/tasks
[2026-05-05T19:01:42.868Z] Event: issue_comment, Action: created, Repo: StudioZeroOrg/tasks
[2026-05-05T19:01:43.826Z] Event: issue_comment, Action: created, Repo: StudioZeroOrg/tasks
[2026-05-05T19:01:45.157Z] Event: issue_comment, Action: created, Repo: StudioZeroOrg/tasks
[2026-05-05T19:06:36.528Z] Event: issue_comment, Action: created, Repo: StudioZeroOrg/tasks
[2026-05-05T19:06:38.281Z] Event: issue_comment, Action: created, Repo: StudioZeroOrg/tasks
[2026-05-05T19:06:39.689Z] Event: issue_comment, Action: created, Repo: StudioZeroOrg/tasks
[2026-05-05T19:12:13.296Z] Event: issue_comment, Action: created, Repo: StudioZeroOrg/tasks
[2026-05-05T19:12:14.248Z] Event: issue_comment, Action: created, Repo: StudioZeroOrg/tasks
[2026-05-05T19:12:15.767Z] Event: issue_comment, Action: created, Repo: StudioZeroOrg/tasks
[2026-05-05T19:16:33.315Z] Event: issue_comment, Action: created, Repo: StudioZeroOrg/tasks
[2026-05-05T19:16:34.423Z] Event: issue_comment, Action: created, Repo: StudioZeroOrg/tasks
[2026-05-05T19:16:36.274Z] Event: issue_comment, Action: created, Repo: StudioZeroOrg/tasks
[2026-05-05T19:21:56.917Z] Event: issue_comment, Action: created, Repo: StudioZeroOrg/tasks
[2026-05-05T19:21:58.149Z] Event: issue_comment, Action: created, Repo: StudioZeroOrg/tasks
[2026-05-05T19:21:59.123Z] Event: issue_comment, Action: created, Repo: StudioZeroOrg/tasks
[2026-05-05T19:26:39.029Z] Event: issue_comment, Action: created, Repo: StudioZeroOrg/tasks
[2026-05-05T19:26:39.854Z] Event: issue_comment, Action: created, Repo: StudioZeroOrg/tasks
[2026-05-05T19:26:41.166Z] Event: issue_comment, Action: created, Repo: StudioZeroOrg/tasks
[2026-05-05T19:31:32.674Z] Event: issue_comment, Action: created, Repo: StudioZeroOrg/tasks
[2026-05-05T19:31:34.063Z] Event: issue_comment, Action: created, Repo: StudioZeroOrg/tasks
[2026-05-05T19:31:35.888Z] Event: issue_comment, Action: created, Repo: StudioZeroOrg/tasks
[2026-05-05T19:36:46.873Z] Event: issue_comment, Action: created, Repo: StudioZeroOrg/tasks
[2026-05-05T19:36:48.887Z] Event: issue_comment, Action: created, Repo: StudioZeroOrg/tasks
[2026-05-05T19:36:49.734Z] Event: issue_comment, Action: created, Repo: StudioZeroOrg/tasks
[2026-05-05T19:41:45.686Z] Event: issue_comment, Action: created, Repo: StudioZeroOrg/tasks
[2026-05-05T19:41:47.753Z] Event: issue_comment, Action: created, Repo: StudioZeroOrg/tasks
[2026-05-05T19:41:48.633Z] Event: issue_comment, Action: created, Repo: StudioZeroOrg/tasks
[2026-05-05T19:46:46.582Z] Event: issue_comment, Action: created, Repo: StudioZeroOrg/tasks
[2026-05-05T19:46:48.198Z] Event: issue_comment, Action: created, Repo: StudioZeroOrg/tasks
[2026-05-05T19:46:48.772Z] Event: issue_comment, Action: created, Repo: StudioZeroOrg/tasks
[2026-05-05T19:51:45.325Z] Event: issue_comment, Action: created, Repo: StudioZeroOrg/tasks
[2026-05-05T19:51:46.999Z] Event: issue_comment, Action: created, Repo: StudioZeroOrg/tasks
[2026-05-05T19:51:48.785Z] Event: issue_comment, Action: created, Repo: StudioZeroOrg/tasks
[2026-05-05T19:56:48.362Z] Event: issue_comment, Action: created, Repo: StudioZeroOrg/tasks
[2026-05-05T19:56:49.475Z] Event: issue_comment, Action: created, Repo: StudioZeroOrg/tasks
[2026-05-05T19:56:50.029Z] Event: issue_comment, Action: created, Repo: StudioZeroOrg/tasks
[2026-05-05T20:01:55.354Z] Event: issue_comment, Action: created, Repo: StudioZeroOrg/tasks
[2026-05-05T20:01:56.437Z] Event: issue_comment, Action: created, Repo: StudioZeroOrg/tasks
[2026-05-05T20:01:58.479Z] Event: issue_comment, Action: created, Repo: StudioZeroOrg/tasks
[2026-05-05T20:06:46.949Z] Event: issue_comment, Action: created, Repo: StudioZeroOrg/tasks
[2026-05-05T20:06:48.526Z] Event: issue_comment, Action: created, Repo: StudioZeroOrg/tasks
[2026-05-05T20:06:49.264Z] Event: issue_comment, Action: created, Repo: StudioZeroOrg/tasks
[2026-05-05T20:11:42.798Z] Event: issue_comment, Action: created, Repo: StudioZeroOrg/tasks
[2026-05-05T20:11:44.804Z] Event: issue_comment, Action: created, Repo: StudioZeroOrg/tasks
[2026-05-05T20:11:45.266Z] Event: issue_comment, Action: created, Repo: StudioZeroOrg/tasks
[2026-05-05T20:16:36.946Z] Event: issue_comment, Action: created, Repo: StudioZeroOrg/tasks
[2026-05-05T20:16:38.024Z] Event: issue_comment, Action: created, Repo: StudioZeroOrg/tasks
[2026-05-05T20:16:39.412Z] Event: issue_comment, Action: created, Repo: StudioZeroOrg/tasks
[2026-05-05T20:21:40.529Z] Event: issue_comment, Action: created, Repo: StudioZeroOrg/tasks
[2026-05-05T20:21:42.007Z] Event: issue_comment, Action: created, Repo: StudioZeroOrg/tasks
[2026-05-05T20:21:42.945Z] Event: issue_comment, Action: created, Repo: StudioZeroOrg/tasks
[2026-05-05T20:27:16.032Z] Event: issue_comment, Action: created, Repo: StudioZeroOrg/tasks
[2026-05-05T20:27:16.443Z] Event: issue_comment, Action: created, Repo: StudioZeroOrg/tasks
[2026-05-05T20:27:17.710Z] Event: issue_comment, Action: created, Repo: StudioZeroOrg/tasks
[2026-05-05T20:31:33.612Z] Event: issue_comment, Action: created, Repo: StudioZeroOrg/tasks
[2026-05-05T20:31:35.041Z] Event: issue_comment, Action: created, Repo: StudioZeroOrg/tasks
[2026-05-05T20:31:36.870Z] Event: issue_comment, Action: created, Repo: StudioZeroOrg/tasks
[2026-05-05T20:36:43.901Z] Event: issue_comment, Action: created, Repo: StudioZeroOrg/tasks
[2026-05-05T20:36:45.425Z] Event: issue_comment, Action: created, Repo: StudioZeroOrg/tasks
[2026-05-05T20:36:47.010Z] Event: issue_comment, Action: created, Repo: StudioZeroOrg/tasks
[2026-05-05T20:41:42.509Z] Event: issue_comment, Action: created, Repo: StudioZeroOrg/tasks
[2026-05-05T20:41:44.600Z] Event: issue_comment, Action: created, Repo: StudioZeroOrg/tasks
[2026-05-05T20:41:45.683Z] Event: issue_comment, Action: created, Repo: StudioZeroOrg/tasks
[2026-05-05T20:46:54.430Z] Event: issue_comment, Action: created, Repo: StudioZeroOrg/tasks
[2026-05-05T20:46:56.058Z] Event: issue_comment, Action: created, Repo: StudioZeroOrg/tasks
[2026-05-05T20:46:56.942Z] Event: issue_comment, Action: created, Repo: StudioZeroOrg/tasks
[2026-05-05T20:51:35.643Z] Event: issue_comment, Action: created, Repo: StudioZeroOrg/tasks
[2026-05-05T20:51:37.227Z] Event: issue_comment, Action: created, Repo: StudioZeroOrg/tasks
[2026-05-05T20:51:38.505Z] Event: issue_comment, Action: created, Repo: StudioZeroOrg/tasks
[2026-05-05T20:56:39.451Z] Event: issue_comment, Action: created, Repo: StudioZeroOrg/tasks
[2026-05-05T20:56:41.622Z] Event: issue_comment, Action: created, Repo: StudioZeroOrg/tasks
[2026-05-05T20:56:42.598Z] Event: issue_comment, Action: created, Repo: StudioZeroOrg/tasks
[2026-05-05T21:01:36.710Z] Event: issue_comment, Action: created, Repo: StudioZeroOrg/tasks
[2026-05-05T21:01:37.532Z] Event: issue_comment, Action: created, Repo: StudioZeroOrg/tasks
[2026-05-05T21:01:39.498Z] Event: issue_comment, Action: created, Repo: StudioZeroOrg/tasks
[2026-05-05T21:06:45.904Z] Event: issue_comment, Action: created, Repo: StudioZeroOrg/tasks
[2026-05-05T21:06:48.317Z] Event: issue_comment, Action: created, Repo: StudioZeroOrg/tasks
[2026-05-05T21:06:49.654Z] Event: issue_comment, Action: created, Repo: StudioZeroOrg/tasks
[2026-05-05T21:11:34.468Z] Event: issue_comment, Action: created, Repo: StudioZeroOrg/tasks
[2026-05-05T21:11:35.563Z] Event: issue_comment, Action: created, Repo: StudioZeroOrg/tasks
[2026-05-05T21:11:36.485Z] Event: issue_comment, Action: created, Repo: StudioZeroOrg/tasks
[2026-05-05T21:16:30.850Z] Event: issue_comment, Action: created, Repo: StudioZeroOrg/tasks
[2026-05-05T21:16:31.521Z] Event: issue_comment, Action: created, Repo: StudioZeroOrg/tasks
[2026-05-05T21:16:33.007Z] Event: issue_comment, Action: created, Repo: StudioZeroOrg/tasks
[2026-05-05T21:21:28.864Z] Event: issue_comment, Action: created, Repo: StudioZeroOrg/tasks
[2026-05-05T21:21:29.507Z] Event: issue_comment, Action: created, Repo: StudioZeroOrg/tasks
[2026-05-05T21:21:30.917Z] Event: issue_comment, Action: created, Repo: StudioZeroOrg/tasks
[2026-05-05T21:26:42.631Z] Event: issue_comment, Action: created, Repo: StudioZeroOrg/tasks
[2026-05-05T21:26:43.417Z] Event: issue_comment, Action: created, Repo: StudioZeroOrg/tasks
[2026-05-05T21:26:44.813Z] Event: issue_comment, Action: created, Repo: StudioZeroOrg/tasks
[2026-05-05T21:31:39.649Z] Event: issue_comment, Action: created, Repo: StudioZeroOrg/tasks
[2026-05-05T21:31:40.938Z] Event: issue_comment, Action: created, Repo: StudioZeroOrg/tasks
[2026-05-05T21:31:42.549Z] Event: issue_comment, Action: created, Repo: StudioZeroOrg/tasks
[2026-05-05T21:36:43.407Z] Event: issue_comment, Action: created, Repo: StudioZeroOrg/tasks
[2026-05-05T21:36:44.938Z] Event: issue_comment, Action: created, Repo: StudioZeroOrg/tasks
[2026-05-05T21:36:46.173Z] Event: issue_comment, Action: created, Repo: StudioZeroOrg/tasks
[2026-05-05T21:41:38.378Z] Event: issue_comment, Action: created, Repo: StudioZeroOrg/tasks
[2026-05-05T21:41:39.207Z] Event: issue_comment, Action: created, Repo: StudioZeroOrg/tasks
[2026-05-05T21:41:40.982Z] Event: issue_comment, Action: created, Repo: StudioZeroOrg/tasks
[2026-05-05T21:46:49.188Z] Event: issue_comment, Action: created, Repo: StudioZeroOrg/tasks
[2026-05-05T21:46:50.465Z] Event: issue_comment, Action: created, Repo: StudioZeroOrg/tasks
[2026-05-05T21:46:51.478Z] Event: issue_comment, Action: created, Repo: StudioZeroOrg/tasks
[2026-05-05T21:46:52.882Z] Event: issue_comment, Action: created, Repo: StudioZeroOrg/tasks
[2026-05-05T21:51:39.078Z] Event: issue_comment, Action: created, Repo: StudioZeroOrg/tasks
[2026-05-05T21:51:40.517Z] Event: issue_comment, Action: created, Repo: StudioZeroOrg/tasks
[2026-05-05T21:51:42.105Z] Event: issue_comment, Action: created, Repo: StudioZeroOrg/tasks
[2026-05-05T21:51:43.673Z] Event: issue_comment, Action: created, Repo: StudioZeroOrg/tasks
[2026-05-05T21:56:42.611Z] Event: issue_comment, Action: created, Repo: StudioZeroOrg/tasks
[2026-05-05T21:56:43.044Z] Event: issue_comment, Action: created, Repo: StudioZeroOrg/tasks
[2026-05-05T21:56:44.922Z] Event: issue_comment, Action: created, Repo: StudioZeroOrg/tasks
[2026-05-05T21:56:45.646Z] Event: issue_comment, Action: created, Repo: StudioZeroOrg/tasks
[2026-05-05T22:01:39.083Z] Event: issue_comment, Action: created, Repo: StudioZeroOrg/tasks
[2026-05-05T22:01:40.258Z] Event: issue_comment, Action: created, Repo: StudioZeroOrg/tasks
[2026-05-05T22:01:41.849Z] Event: issue_comment, Action: created, Repo: StudioZeroOrg/tasks
[2026-05-05T22:01:42.893Z] Event: issue_comment, Action: created, Repo: StudioZeroOrg/tasks
[2026-05-05T22:06:40.165Z] Event: issue_comment, Action: created, Repo: StudioZeroOrg/tasks
[2026-05-05T22:06:40.965Z] Event: issue_comment, Action: created, Repo: StudioZeroOrg/tasks
[2026-05-05T22:06:42.241Z] Event: issue_comment, Action: created, Repo: StudioZeroOrg/tasks
[2026-05-05T22:06:43.465Z] Event: issue_comment, Action: created, Repo: StudioZeroOrg/tasks
[2026-05-05T22:12:19.850Z] Event: issue_comment, Action: created, Repo: StudioZeroOrg/tasks
[2026-05-05T22:12:21.135Z] Event: issue_comment, Action: created, Repo: StudioZeroOrg/tasks
[2026-05-05T22:12:22.162Z] Event: issue_comment, Action: created, Repo: StudioZeroOrg/tasks
[2026-05-05T22:12:23.520Z] Event: issue_comment, Action: created, Repo: StudioZeroOrg/tasks
[2026-05-05T22:16:43.329Z] Event: issue_comment, Action: created, Repo: StudioZeroOrg/tasks
[2026-05-05T22:16:44.528Z] Event: issue_comment, Action: created, Repo: StudioZeroOrg/tasks
[2026-05-05T22:16:45.023Z] Event: issue_comment, Action: created, Repo: StudioZeroOrg/tasks
[2026-05-05T22:16:46.920Z] Event: issue_comment, Action: created, Repo: StudioZeroOrg/tasks
[2026-05-05T22:21:46.154Z] Event: issue_comment, Action: created, Repo: StudioZeroOrg/tasks
[2026-05-05T22:21:47.903Z] Event: issue_comment, Action: created, Repo: StudioZeroOrg/tasks
[2026-05-05T22:21:48.998Z] Event: issue_comment, Action: created, Repo: StudioZeroOrg/tasks
[2026-05-05T22:21:49.786Z] Event: issue_comment, Action: created, Repo: StudioZeroOrg/tasks
[2026-05-05T22:26:41.042Z] Event: issue_comment, Action: created, Repo: StudioZeroOrg/tasks
[2026-05-05T22:26:42.110Z] Event: issue_comment, Action: created, Repo: StudioZeroOrg/tasks
[2026-05-05T22:26:42.757Z] Event: issue_comment, Action: created, Repo: StudioZeroOrg/tasks
[2026-05-05T22:26:44.604Z] Event: issue_comment, Action: created, Repo: StudioZeroOrg/tasks
[2026-05-05T22:31:57.808Z] Event: issue_comment, Action: created, Repo: StudioZeroOrg/ssg-apocalypse
[2026-05-05T22:32:00.091Z] Event: issue_comment, Action: created, Repo: StudioZeroOrg/mqtt-privacy-filter
[2026-05-05T22:32:05.688Z] Event: issue_comment, Action: created, Repo: StudioZeroOrg/tasks
[2026-05-05T22:32:05.962Z] Event: issue_comment, Action: created, Repo: StudioZeroOrg/tasks
[2026-05-05T22:32:07.385Z] Event: issue_comment, Action: created, Repo: StudioZeroOrg/tasks
[2026-05-05T22:32:08.293Z] Event: issue_comment, Action: created, Repo: StudioZeroOrg/tasks
[2026-05-05T22:36:30.798Z] Event: issue_comment, Action: created, Repo: StudioZeroOrg/tasks
[2026-05-05T22:36:32.552Z] Event: issue_comment, Action: created, Repo: StudioZeroOrg/tasks
[2026-05-05T22:36:33.694Z] Event: issue_comment, Action: created, Repo: StudioZeroOrg/tasks
[2026-05-05T22:36:35.030Z] Event: issue_comment, Action: created, Repo: StudioZeroOrg/tasks
[2026-05-05T22:41:50.021Z] Event: issue_comment, Action: created, Repo: StudioZeroOrg/tasks
[2026-05-05T22:41:50.830Z] Event: issue_comment, Action: created, Repo: StudioZeroOrg/tasks
[2026-05-05T22:41:52.578Z] Event: issue_comment, Action: created, Repo: StudioZeroOrg/tasks
[2026-05-05T22:41:53.734Z] Event: issue_comment, Action: created, Repo: StudioZeroOrg/tasks
[2026-05-05T22:46:31.928Z] Event: issue_comment, Action: created, Repo: StudioZeroOrg/tasks
[2026-05-05T22:46:32.765Z] Event: issue_comment, Action: created, Repo: StudioZeroOrg/tasks
[2026-05-05T22:46:34.400Z] Event: issue_comment, Action: created, Repo: StudioZeroOrg/tasks
[2026-05-05T22:46:35.173Z] Event: issue_comment, Action: created, Repo: StudioZeroOrg/tasks
[2026-05-05T22:51:37.698Z] Event: issue_comment, Action: created, Repo: StudioZeroOrg/tasks
[2026-05-05T22:51:38.778Z] Event: issue_comment, Action: created, Repo: StudioZeroOrg/tasks
[2026-05-05T22:51:40.148Z] Event: issue_comment, Action: created, Repo: StudioZeroOrg/tasks
[2026-05-05T22:51:41.860Z] Event: issue_comment, Action: created, Repo: StudioZeroOrg/tasks
[2026-05-05T22:56:43.476Z] Event: issue_comment, Action: created, Repo: StudioZeroOrg/ssg-apocalypse
[2026-05-05T22:56:44.038Z] Event: issue_comment, Action: created, Repo: StudioZeroOrg/mqtt-privacy-filter
[2026-05-05T23:01:45.229Z] Event: issue_comment, Action: created, Repo: StudioZeroOrg/tasks
[2026-05-05T23:01:46.470Z] Event: issue_comment, Action: created, Repo: StudioZeroOrg/ssg-apocalypse
[2026-05-05T23:01:47.898Z] Event: issue_comment, Action: created, Repo: StudioZeroOrg/tasks
[2026-05-05T23:01:50.204Z] Event: issue_comment, Action: created, Repo: StudioZeroOrg/tasks
[2026-05-05T23:01:51.785Z] Event: issue_comment, Action: created, Repo: StudioZeroOrg/mqtt-privacy-filter
[2026-05-05T23:01:53.003Z] Event: issue_comment, Action: created, Repo: StudioZeroOrg/tasks
[2026-05-05T23:06:35.618Z] Event: issue_comment, Action: created, Repo: StudioZeroOrg/tasks
[2026-05-05T23:06:36.439Z] Event: issue_comment, Action: created, Repo: StudioZeroOrg/tasks
[2026-05-05T23:06:37.431Z] Event: issue_comment, Action: created, Repo: StudioZeroOrg/tasks
[2026-05-05T23:06:38.963Z] Event: issue_comment, Action: created, Repo: StudioZeroOrg/tasks
[2026-05-05T23:06:39.840Z] Event: issue_comment, Action: created, Repo: StudioZeroOrg/ssg-apocalypse
[2026-05-05T23:06:41.777Z] Event: issue_comment, Action: created, Repo: StudioZeroOrg/mqtt-privacy-filter
[2026-05-05T23:11:38.196Z] Event: issue_comment, Action: created, Repo: StudioZeroOrg/tasks
[2026-05-05T23:11:39.909Z] Event: issue_comment, Action: created, Repo: StudioZeroOrg/tasks
[2026-05-05T23:11:40.540Z] Event: issue_comment, Action: created, Repo: StudioZeroOrg/tasks
[2026-05-05T23:11:41.985Z] Event: issue_comment, Action: created, Repo: StudioZeroOrg/tasks
[2026-05-05T23:11:43.303Z] Event: issue_comment, Action: created, Repo: StudioZeroOrg/ssg-apocalypse
[2026-05-05T23:11:45.708Z] Event: issue_comment, Action: created, Repo: StudioZeroOrg/mqtt-privacy-filter
[2026-05-05T23:16:32.445Z] Event: issue_comment, Action: created, Repo: StudioZeroOrg/tasks
[2026-05-05T23:16:33.729Z] Event: issue_comment, Action: created, Repo: StudioZeroOrg/ssg-apocalypse
[2026-05-05T23:16:35.268Z] Event: issue_comment, Action: created, Repo: StudioZeroOrg/tasks
[2026-05-05T23:16:37.107Z] Event: issue_comment, Action: created, Repo: StudioZeroOrg/tasks
[2026-05-05T23:16:38.566Z] Event: issue_comment, Action: created, Repo: StudioZeroOrg/mqtt-privacy-filter
[2026-05-05T23:16:39.181Z] Event: issue_comment, Action: created, Repo: StudioZeroOrg/tasks
[2026-05-05T23:21:42.164Z] Event: issue_comment, Action: created, Repo: StudioZeroOrg/tasks
[2026-05-05T23:21:43.209Z] Event: issue_comment, Action: created, Repo: StudioZeroOrg/ssg-apocalypse
[2026-05-05T23:21:44.783Z] Event: issue_comment, Action: created, Repo: StudioZeroOrg/tasks
[2026-05-05T23:21:46.703Z] Event: issue_comment, Action: created, Repo: StudioZeroOrg/tasks
[2026-05-05T23:21:47.837Z] Event: issue_comment, Action: created, Repo: StudioZeroOrg/mqtt-privacy-filter
[2026-05-05T23:21:49.369Z] Event: issue_comment, Action: created, Repo: StudioZeroOrg/tasks
[2026-05-05T23:26:40.524Z] Event: issue_comment, Action: created, Repo: StudioZeroOrg/tasks
[2026-05-05T23:26:40.939Z] Event: issue_comment, Action: created, Repo: StudioZeroOrg/tasks
[2026-05-05T23:26:41.884Z] Event: issue_comment, Action: created, Repo: StudioZeroOrg/tasks
[2026-05-05T23:26:44.076Z] Event: issue_comment, Action: created, Repo: StudioZeroOrg/tasks
[2026-05-05T23:31:39.911Z] Event: issue_comment, Action: created, Repo: StudioZeroOrg/tasks
[2026-05-05T23:31:41.665Z] Event: issue_comment, Action: created, Repo: StudioZeroOrg/tasks
[2026-05-05T23:31:42.147Z] Event: issue_comment, Action: created, Repo: StudioZeroOrg/tasks
[2026-05-05T23:31:43.387Z] Event: issue_comment, Action: created, Repo: StudioZeroOrg/tasks
[2026-05-05T23:31:44.520Z] Event: issue_comment, Action: created, Repo: StudioZeroOrg/ssg-apocalypse
[2026-05-05T23:31:45.593Z] Event: issue_comment, Action: created, Repo: StudioZeroOrg/mqtt-privacy-filter
[2026-05-05T23:36:38.301Z] Event: issue_comment, Action: created, Repo: StudioZeroOrg/tasks
[2026-05-05T23:36:39.715Z] Event: issue_comment, Action: created, Repo: StudioZeroOrg/tasks
[2026-05-05T23:36:40.794Z] Event: issue_comment, Action: created, Repo: StudioZeroOrg/tasks
[2026-05-05T23:36:42.200Z] Event: issue_comment, Action: created, Repo: StudioZeroOrg/ssg-apocalypse
[2026-05-05T23:36:44.098Z] Event: issue_comment, Action: created, Repo: StudioZeroOrg/mqtt-privacy-filter
[2026-05-05T23:41:38.909Z] Event: issue_comment, Action: created, Repo: StudioZeroOrg/tasks
[2026-05-05T23:41:40.495Z] Event: issue_comment, Action: created, Repo: StudioZeroOrg/tasks
[2026-05-05T23:41:41.529Z] Event: issue_comment, Action: created, Repo: StudioZeroOrg/tasks
[2026-05-05T23:41:43.009Z] Event: issue_comment, Action: created, Repo: StudioZeroOrg/ssg-apocalypse
[2026-05-05T23:41:44.640Z] Event: issue_comment, Action: created, Repo: StudioZeroOrg/mqtt-privacy-filter
[2026-05-05T23:46:41.453Z] Event: issue_comment, Action: created, Repo: StudioZeroOrg/tasks
[2026-05-05T23:46:41.825Z] Event: issue_comment, Action: created, Repo: StudioZeroOrg/tasks
[2026-05-05T23:46:43.026Z] Event: issue_comment, Action: created, Repo: StudioZeroOrg/tasks
[2026-05-05T23:46:44.409Z] Event: issue_comment, Action: created, Repo: StudioZeroOrg/ssg-apocalypse
[2026-05-05T23:46:46.848Z] Event: issue_comment, Action: created, Repo: StudioZeroOrg/mqtt-privacy-filter
[2026-05-05T23:51:35.382Z] Event: issue_comment, Action: created, Repo: StudioZeroOrg/ssg-apocalypse
[2026-05-05T23:51:35.925Z] Event: issue_comment, Action: created, Repo: StudioZeroOrg/mqtt-privacy-filter
[2026-05-05T23:56:33.543Z] Event: issue_comment, Action: created, Repo: StudioZeroOrg/tasks
[2026-05-05T23:56:34.424Z] Event: issue_comment, Action: created, Repo: StudioZeroOrg/tasks
[2026-05-05T23:56:35.655Z] Event: issue_comment, Action: created, Repo: StudioZeroOrg/tasks
[2026-05-05T23:56:37.354Z] Event: issue_comment, Action: created, Repo: StudioZeroOrg/ssg-apocalypse
[2026-05-05T23:56:39.167Z] Event: issue_comment, Action: created, Repo: StudioZeroOrg/mqtt-privacy-filter
[2026-05-06T00:02:02.202Z] Event: issue_comment, Action: created, Repo: StudioZeroOrg/tasks
[2026-05-06T00:02:03.401Z] Event: issue_comment, Action: created, Repo: StudioZeroOrg/tasks
[2026-05-06T00:02:04.828Z] Event: issue_comment, Action: created, Repo: StudioZeroOrg/tasks
[2026-05-06T00:02:06.552Z] Event: issue_comment, Action: created, Repo: StudioZeroOrg/tasks
[2026-05-06T00:02:10.590Z] Event: issue_comment, Action: created, Repo: StudioZeroOrg/ssg-apocalypse
[2026-05-06T00:02:12.594Z] Event: issue_comment, Action: created, Repo: StudioZeroOrg/mqtt-privacy-filter
[2026-05-06T00:06:47.452Z] Event: issue_comment, Action: created, Repo: StudioZeroOrg/ssg-apocalypse
[2026-05-06T00:06:48.985Z] Event: issue_comment, Action: created, Repo: StudioZeroOrg/mqtt-privacy-filter
[2026-05-06T00:06:50.617Z] Event: issue_comment, Action: created, Repo: StudioZeroOrg/tasks
[2026-05-06T00:06:52.335Z] Event: issue_comment, Action: created, Repo: StudioZeroOrg/tasks
[2026-05-06T00:06:52.994Z] Event: issue_comment, Action: created, Repo: StudioZeroOrg/tasks
[2026-05-06T00:06:54.240Z] Event: issue_comment, Action: created, Repo: StudioZeroOrg/tasks
[2026-05-06T00:11:49.249Z] Event: issue_comment, Action: created, Repo: StudioZeroOrg/ssg-apocalypse
[2026-05-06T00:11:50.371Z] Event: issue_comment, Action: created, Repo: StudioZeroOrg/mqtt-privacy-filter
[2026-05-06T00:16:45.056Z] Event: issue_comment, Action: created, Repo: StudioZeroOrg/ssg-apocalypse
[2026-05-06T00:16:46.978Z] Event: issue_comment, Action: created, Repo: StudioZeroOrg/mqtt-privacy-filter
[2026-05-06T00:16:48.015Z] Event: issue_comment, Action: created, Repo: StudioZeroOrg/tasks
[2026-05-06T00:16:49.156Z] Event: issue_comment, Action: created, Repo: StudioZeroOrg/tasks
[2026-05-06T00:16:50.265Z] Event: issue_comment, Action: created, Repo: StudioZeroOrg/tasks
[2026-05-06T00:21:46.164Z] Event: issue_comment, Action: created, Repo: StudioZeroOrg/ssg-apocalypse
[2026-05-06T00:21:48.006Z] Event: issue_comment, Action: created, Repo: StudioZeroOrg/mqtt-privacy-filter
[2026-05-06T00:21:49.171Z] Event: issue_comment, Action: created, Repo: StudioZeroOrg/tasks
[2026-05-06T00:21:50.031Z] Event: issue_comment, Action: created, Repo: StudioZeroOrg/tasks
[2026-05-06T00:21:51.483Z] Event: issue_comment, Action: created, Repo: StudioZeroOrg/tasks
[2026-05-06T00:26:30.799Z] Event: issue_comment, Action: created, Repo: StudioZeroOrg/tasks
[2026-05-06T00:26:32.561Z] Event: issue_comment, Action: created, Repo: StudioZeroOrg/ssg-apocalypse
[2026-05-06T00:26:33.920Z] Event: issue_comment, Action: created, Repo: StudioZeroOrg/tasks
[2026-05-06T00:26:35.894Z] Event: issue_comment, Action: created, Repo: StudioZeroOrg/tasks
[2026-05-06T00:26:37.120Z] Event: issue_comment, Action: created, Repo: StudioZeroOrg/mqtt-privacy-filter
[2026-05-06T00:26:38.405Z] Event: issue_comment, Action: created, Repo: StudioZeroOrg/tasks
[2026-05-06T00:31:43.610Z] Event: issue_comment, Action: created, Repo: StudioZeroOrg/tasks
[2026-05-06T00:31:44.529Z] Event: issue_comment, Action: created, Repo: StudioZeroOrg/ssg-apocalypse
[2026-05-06T00:31:45.103Z] Event: issue_comment, Action: created, Repo: StudioZeroOrg/tasks
[2026-05-06T00:31:47.473Z] Event: issue_comment, Action: created, Repo: StudioZeroOrg/tasks
[2026-05-06T00:31:49.839Z] Event: issue_comment, Action: created, Repo: StudioZeroOrg/mqtt-privacy-filter
[2026-05-06T00:31:50.723Z] Event: issue_comment, Action: created, Repo: StudioZeroOrg/tasks
[2026-05-06T00:36:42.674Z] Event: issue_comment, Action: created, Repo: StudioZeroOrg/tasks
[2026-05-06T00:36:44.268Z] Event: issue_comment, Action: created, Repo: StudioZeroOrg/tasks
[2026-05-06T00:36:45.100Z] Event: issue_comment, Action: created, Repo: StudioZeroOrg/tasks
[2026-05-06T00:36:46.587Z] Event: issue_comment, Action: created, Repo: StudioZeroOrg/ssg-apocalypse
[2026-05-06T00:36:47.968Z] Event: issue_comment, Action: created, Repo: StudioZeroOrg/mqtt-privacy-filter
[2026-05-06T00:41:40.878Z] Event: issue_comment, Action: created, Repo: StudioZeroOrg/tasks
[2026-05-06T00:41:41.765Z] Event: issue_comment, Action: created, Repo: StudioZeroOrg/tasks
[2026-05-06T00:41:43.202Z] Event: issue_comment, Action: created, Repo: StudioZeroOrg/tasks
[2026-05-06T00:41:43.894Z] Event: issue_comment, Action: created, Repo: StudioZeroOrg/tasks
[2026-05-06T00:46:49.528Z] Event: issue_comment, Action: created, Repo: StudioZeroOrg/tasks
[2026-05-06T00:46:50.982Z] Event: issue_comment, Action: created, Repo: StudioZeroOrg/tasks
[2026-05-06T00:46:51.712Z] Event: issue_comment, Action: created, Repo: StudioZeroOrg/tasks
[2026-05-06T00:46:52.655Z] Event: issue_comment, Action: created, Repo: StudioZeroOrg/tasks
[2026-05-06T00:46:53.813Z] Event: issue_comment, Action: created, Repo: StudioZeroOrg/ssg-apocalypse
[2026-05-06T00:46:56.739Z] Event: issue_comment, Action: created, Repo: StudioZeroOrg/mqtt-privacy-filter
[2026-05-06T00:51:46.412Z] Event: issue_comment, Action: created, Repo: StudioZeroOrg/tasks
[2026-05-06T00:51:47.331Z] Event: issue_comment, Action: created, Repo: StudioZeroOrg/tasks
[2026-05-06T00:51:48.458Z] Event: issue_comment, Action: created, Repo: StudioZeroOrg/tasks
[2026-05-06T00:51:50.298Z] Event: issue_comment, Action: created, Repo: StudioZeroOrg/tasks
[2026-05-06T00:56:34.866Z] Event: issue_comment, Action: created, Repo: StudioZeroOrg/tasks
[2026-05-06T00:56:35.822Z] Event: issue_comment, Action: created, Repo: StudioZeroOrg/tasks
[2026-05-06T00:56:37.341Z] Event: issue_comment, Action: created, Repo: StudioZeroOrg/tasks
[2026-05-06T00:56:38.063Z] Event: issue_comment, Action: created, Repo: StudioZeroOrg/tasks
[2026-05-06T01:01:48.809Z] Event: issue_comment, Action: created, Repo: StudioZeroOrg/tasks
[2026-05-06T01:01:49.719Z] Event: issue_comment, Action: created, Repo: StudioZeroOrg/tasks
[2026-05-06T01:01:51.213Z] Event: issue_comment, Action: created, Repo: StudioZeroOrg/tasks
[2026-05-06T01:01:52.021Z] Event: issue_comment, Action: created, Repo: StudioZeroOrg/tasks
[2026-05-06T01:06:50.865Z] Event: issue_comment, Action: created, Repo: StudioZeroOrg/tasks
[2026-05-06T01:06:52.054Z] Event: issue_comment, Action: created, Repo: StudioZeroOrg/tasks
[2026-05-06T01:06:53.196Z] Event: issue_comment, Action: created, Repo: StudioZeroOrg/tasks
[2026-05-06T01:06:54.670Z] Event: issue_comment, Action: created, Repo: StudioZeroOrg/tasks
[2026-05-06T01:06:54.873Z] Event: issue_comment, Action: created, Repo: StudioZeroOrg/ssg-apocalypse
[2026-05-06T01:06:57.837Z] Event: issue_comment, Action: created, Repo: StudioZeroOrg/mqtt-privacy-filter
[2026-05-06T01:11:40.313Z] Event: issue_comment, Action: created, Repo: StudioZeroOrg/tasks
[2026-05-06T01:11:41.939Z] Event: issue_comment, Action: created, Repo: StudioZeroOrg/tasks
[2026-05-06T01:11:42.957Z] Event: issue_comment, Action: created, Repo: StudioZeroOrg/tasks
[2026-05-06T01:11:44.293Z] Event: issue_comment, Action: created, Repo: StudioZeroOrg/tasks
[2026-05-06T01:16:57.573Z] Event: issue_comment, Action: created, Repo: StudioZeroOrg/tasks
[2026-05-06T01:16:58.490Z] Event: issue_comment, Action: created, Repo: StudioZeroOrg/tasks
[2026-05-06T01:17:00.228Z] Event: issue_comment, Action: created, Repo: StudioZeroOrg/tasks
[2026-05-06T01:17:00.456Z] Event: issue_comment, Action: created, Repo: StudioZeroOrg/tasks
[2026-05-06T01:17:01.725Z] Event: issue_comment, Action: created, Repo: StudioZeroOrg/ssg-apocalypse
[2026-05-06T01:17:04.291Z] Event: issue_comment, Action: created, Repo: StudioZeroOrg/mqtt-privacy-filter
[2026-05-06T01:21:42.379Z] Event: issue_comment, Action: created, Repo: StudioZeroOrg/tasks
[2026-05-06T01:21:43.765Z] Event: issue_comment, Action: created, Repo: StudioZeroOrg/tasks
[2026-05-06T01:21:45.142Z] Event: issue_comment, Action: created, Repo: StudioZeroOrg/tasks
[2026-05-06T01:21:46.066Z] Event: issue_comment, Action: created, Repo: StudioZeroOrg/tasks
[2026-05-06T01:21:46.644Z] Event: issue_comment, Action: created, Repo: StudioZeroOrg/ssg-apocalypse
[2026-05-06T01:21:49.141Z] Event: issue_comment, Action: created, Repo: StudioZeroOrg/mqtt-privacy-filter
[2026-05-06T01:26:34.508Z] Event: issue_comment, Action: created, Repo: StudioZeroOrg/tasks
[2026-05-06T01:26:35.129Z] Event: issue_comment, Action: created, Repo: StudioZeroOrg/tasks
[2026-05-06T01:26:37.109Z] Event: issue_comment, Action: created, Repo: StudioZeroOrg/tasks
[2026-05-06T01:26:38.279Z] Event: issue_comment, Action: created, Repo: StudioZeroOrg/tasks
[2026-05-06T01:31:53.217Z] Event: issue_comment, Action: created, Repo: StudioZeroOrg/tasks
[2026-05-06T01:31:53.855Z] Event: issue_comment, Action: created, Repo: StudioZeroOrg/tasks
[2026-05-06T01:31:55.524Z] Event: issue_comment, Action: created, Repo: StudioZeroOrg/tasks
[2026-05-06T01:31:56.195Z] Event: issue_comment, Action: created, Repo: StudioZeroOrg/tasks
[2026-05-06T01:36:40.021Z] Event: issue_comment, Action: created, Repo: StudioZeroOrg/tasks
[2026-05-06T01:36:41.886Z] Event: issue_comment, Action: created, Repo: StudioZeroOrg/tasks
[2026-05-06T01:36:42.379Z] Event: issue_comment, Action: created, Repo: StudioZeroOrg/tasks
[2026-05-06T01:36:43.444Z] Event: issue_comment, Action: created, Repo: StudioZeroOrg/ssg-apocalypse
[2026-05-06T01:36:46.809Z] Event: issue_comment, Action: created, Repo: StudioZeroOrg/mqtt-privacy-filter
[2026-05-06T01:41:45.931Z] Event: issue_comment, Action: created, Repo: StudioZeroOrg/tasks
[2026-05-06T01:41:47.072Z] Event: issue_comment, Action: created, Repo: StudioZeroOrg/tasks
[2026-05-06T01:41:48.402Z] Event: issue_comment, Action: created, Repo: StudioZeroOrg/tasks
[2026-05-06T01:41:49.588Z] Event: issue_comment, Action: created, Repo: StudioZeroOrg/tasks
[2026-05-06T01:41:50.326Z] Event: issue_comment, Action: created, Repo: StudioZeroOrg/ssg-apocalypse
[2026-05-06T01:41:52.716Z] Event: issue_comment, Action: created, Repo: StudioZeroOrg/mqtt-privacy-filter
[2026-05-06T01:46:39.221Z] Event: issue_comment, Action: created, Repo: StudioZeroOrg/tasks
[2026-05-06T01:46:39.885Z] Event: issue_comment, Action: created, Repo: StudioZeroOrg/tasks
[2026-05-06T01:46:41.014Z] Event: issue_comment, Action: created, Repo: StudioZeroOrg/tasks
[2026-05-06T01:46:42.714Z] Event: issue_comment, Action: created, Repo: StudioZeroOrg/tasks
[2026-05-06T01:51:59.564Z] Event: issue_comment, Action: created, Repo: StudioZeroOrg/tasks
[2026-05-06T01:52:00.634Z] Event: issue_comment, Action: created, Repo: StudioZeroOrg/tasks
[2026-05-06T01:52:01.815Z] Event: issue_comment, Action: created, Repo: StudioZeroOrg/tasks
[2026-05-06T01:52:03.098Z] Event: issue_comment, Action: created, Repo: StudioZeroOrg/tasks
[2026-05-06T01:56:47.347Z] Event: issue_comment, Action: created, Repo: StudioZeroOrg/tasks
[2026-05-06T01:56:48.360Z] Event: issue_comment, Action: created, Repo: StudioZeroOrg/tasks
[2026-05-06T01:56:49.635Z] Event: issue_comment, Action: created, Repo: StudioZeroOrg/tasks
[2026-05-06T01:56:50.733Z] Event: issue_comment, Action: created, Repo: StudioZeroOrg/tasks
[2026-05-06T02:01:47.518Z] Event: issue_comment, Action: created, Repo: StudioZeroOrg/tasks
[2026-05-06T02:01:48.394Z] Event: issue_comment, Action: created, Repo: StudioZeroOrg/tasks
[2026-05-06T02:01:49.651Z] Event: issue_comment, Action: created, Repo: StudioZeroOrg/tasks
[2026-05-06T02:01:50.836Z] Event: issue_comment, Action: created, Repo: StudioZeroOrg/tasks
[2026-05-06T02:01:52.249Z] Event: issue_comment, Action: created, Repo: StudioZeroOrg/ssg-apocalypse
[2026-05-06T02:01:54.244Z] Event: issue_comment, Action: created, Repo: StudioZeroOrg/mqtt-privacy-filter
[2026-05-06T02:06:44.807Z] Event: issue_comment, Action: created, Repo: StudioZeroOrg/ssg-apocalypse
[2026-05-06T02:06:47.304Z] Event: issue_comment, Action: created, Repo: StudioZeroOrg/mqtt-privacy-filter
[2026-05-06T02:06:47.762Z] Event: issue_comment, Action: created, Repo: StudioZeroOrg/tasks
[2026-05-06T02:06:48.988Z] Event: issue_comment, Action: created, Repo: StudioZeroOrg/tasks
[2026-05-06T02:06:50.807Z] Event: issue_comment, Action: created, Repo: StudioZeroOrg/tasks
[2026-05-06T02:06:56.628Z] Event: issue_comment, Action: created, Repo: StudioZeroOrg/tasks
[2026-05-06T02:11:43.445Z] Event: issue_comment, Action: created, Repo: StudioZeroOrg/tasks
[2026-05-06T02:11:44.613Z] Event: issue_comment, Action: created, Repo: StudioZeroOrg/tasks
[2026-05-06T02:11:45.343Z] Event: issue_comment, Action: created, Repo: StudioZeroOrg/tasks
[2026-05-06T02:11:46.664Z] Event: issue_comment, Action: created, Repo: StudioZeroOrg/tasks
[2026-05-06T02:17:06.349Z] Event: issue_comment, Action: created, Repo: StudioZeroOrg/tasks
[2026-05-06T02:17:07.444Z] Event: issue_comment, Action: created, Repo: StudioZeroOrg/tasks
[2026-05-06T02:17:08.553Z] Event: issue_comment, Action: created, Repo: StudioZeroOrg/tasks
[2026-05-06T02:17:10.396Z] Event: issue_comment, Action: created, Repo: StudioZeroOrg/tasks
[2026-05-06T02:17:11.421Z] Event: issue_comment, Action: created, Repo: StudioZeroOrg/ssg-apocalypse
[2026-05-06T02:17:13.085Z] Event: issue_comment, Action: created, Repo: StudioZeroOrg/mqtt-privacy-filter
[2026-05-06T02:22:01.454Z] Event: issue_comment, Action: created, Repo: StudioZeroOrg/tasks
[2026-05-06T02:22:02.511Z] Event: issue_comment, Action: created, Repo: StudioZeroOrg/tasks
[2026-05-06T02:22:03.357Z] Event: issue_comment, Action: created, Repo: StudioZeroOrg/tasks
[2026-05-06T02:22:05.036Z] Event: issue_comment, Action: created, Repo: StudioZeroOrg/tasks
[2026-05-06T02:22:06.160Z] Event: issue_comment, Action: created, Repo: StudioZeroOrg/ssg-apocalypse
[2026-05-06T02:22:08.586Z] Event: issue_comment, Action: created, Repo: StudioZeroOrg/mqtt-privacy-filter
[2026-05-06T02:26:48.299Z] Event: issue_comment, Action: created, Repo: StudioZeroOrg/tasks
[2026-05-06T02:26:49.530Z] Event: issue_comment, Action: created, Repo: StudioZeroOrg/tasks
[2026-05-06T02:26:51.006Z] Event: issue_comment, Action: created, Repo: StudioZeroOrg/tasks
[2026-05-06T02:26:52.030Z] Event: issue_comment, Action: created, Repo: StudioZeroOrg/tasks
[2026-05-06T02:26:53.280Z] Event: issue_comment, Action: created, Repo: StudioZeroOrg/ssg-apocalypse
[2026-05-06T02:26:55.342Z] Event: issue_comment, Action: created, Repo: StudioZeroOrg/mqtt-privacy-filter
[2026-05-06T02:31:53.247Z] Event: issue_comment, Action: created, Repo: StudioZeroOrg/tasks
[2026-05-06T02:31:54.493Z] Event: issue_comment, Action: created, Repo: StudioZeroOrg/tasks
[2026-05-06T02:31:55.379Z] Event: issue_comment, Action: created, Repo: StudioZeroOrg/tasks
[2026-05-06T02:31:56.714Z] Event: issue_comment, Action: created, Repo: StudioZeroOrg/tasks
[2026-05-06T02:36:59.830Z] Event: issue_comment, Action: created, Repo: StudioZeroOrg/tasks
[2026-05-06T02:37:01.381Z] Event: issue_comment, Action: created, Repo: StudioZeroOrg/tasks
[2026-05-06T02:37:03.022Z] Event: issue_comment, Action: created, Repo: StudioZeroOrg/tasks
[2026-05-06T02:37:04.319Z] Event: issue_comment, Action: created, Repo: StudioZeroOrg/tasks
[2026-05-06T02:37:05.281Z] Event: issue_comment, Action: created, Repo: StudioZeroOrg/ssg-apocalypse
[2026-05-06T02:37:07.539Z] Event: issue_comment, Action: created, Repo: StudioZeroOrg/mqtt-privacy-filter
[2026-05-06T02:41:34.164Z] Event: issue_comment, Action: created, Repo: StudioZeroOrg/tasks
[2026-05-06T02:41:34.637Z] Event: issue_comment, Action: created, Repo: StudioZeroOrg/tasks
[2026-05-06T02:41:36.156Z] Event: issue_comment, Action: created, Repo: StudioZeroOrg/tasks
[2026-05-06T02:41:37.902Z] Event: issue_comment, Action: created, Repo: StudioZeroOrg/tasks
[2026-05-06T02:46:44.981Z] Event: issue_comment, Action: created, Repo: StudioZeroOrg/tasks
[2026-05-06T02:46:46.627Z] Event: issue_comment, Action: created, Repo: StudioZeroOrg/tasks
[2026-05-06T02:46:47.239Z] Event: issue_comment, Action: created, Repo: StudioZeroOrg/tasks
[2026-05-06T02:46:48.538Z] Event: issue_comment, Action: created, Repo: StudioZeroOrg/tasks
[2026-05-06T02:51:45.785Z] Event: issue_comment, Action: created, Repo: StudioZeroOrg/tasks
[2026-05-06T02:51:46.429Z] Event: issue_comment, Action: created, Repo: StudioZeroOrg/tasks
[2026-05-06T02:51:47.424Z] Event: issue_comment, Action: created, Repo: StudioZeroOrg/tasks
[2026-05-06T02:51:49.029Z] Event: issue_comment, Action: created, Repo: StudioZeroOrg/tasks
[2026-05-06T02:51:50.221Z] Event: issue_comment, Action: created, Repo: StudioZeroOrg/ssg-apocalypse
[2026-05-06T02:51:51.065Z] Event: issue_comment, Action: created, Repo: StudioZeroOrg/mqtt-privacy-filter
[2026-05-06T02:56:33.860Z] Event: issue_comment, Action: created, Repo: StudioZeroOrg/tasks
[2026-05-06T02:56:35.496Z] Event: issue_comment, Action: created, Repo: StudioZeroOrg/tasks
[2026-05-06T02:56:37.092Z] Event: issue_comment, Action: created, Repo: StudioZeroOrg/tasks
[2026-05-06T02:56:37.486Z] Event: issue_comment, Action: created, Repo: StudioZeroOrg/tasks
[2026-05-06T03:01:45.643Z] Event: issue_comment, Action: created, Repo: StudioZeroOrg/tasks
[2026-05-06T03:01:47.315Z] Event: issue_comment, Action: created, Repo: StudioZeroOrg/tasks
[2026-05-06T03:01:47.868Z] Event: issue_comment, Action: created, Repo: StudioZeroOrg/tasks
[2026-05-06T03:01:49.557Z] Event: issue_comment, Action: created, Repo: StudioZeroOrg/tasks
[2026-05-06T03:01:50.607Z] Event: issue_comment, Action: created, Repo: StudioZeroOrg/ssg-apocalypse
[2026-05-06T03:01:52.681Z] Event: issue_comment, Action: created, Repo: StudioZeroOrg/mqtt-privacy-filter
[2026-05-07T20:32:01.956Z] Event: issue_comment, Action: created, Repo: StudioZeroOrg/tasks
[2026-05-07T20:32:02.420Z] Event: issue_comment, Action: created, Repo: StudioZeroOrg/tasks
[2026-05-07T20:32:04.192Z] Event: issue_comment, Action: created, Repo: StudioZeroOrg/tasks
[2026-05-07T20:32:05.578Z] Event: issue_comment, Action: created, Repo: StudioZeroOrg/tasks
[2026-05-07T20:32:06.482Z] Event: issue_comment, Action: created, Repo: StudioZeroOrg/ssg-apocalypse
[2026-05-07T20:32:07.908Z] Event: issue_comment, Action: created, Repo: StudioZeroOrg/mqtt-privacy-filter
[2026-05-07T20:37:07.539Z] Event: issue_comment, Action: created, Repo: StudioZeroOrg/tasks
[2026-05-07T20:37:08.891Z] Event: issue_comment, Action: created, Repo: StudioZeroOrg/tasks
[2026-05-07T20:37:10.300Z] Event: issue_comment, Action: created, Repo: StudioZeroOrg/tasks
[2026-05-07T20:37:11.999Z] Event: issue_comment, Action: created, Repo: StudioZeroOrg/tasks
[2026-05-07T20:37:12.187Z] Event: issue_comment, Action: created, Repo: StudioZeroOrg/tasks
[2026-05-07T20:37:13.437Z] Event: issue_comment, Action: created, Repo: StudioZeroOrg/tasks
[2026-05-07T20:37:14.575Z] Event: issue_comment, Action: created, Repo: StudioZeroOrg/tasks
[2026-05-07T20:37:16.836Z] Event: issue_comment, Action: created, Repo: StudioZeroOrg/ssg-apocalypse
[2026-05-07T20:37:20.327Z] Event: issue_comment, Action: created, Repo: StudioZeroOrg/mqtt-privacy-filter
[2026-05-07T20:42:01.807Z] Event: issue_comment, Action: created, Repo: StudioZeroOrg/tasks
[2026-05-07T20:42:03.679Z] Event: issue_comment, Action: created, Repo: StudioZeroOrg/tasks
[2026-05-07T20:42:05.078Z] Event: issue_comment, Action: created, Repo: StudioZeroOrg/tasks
[2026-05-07T20:42:06.214Z] Event: issue_comment, Action: created, Repo: StudioZeroOrg/tasks
[2026-05-07T20:42:06.856Z] Event: issue_comment, Action: created, Repo: StudioZeroOrg/ssg-apocalypse
[2026-05-07T20:42:08.792Z] Event: issue_comment, Action: created, Repo: StudioZeroOrg/mqtt-privacy-filter
[2026-05-07T20:46:46.430Z] Event: issue_comment, Action: created, Repo: StudioZeroOrg/tasks
[2026-05-07T20:46:48.131Z] Event: issue_comment, Action: created, Repo: StudioZeroOrg/tasks
[2026-05-07T20:46:48.757Z] Event: issue_comment, Action: created, Repo: StudioZeroOrg/tasks
[2026-05-07T20:46:49.758Z] Event: issue_comment, Action: created, Repo: StudioZeroOrg/tasks
[2026-05-07T20:46:51.006Z] Event: issue_comment, Action: created, Repo: StudioZeroOrg/ssg-apocalypse
[2026-05-07T20:46:52.650Z] Event: issue_comment, Action: created, Repo: StudioZeroOrg/mqtt-privacy-filter
[2026-05-07T20:52:01.612Z] Event: issue_comment, Action: created, Repo: StudioZeroOrg/ssg-apocalypse
[2026-05-07T20:52:05.068Z] Event: issue_comment, Action: created, Repo: StudioZeroOrg/mqtt-privacy-filter
[2026-05-07T20:52:07.307Z] Event: issue_comment, Action: created, Repo: StudioZeroOrg/tasks
[2026-05-07T20:52:07.961Z] Event: issue_comment, Action: created, Repo: StudioZeroOrg/tasks
[2026-05-07T20:52:09.285Z] Event: issue_comment, Action: created, Repo: StudioZeroOrg/tasks
[2026-05-07T20:52:11.494Z] Event: issue_comment, Action: created, Repo: StudioZeroOrg/tasks
[2026-05-07T20:52:12.351Z] Event: issue_comment, Action: created, Repo: StudioZeroOrg/tasks
[2026-05-07T20:52:13.717Z] Event: issue_comment, Action: created, Repo: StudioZeroOrg/tasks
[2026-05-07T20:52:14.566Z] Event: issue_comment, Action: created, Repo: StudioZeroOrg/tasks
[2026-05-07T20:56:53.451Z] Event: issue_comment, Action: created, Repo: StudioZeroOrg/tasks
[2026-05-07T20:56:55.346Z] Event: issue_comment, Action: created, Repo: StudioZeroOrg/tasks
[2026-05-07T20:56:56.315Z] Event: issue_comment, Action: created, Repo: StudioZeroOrg/tasks
[2026-05-07T20:56:57.731Z] Event: issue_comment, Action: created, Repo: StudioZeroOrg/tasks
[2026-05-07T20:56:59.032Z] Event: issue_comment, Action: created, Repo: StudioZeroOrg/ssg-apocalypse
[2026-05-07T20:57:00.309Z] Event: issue_comment, Action: created, Repo: StudioZeroOrg/mqtt-privacy-filter
[2026-05-07T21:02:09.143Z] Event: issue_comment, Action: created, Repo: StudioZeroOrg/ssg-apocalypse
[2026-05-07T21:02:12.661Z] Event: issue_comment, Action: created, Repo: StudioZeroOrg/mqtt-privacy-filter
[2026-05-07T21:02:14.759Z] Event: issue_comment, Action: created, Repo: StudioZeroOrg/tasks
[2026-05-07T21:02:16.437Z] Event: issue_comment, Action: created, Repo: StudioZeroOrg/tasks
[2026-05-07T21:02:17.888Z] Event: issue_comment, Action: created, Repo: StudioZeroOrg/tasks
[2026-05-07T21:02:18.926Z] Event: issue_comment, Action: created, Repo: StudioZeroOrg/tasks
[2026-05-07T21:02:20.681Z] Event: issue_comment, Action: created, Repo: StudioZeroOrg/tasks
[2026-05-07T21:02:34.207Z] Event: issue_comment, Action: created, Repo: StudioZeroOrg/tasks
[2026-05-07T21:02:35.689Z] Event: issue_comment, Action: created, Repo: StudioZeroOrg/tasks
[2026-05-07T21:02:36.568Z] Event: issue_comment, Action: created, Repo: StudioZeroOrg/tasks
[2026-05-07T21:02:37.767Z] Event: issue_comment, Action: created, Repo: StudioZeroOrg/tasks
[2026-05-07T21:02:39.397Z] Event: issue_comment, Action: created, Repo: StudioZeroOrg/ssg-apocalypse
[2026-05-07T21:02:40.880Z] Event: issue_comment, Action: created, Repo: StudioZeroOrg/mqtt-privacy-filter
[2026-05-07T21:07:11.192Z] Event: issue_comment, Action: created, Repo: StudioZeroOrg/mqtt-privacy-filter
[2026-05-07T21:07:12.813Z] Event: issue_comment, Action: created, Repo: StudioZeroOrg/ssg-apocalypse
[2026-05-07T21:07:13.982Z] Event: issue_comment, Action: created, Repo: StudioZeroOrg/tasks
[2026-05-07T21:07:15.268Z] Event: issue_comment, Action: created, Repo: StudioZeroOrg/tasks
[2026-05-07T21:07:16.428Z] Event: issue_comment, Action: created, Repo: StudioZeroOrg/tasks
[2026-05-07T21:07:18.016Z] Event: issue_comment, Action: created, Repo: StudioZeroOrg/tasks
[2026-05-07T21:07:19.289Z] Event: issue_comment, Action: created, Repo: StudioZeroOrg/tasks
[2026-05-07T21:07:21.022Z] Event: issue_comment, Action: created, Repo: StudioZeroOrg/tasks
[2026-05-07T21:07:21.780Z] Event: issue_comment, Action: created, Repo: StudioZeroOrg/tasks
[2026-05-07T21:17:26.941Z] Event: issue_comment, Action: created, Repo: StudioZeroOrg/tasks
[2026-05-07T21:17:28.026Z] Event: issue_comment, Action: created, Repo: StudioZeroOrg/tasks
[2026-05-07T21:17:29.464Z] Event: issue_comment, Action: created, Repo: StudioZeroOrg/tasks
[2026-05-07T21:17:30.680Z] Event: issue_comment, Action: created, Repo: StudioZeroOrg/tasks
[2026-05-07T21:17:31.604Z] Event: issue_comment, Action: created, Repo: StudioZeroOrg/ssg-apocalypse
[2026-05-07T21:17:33.480Z] Event: issue_comment, Action: created, Repo: StudioZeroOrg/mqtt-privacy-filter
[2026-05-07T21:22:02.250Z] Event: issue_comment, Action: created, Repo: StudioZeroOrg/tasks
[2026-05-07T21:22:03.334Z] Event: issue_comment, Action: created, Repo: StudioZeroOrg/tasks
[2026-05-07T21:22:03.980Z] Event: issue_comment, Action: created, Repo: StudioZeroOrg/tasks
[2026-05-07T21:22:06.034Z] Event: issue_comment, Action: created, Repo: StudioZeroOrg/tasks
[2026-05-07T21:22:06.767Z] Event: issue_comment, Action: created, Repo: StudioZeroOrg/ssg-apocalypse
[2026-05-07T21:22:08.570Z] Event: issue_comment, Action: created, Repo: StudioZeroOrg/mqtt-privacy-filter
[2026-05-07T21:27:35.874Z] Event: issue_comment, Action: created, Repo: StudioZeroOrg/tasks
[2026-05-07T21:27:36.428Z] Event: issue_comment, Action: created, Repo: StudioZeroOrg/tasks
[2026-05-07T21:27:37.841Z] Event: issue_comment, Action: created, Repo: StudioZeroOrg/tasks
[2026-05-07T21:27:39.708Z] Event: issue_comment, Action: created, Repo: StudioZeroOrg/tasks
[2026-05-07T21:27:40.232Z] Event: issue_comment, Action: created, Repo: StudioZeroOrg/tasks
[2026-05-07T21:27:42.131Z] Event: issue_comment, Action: created, Repo: StudioZeroOrg/tasks
[2026-05-07T21:27:43.352Z] Event: issue_comment, Action: created, Repo: StudioZeroOrg/tasks
[2026-05-07T21:27:44.265Z] Event: issue_comment, Action: created, Repo: StudioZeroOrg/ssg-apocalypse
[2026-05-07T21:27:46.623Z] Event: issue_comment, Action: created, Repo: StudioZeroOrg/mqtt-privacy-filter
[2026-05-07T21:28:20.046Z] Event: issue_comment, Action: created, Repo: StudioZeroOrg/ssg-apocalypse
[2026-05-07T21:28:23.789Z] Event: issue_comment, Action: created, Repo: StudioZeroOrg/mqtt-privacy-filter
[2026-05-07T21:28:25.162Z] Event: issue_comment, Action: created, Repo: StudioZeroOrg/tasks
[2026-05-07T21:28:26.400Z] Event: issue_comment, Action: created, Repo: StudioZeroOrg/tasks
[2026-05-07T21:28:27.197Z] Event: issue_comment, Action: created, Repo: StudioZeroOrg/tasks
[2026-05-07T21:28:28.204Z] Event: issue_comment, Action: created, Repo: StudioZeroOrg/tasks
[2026-05-07T21:28:30.027Z] Event: issue_comment, Action: created, Repo: StudioZeroOrg/tasks
[2026-05-07T21:28:31.080Z] Event: issue_comment, Action: created, Repo: StudioZeroOrg/tasks
[2026-05-07T21:28:32.097Z] Event: issue_comment, Action: created, Repo: StudioZeroOrg/tasks
[2026-05-07T21:37:41.193Z] Event: issue_comment, Action: created, Repo: StudioZeroOrg/tasks
[2026-05-07T21:37:42.421Z] Event: issue_comment, Action: created, Repo: StudioZeroOrg/tasks
[2026-05-07T21:37:43.469Z] Event: issue_comment, Action: created, Repo: StudioZeroOrg/tasks
[2026-05-07T21:37:45.503Z] Event: issue_comment, Action: created, Repo: StudioZeroOrg/tasks
[2026-05-07T21:37:46.054Z] Event: issue_comment, Action: created, Repo: StudioZeroOrg/ssg-apocalypse
[2026-05-07T21:37:46.891Z] Event: issue_comment, Action: created, Repo: StudioZeroOrg/mqtt-privacy-filter
[2026-05-07T21:42:02.419Z] Event: issue_comment, Action: created, Repo: StudioZeroOrg/ssg-apocalypse
[2026-05-07T21:42:05.862Z] Event: issue_comment, Action: created, Repo: StudioZeroOrg/mqtt-privacy-filter
[2026-05-07T21:42:07.974Z] Event: issue_comment, Action: created, Repo: StudioZeroOrg/tasks
[2026-05-07T21:42:08.280Z] Event: issue_comment, Action: created, Repo: StudioZeroOrg/tasks
[2026-05-07T21:42:10.093Z] Event: issue_comment, Action: created, Repo: StudioZeroOrg/tasks
[2026-05-07T21:42:10.625Z] Event: issue_comment, Action: created, Repo: StudioZeroOrg/tasks
[2026-05-07T21:42:12.267Z] Event: issue_comment, Action: created, Repo: StudioZeroOrg/tasks
[2026-05-07T21:42:14.017Z] Event: issue_comment, Action: created, Repo: StudioZeroOrg/tasks
[2026-05-07T21:42:14.921Z] Event: issue_comment, Action: created, Repo: StudioZeroOrg/tasks
[2026-05-07T21:46:56.220Z] Event: issue_comment, Action: created, Repo: StudioZeroOrg/tasks
[2026-05-07T21:46:57.631Z] Event: issue_comment, Action: created, Repo: StudioZeroOrg/tasks
[2026-05-07T21:46:59.425Z] Event: issue_comment, Action: created, Repo: StudioZeroOrg/tasks
[2026-05-07T21:46:59.825Z] Event: issue_comment, Action: created, Repo: StudioZeroOrg/tasks
[2026-05-07T21:47:02.328Z] Event: issue_comment, Action: created, Repo: StudioZeroOrg/ssg-apocalypse
[2026-05-07T21:47:02.388Z] Event: issue_comment, Action: created, Repo: StudioZeroOrg/mqtt-privacy-filter
[2026-05-07T21:52:14.604Z] Event: issue_comment, Action: created, Repo: StudioZeroOrg/ssg-apocalypse
[2026-05-07T21:52:17.448Z] Event: issue_comment, Action: created, Repo: StudioZeroOrg/mqtt-privacy-filter
[2026-05-07T21:52:18.564Z] Event: issue_comment, Action: created, Repo: StudioZeroOrg/tasks
[2026-05-07T21:52:19.400Z] Event: issue_comment, Action: created, Repo: StudioZeroOrg/tasks
[2026-05-07T21:52:20.697Z] Event: issue_comment, Action: created, Repo: StudioZeroOrg/tasks
[2026-05-07T21:52:21.560Z] Event: issue_comment, Action: created, Repo: StudioZeroOrg/tasks
[2026-05-07T21:52:23.555Z] Event: issue_comment, Action: created, Repo: StudioZeroOrg/tasks
[2026-05-07T21:52:25.030Z] Event: issue_comment, Action: created, Repo: StudioZeroOrg/tasks
[2026-05-07T21:52:26.016Z] Event: issue_comment, Action: created, Repo: StudioZeroOrg/tasks
[2026-05-07T21:57:06.077Z] Event: issue_comment, Action: created, Repo: StudioZeroOrg/ssg-apocalypse
[2026-05-07T21:57:08.940Z] Event: issue_comment, Action: created, Repo: StudioZeroOrg/mqtt-privacy-filter
[2026-05-07T21:57:10.802Z] Event: issue_comment, Action: created, Repo: StudioZeroOrg/tasks
[2026-05-07T21:57:12.439Z] Event: issue_comment, Action: created, Repo: StudioZeroOrg/tasks
[2026-05-07T21:57:13.627Z] Event: issue_comment, Action: created, Repo: StudioZeroOrg/tasks
[2026-05-07T21:57:14.703Z] Event: issue_comment, Action: created, Repo: StudioZeroOrg/tasks
[2026-05-07T21:57:16.399Z] Event: issue_comment, Action: created, Repo: StudioZeroOrg/tasks
[2026-05-07T21:57:16.833Z] Event: issue_comment, Action: created, Repo: StudioZeroOrg/tasks
[2026-05-07T21:57:18.169Z] Event: issue_comment, Action: created, Repo: StudioZeroOrg/tasks
[2026-05-07T22:02:00.254Z] Event: issue_comment, Action: created, Repo: StudioZeroOrg/tasks
[2026-05-07T22:02:01.943Z] Event: issue_comment, Action: created, Repo: StudioZeroOrg/tasks
[2026-05-07T22:02:03.707Z] Event: issue_comment, Action: created, Repo: StudioZeroOrg/tasks
[2026-05-07T22:02:04.450Z] Event: issue_comment, Action: created, Repo: StudioZeroOrg/tasks
[2026-05-07T22:02:05.255Z] Event: issue_comment, Action: created, Repo: StudioZeroOrg/ssg-apocalypse
[2026-05-07T22:02:09.086Z] Event: issue_comment, Action: created, Repo: StudioZeroOrg/mqtt-privacy-filter
[2026-05-08T01:02:00.687Z] Event: issue_comment, Action: created, Repo: StudioZeroOrg/ssg-apocalypse
[2026-05-08T01:02:02.495Z] Event: issue_comment, Action: created, Repo: StudioZeroOrg/mqtt-privacy-filter
[2026-05-08T01:02:04.505Z] Event: issue_comment, Action: created, Repo: StudioZeroOrg/tasks
[2026-05-08T01:02:05.101Z] Event: issue_comment, Action: created, Repo: StudioZeroOrg/tasks
[2026-05-08T01:02:06.962Z] Event: issue_comment, Action: created, Repo: StudioZeroOrg/tasks
[2026-05-08T01:02:09.149Z] Event: issue_comment, Action: created, Repo: StudioZeroOrg/tasks
[2026-05-08T01:02:09.193Z] Event: issue_comment, Action: created, Repo: StudioZeroOrg/tasks
[2026-05-08T01:02:10.556Z] Event: issue_comment, Action: created, Repo: StudioZeroOrg/tasks
[2026-05-08T01:02:12.065Z] Event: issue_comment, Action: created, Repo: StudioZeroOrg/tasks
[2026-05-08T01:06:53.013Z] Event: issue_comment, Action: created, Repo: StudioZeroOrg/ssg-apocalypse
[2026-05-08T01:06:54.256Z] Event: issue_comment, Action: created, Repo: StudioZeroOrg/tasks
[2026-05-08T01:06:56.819Z] Event: issue_comment, Action: created, Repo: StudioZeroOrg/tasks
[2026-05-08T01:06:57.276Z] Event: issue_comment, Action: created, Repo: StudioZeroOrg/mqtt-privacy-filter
[2026-05-08T01:06:58.885Z] Event: issue_comment, Action: created, Repo: StudioZeroOrg/tasks
[2026-05-08T01:07:00.003Z] Event: issue_comment, Action: created, Repo: StudioZeroOrg/tasks
[2026-05-08T01:12:01.583Z] Event: issue_comment, Action: created, Repo: StudioZeroOrg/ssg-apocalypse
[2026-05-08T01:12:03.788Z] Event: issue_comment, Action: created, Repo: StudioZeroOrg/mqtt-privacy-filter
[2026-05-08T01:12:05.425Z] Event: issue_comment, Action: created, Repo: StudioZeroOrg/tasks
[2026-05-08T01:16:50.234Z] Event: issue_comment, Action: created, Repo: StudioZeroOrg/ssg-apocalypse
[2026-05-08T01:16:52.001Z] Event: issue_comment, Action: created, Repo: StudioZeroOrg/mqtt-privacy-filter
[2026-05-08T01:16:53.696Z] Event: issue_comment, Action: created, Repo: StudioZeroOrg/tasks
[2026-05-08T01:16:55.329Z] Event: issue_comment, Action: created, Repo: StudioZeroOrg/tasks
[2026-05-08T01:16:56.640Z] Event: issue_comment, Action: created, Repo: StudioZeroOrg/tasks
[2026-05-08T01:21:51.320Z] Event: issue_comment, Action: created, Repo: StudioZeroOrg/tasks
[2026-05-08T01:21:53.087Z] Event: issue_comment, Action: created, Repo: StudioZeroOrg/tasks
[2026-05-08T01:21:54.511Z] Event: issue_comment, Action: created, Repo: StudioZeroOrg/tasks
[2026-05-08T01:21:55.260Z] Event: issue_comment, Action: created, Repo: StudioZeroOrg/tasks
[2026-05-08T01:21:57.972Z] Event: issue_comment, Action: created, Repo: StudioZeroOrg/mqtt-privacy-filter
[2026-05-08T01:26:43.442Z] Event: issue_comment, Action: created, Repo: StudioZeroOrg/tasks
[2026-05-08T01:26:44.836Z] Event: issue_comment, Action: created, Repo: StudioZeroOrg/tasks
[2026-05-08T01:26:45.918Z] Event: issue_comment, Action: created, Repo: StudioZeroOrg/tasks
[2026-05-08T01:26:47.891Z] Event: issue_comment, Action: created, Repo: StudioZeroOrg/tasks
[2026-05-08T01:26:48.343Z] Event: issue_comment, Action: created, Repo: StudioZeroOrg/ssg-apocalypse
[2026-05-08T01:26:49.823Z] Event: issue_comment, Action: created, Repo: StudioZeroOrg/mqtt-privacy-filter
[2026-05-08T01:32:01.793Z] Event: issue_comment, Action: created, Repo: StudioZeroOrg/tasks
[2026-05-08T01:32:03.383Z] Event: issue_comment, Action: created, Repo: StudioZeroOrg/tasks
[2026-05-08T01:32:04.794Z] Event: issue_comment, Action: created, Repo: StudioZeroOrg/tasks
[2026-05-08T01:32:06.099Z] Event: issue_comment, Action: created, Repo: StudioZeroOrg/tasks
[2026-05-08T01:32:07.022Z] Event: issue_comment, Action: created, Repo: StudioZeroOrg/ssg-apocalypse
[2026-05-08T01:32:09.856Z] Event: issue_comment, Action: created, Repo: StudioZeroOrg/mqtt-privacy-filter
[2026-05-08T01:36:49.436Z] Event: issue_comment, Action: created, Repo: StudioZeroOrg/tasks
[2026-05-08T01:36:51.626Z] Event: issue_comment, Action: created, Repo: StudioZeroOrg/tasks
[2026-05-08T01:36:52.793Z] Event: issue_comment, Action: created, Repo: StudioZeroOrg/tasks
[2026-05-08T01:36:54.294Z] Event: issue_comment, Action: created, Repo: StudioZeroOrg/tasks
[2026-05-08T01:36:54.844Z] Event: issue_comment, Action: created, Repo: StudioZeroOrg/ssg-apocalypse
[2026-05-08T01:36:56.372Z] Event: issue_comment, Action: created, Repo: StudioZeroOrg/mqtt-privacy-filter
[2026-05-08T01:37:08.614Z] Event: issue_comment, Action: created, Repo: StudioZeroOrg/tasks
[2026-05-08T01:37:09.490Z] Event: issue_comment, Action: created, Repo: StudioZeroOrg/tasks
[2026-05-08T01:37:10.563Z] Event: issue_comment, Action: created, Repo: StudioZeroOrg/tasks
[2026-05-08T01:37:11.799Z] Event: issue_comment, Action: created, Repo: StudioZeroOrg/tasks
[2026-05-08T01:37:13.669Z] Event: issue_comment, Action: created, Repo: StudioZeroOrg/ssg-apocalypse
[2026-05-08T01:37:14.391Z] Event: issue_comment, Action: created, Repo: StudioZeroOrg/mqtt-privacy-filter
[2026-05-08T01:41:57.551Z] Event: issue_comment, Action: created, Repo: StudioZeroOrg/ssg-apocalypse
[2026-05-08T01:42:01.713Z] Event: issue_comment, Action: created, Repo: StudioZeroOrg/mqtt-privacy-filter
[2026-05-08T01:42:02.915Z] Event: issue_comment, Action: created, Repo: StudioZeroOrg/tasks
[2026-05-08T01:42:04.302Z] Event: issue_comment, Action: created, Repo: StudioZeroOrg/tasks
[2026-05-08T01:42:05.551Z] Event: issue_comment, Action: created, Repo: StudioZeroOrg/tasks
[2026-05-08T01:42:07.958Z] Event: issue_comment, Action: created, Repo: StudioZeroOrg/tasks
[2026-05-08T01:42:08.643Z] Event: issue_comment, Action: created, Repo: StudioZeroOrg/tasks
[2026-05-08T01:42:09.581Z] Event: issue_comment, Action: created, Repo: StudioZeroOrg/tasks
[2026-05-08T01:42:10.726Z] Event: issue_comment, Action: created, Repo: StudioZeroOrg/tasks
[2026-05-08T01:46:34.706Z] Event: issue_comment, Action: created, Repo: StudioZeroOrg/tasks
[2026-05-08T01:46:35.550Z] Event: issue_comment, Action: created, Repo: StudioZeroOrg/tasks
[2026-05-08T01:46:36.833Z] Event: issue_comment, Action: created, Repo: StudioZeroOrg/tasks
[2026-05-08T01:46:37.577Z] Event: issue_comment, Action: created, Repo: StudioZeroOrg/tasks
[2026-05-08T01:46:39.264Z] Event: issue_comment, Action: created, Repo: StudioZeroOrg/ssg-apocalypse
[2026-05-08T01:46:40.057Z] Event: issue_comment, Action: created, Repo: StudioZeroOrg/mqtt-privacy-filter
[2026-05-08T01:46:46.512Z] Event: issue_comment, Action: created, Repo: StudioZeroOrg/tasks
[2026-05-08T01:46:47.925Z] Event: issue_comment, Action: created, Repo: StudioZeroOrg/tasks
[2026-05-08T01:46:49.220Z] Event: issue_comment, Action: created, Repo: StudioZeroOrg/tasks
[2026-05-08T01:46:50.025Z] Event: issue_comment, Action: created, Repo: StudioZeroOrg/tasks
[2026-05-08T01:46:51.383Z] Event: issue_comment, Action: created, Repo: StudioZeroOrg/ssg-apocalypse
[2026-05-08T01:46:52.423Z] Event: issue_comment, Action: created, Repo: StudioZeroOrg/mqtt-privacy-filter
[2026-05-08T01:51:30.965Z] Event: issue_comment, Action: created, Repo: StudioZeroOrg/tasks
[2026-05-08T01:51:33.088Z] Event: issue_comment, Action: created, Repo: StudioZeroOrg/tasks
[2026-05-08T01:51:33.547Z] Event: issue_comment, Action: created, Repo: StudioZeroOrg/tasks
[2026-05-08T01:51:34.990Z] Event: issue_comment, Action: created, Repo: StudioZeroOrg/tasks
[2026-05-08T01:51:35.745Z] Event: issue_comment, Action: created, Repo: StudioZeroOrg/ssg-apocalypse
[2026-05-08T01:51:37.320Z] Event: issue_comment, Action: created, Repo: StudioZeroOrg/mqtt-privacy-filter
[2026-05-08T01:56:45.387Z] Event: issue_comment, Action: created, Repo: StudioZeroOrg/tasks
[2026-05-08T01:56:46.346Z] Event: issue_comment, Action: created, Repo: StudioZeroOrg/tasks
[2026-05-08T01:56:47.477Z] Event: issue_comment, Action: created, Repo: StudioZeroOrg/tasks
[2026-05-08T01:56:48.897Z] Event: issue_comment, Action: created, Repo: StudioZeroOrg/tasks
[2026-05-08T01:56:50.063Z] Event: issue_comment, Action: created, Repo: StudioZeroOrg/ssg-apocalypse
[2026-05-08T01:56:51.444Z] Event: issue_comment, Action: created, Repo: StudioZeroOrg/mqtt-privacy-filter
[2026-05-08T02:01:55.612Z] Event: issue_comment, Action: created, Repo: StudioZeroOrg/ssg-apocalypse
[2026-05-08T02:01:58.082Z] Event: issue_comment, Action: created, Repo: StudioZeroOrg/mqtt-privacy-filter
[2026-05-08T02:06:44.837Z] Event: issue_comment, Action: created, Repo: StudioZeroOrg/tasks
[2026-05-08T02:06:46.552Z] Event: issue_comment, Action: created, Repo: StudioZeroOrg/tasks
[2026-05-08T02:06:47.389Z] Event: issue_comment, Action: created, Repo: StudioZeroOrg/tasks
[2026-05-08T02:06:48.911Z] Event: issue_comment, Action: created, Repo: StudioZeroOrg/tasks
[2026-05-08T02:06:49.411Z] Event: issue_comment, Action: created, Repo: StudioZeroOrg/ssg-apocalypse
[2026-05-08T02:06:51.235Z] Event: issue_comment, Action: created, Repo: StudioZeroOrg/mqtt-privacy-filter
[2026-05-08T02:11:44.036Z] Event: issue_comment, Action: created, Repo: StudioZeroOrg/tasks
[2026-05-08T02:11:44.647Z] Event: issue_comment, Action: created, Repo: StudioZeroOrg/tasks
[2026-05-08T02:11:46.741Z] Event: issue_comment, Action: created, Repo: StudioZeroOrg/tasks
[2026-05-08T02:11:47.311Z] Event: issue_comment, Action: created, Repo: StudioZeroOrg/tasks
[2026-05-08T02:11:48.442Z] Event: issue_comment, Action: created, Repo: StudioZeroOrg/ssg-apocalypse
[2026-05-08T02:11:49.753Z] Event: issue_comment, Action: created, Repo: StudioZeroOrg/mqtt-privacy-filter
[2026-05-08T02:16:49.897Z] Event: issue_comment, Action: created, Repo: StudioZeroOrg/ssg-apocalypse
[2026-05-08T02:16:52.582Z] Event: issue_comment, Action: created, Repo: StudioZeroOrg/mqtt-privacy-filter
[2026-05-08T02:16:54.155Z] Event: issue_comment, Action: created, Repo: StudioZeroOrg/tasks
[2026-05-08T02:16:54.988Z] Event: issue_comment, Action: created, Repo: StudioZeroOrg/tasks
[2026-05-08T02:16:56.378Z] Event: issue_comment, Action: created, Repo: StudioZeroOrg/tasks
[2026-05-08T02:16:57.640Z] Event: issue_comment, Action: created, Repo: StudioZeroOrg/tasks
[2026-05-08T02:22:13.710Z] Event: issue_comment, Action: created, Repo: StudioZeroOrg/tasks
[2026-05-08T02:22:15.253Z] Event: issue_comment, Action: created, Repo: StudioZeroOrg/tasks
[2026-05-08T02:22:16.368Z] Event: issue_comment, Action: created, Repo: StudioZeroOrg/tasks
[2026-05-08T02:22:17.403Z] Event: issue_comment, Action: created, Repo: StudioZeroOrg/tasks
